
> spark-photo-studio@0.0.0 build
> tsc -b && vite build

[36mvite v6.4.2 [32mbuilding for production...[36m[39m
transforming...
[32m✓[39m 2704 modules transformed.
rendering chunks...
runtime: VirtualAlloc of 8192 bytes failed with errno=1455
fatal error: out of memory

runtime stack:
runtime.throw({0xdc76e2?, 0xc003c97000?})
	runtime/panic.go:1073 +0x4d fp=0xb2edff630 sp=0xb2edff600 pc=0x80f4cd
runtime.sysUsedOS(0xc003c96000, 0x2000)
	runtime/mem_windows.go:83 +0x1bb fp=0xb2edff690 sp=0xb2edff630 pc=0x7b4abb
runtime.sysUsed(...)
	runtime/mem.go:77
runtime.(*mheap).allocSpan(0x11a0fc0, 0x1, 0x0, 0x17)
	runtime/mheap.go:1345 +0x487 fp=0xb2edff738 sp=0xb2edff690 pc=0x7c71e7
runtime.(*mheap).alloc.func1()
	runtime/mheap.go:962 +0x5c fp=0xb2edff780 sp=0xb2edff738 pc=0x7c699c
runtime.systemstack(0xc0000568c0)
	runtime/asm_amd64.s:514 +0x49 fp=0xb2edff790 sp=0xb2edff780 pc=0x815709

goroutine 7118 gp=0xc0004e9a40 m=3 mp=0xc000063008 [running]:
runtime.systemstack_switch()
	runtime/asm_amd64.s:479 +0x8 fp=0xc002d6b078 sp=0xc002d6b068 pc=0x8156a8
runtime.(*mheap).alloc(0x0?, 0xc002d6b130?, 0x8a?)
	runtime/mheap.go:956 +0x5b fp=0xc002d6b0c0 sp=0xc002d6b078 pc=0x7c68fb
runtime.(*mcentral).grow(0x900000000?)
	runtime/mcentral.go:252 +0x36 fp=0xc002d6b0f0 sp=0xc002d6b0c0 pc=0x7b4256
runtime.(*mcentral).cacheSpan(0x11b2580)
	runtime/mcentral.go:170 +0x405 fp=0xc002d6b168 sp=0xc002d6b0f0 pc=0x7b40e5
runtime.(*mcache).refill(0x13353cb0a28, 0x17?)
	runtime/mcache.go:182 +0x153 fp=0xc002d6b1a8 sp=0xc002d6b168 pc=0x7b3713
runtime.(*mcache).nextFree(0x13353cb0a28, 0x17)
	runtime/malloc.go:945 +0x85 fp=0xc002d6b1e0 sp=0xc002d6b1a8 pc=0x7adc45
runtime.mallocgc(0x90, 0xd7f080, 0x1)
	runtime/malloc.go:1161 +0x4cd fp=0xc002d6b280 sp=0xc002d6b1e0 pc=0x80a8ad
runtime.newobject(...)
	runtime/malloc.go:1386
runtime.(*hmap).newoverflow(0xc003c90930, 0xd42c40, 0xc00083f440)
	runtime/map.go:256 +0xca fp=0xc002d6b2e0 sp=0xc002d6b280 pc=0x7ae70a
runtime.mapassign_fast64(0xd42c40, 0xc003c90930, 0x9df00000001)
	runtime/map_fast64.go:183 +0x248 fp=0xc002d6b320 sp=0xc002d6b2e0 pc=0x80cda8
github.com/evanw/esbuild/internal/js_parser.(*parser).convertSymbolUseToCall(0xc003796008, {0xeaace0?, 0x0?}, 0x0)
	github.com/evanw/esbuild/internal/js_parser/js_parser.go:16539 +0x16a fp=0xc002d6b368 sp=0xc002d6b320 pc=0xb5e6ca
github.com/evanw/esbuild/internal/js_parser.(*parser).visitExprInOut(0xc003796008, {{0xeaacc0, 0xc0019088c0}, {0x38a50}}, {0x0, 0x0, 0x0, 0x0, 0x0, 0x0})
	github.com/evanw/esbuild/internal/js_parser/js_parser.go:15208 +0x9eb2 fp=0xc002d6be18 sp=0xc002d6b368 pc=0xb51812
github.com/evanw/esbuild/internal/js_parser.(*parser).visitExpr(0xc002d6c2b8?, {{0xeaacc0?, 0xc0019088c0?}, {0x2d6bf08?}})
	github.com/evanw/esbuild/internal/js_parser/js_parser.go:12987 +0x2b fp=0xc002d6be50 sp=0xc002d6be18 pc=0xb45f8b
github.com/evanw/esbuild/internal/js_parser.(*parser).visitAndAppendStmt(0xc003796008, {0xc003c8bb48, 0x0, 0x1}, {{0xeaae40?, 0xc0011f5590?}, {0xd?}})
	github.com/evanw/esbuild/internal/js_parser/js_parser.go:10793 +0x21c5 fp=0xc002d6c348 sp=0xc002d6be50 pc=0xb34f65
github.com/evanw/esbuild/internal/js_parser.(*parser).visitStmts(0xc003796008, {0xc0011f55a8, 0x1, 0x10?}, 0x3)
	github.com/evanw/esbuild/internal/js_parser/js_parser.go:8929 +0x545 fp=0xc002d6c698 sp=0xc002d6c348 pc=0xb284e5
github.com/evanw/esbuild/internal/js_parser.(*parser).visitStmtsAndPrependTempRefs(0xc003796008, {0xc0011f55a8?, 0x1?, 0x0?}, {0x0?, 0x8?})
	github.com/evanw/esbuild/internal/js_parser/js_parser.go:8800 +0xae fp=0xc002d6c800 sp=0xc002d6c698 pc=0xb272ee
github.com/evanw/esbuild/internal/js_parser.(*parser).visitExprInOut(0xc003796008, {{0xeaab60, 0xc0019027d0}, {0x38a4a}}, {0x0, 0x0, 0x0, 0x0, 0x0, 0x0})
	github.com/evanw/esbuild/internal/js_parser/js_parser.go:15567 +0x4b34 fp=0xc002d6d2b0 sp=0xc002d6c800 pc=0xb4c494
github.com/evanw/esbuild/internal/js_parser.(*parser).visitExpr(0xc003796008?, {{0xeaab60?, 0xc0019027d0?}, {0x19019b0?}})
	github.com/evanw/esbuild/internal/js_parser/js_parser.go:12987 +0x2b fp=0xc002d6d2e8 sp=0xc002d6d2b0 pc=0xb45f8b
github.com/evanw/esbuild/internal/js_parser.(*parser).visitExprInOut(0xc003796008, {{0xeaacc0, 0xc001908900}, {0x38a39}}, {0x0, 0x0, 0x0, 0x0, 0x0, 0x0})
	github.com/evanw/esbuild/internal/js_parser/js_parser.go:15008 +0x70b1 fp=0xc002d6dd98 sp=0xc002d6d2e8 pc=0xb4ea11
github.com/evanw/esbuild/internal/js_parser.(*parser).visitExpr(0xd42be0?, {{0xeaacc0?, 0xc001908900?}, {0xb5e79e?}})
	github.com/evanw/esbuild/internal/js_parser/js_parser.go:12987 +0x2b fp=0xc002d6ddd0 sp=0xc002d6dd98 pc=0xb45f8b
github.com/evanw/esbuild/internal/js_parser.(*parser).visitAndAppendStmt(0xc003796008, {0xc003c8bb30, 0x0, 0x1}, {{0xeaad20?, 0xc00146f200?}, {0xeaace0?}})
	github.com/evanw/esbuild/internal/js_parser/js_parser.go:10759 +0xa95 fp=0xc002d6e2c8 sp=0xc002d6ddd0 pc=0xb33835
github.com/evanw/esbuild/internal/js_parser.(*parser).visitStmts(0xc003796008, {0xc0011f55d8, 0x1, 0x1?}, 0x0)
	github.com/evanw/esbuild/internal/js_parser/js_parser.go:8929 +0x545 fp=0xc002d6e618 sp=0xc002d6e2c8 pc=0xb284e5
github.com/evanw/esbuild/internal/js_parser.(*parser).visitSingleStmt(0xc003796008, {{0xeab020?, 0xc00146f220?}, {0x7?}}, 0x0)
	github.com/evanw/esbuild/internal/js_parser/js_parser.go:9896 +0x24d fp=0xc002d6e800 sp=0xc002d6e618 pc=0xb2f7ad
github.com/evanw/esbuild/internal/js_parser.(*parser).visitAndAppendStmt(0xc003796008, {0xc002c10b00, 0x6, 0x7}, {{0xeab0c0?, 0xc001902820?}, {0xe0deb8?}})
	github.com/evanw/esbuild/internal/js_parser/js_parser.go:10880 +0x322e fp=0xc002d6ecf8 sp=0xc002d6e800 pc=0xb35fce
github.com/evanw/esbuild/internal/js_parser.(*parser).visitStmts(0xc003796008, {0xc0010652c0, 0x7, 0xc0004e9a40?}, 0x3)
	github.com/evanw/esbuild/internal/js_parser/js_parser.go:8929 +0x545 fp=0xc002d6f048 sp=0xc002d6ecf8 pc=0xb284e5
github.com/evanw/esbuild/internal/js_parser.(*parser).visitStmtsAndPrependTempRefs(0xc003796008, {0xc0010652c0?, 0x8?, 0xc001839900?}, {0xc0011feac0?, 0x8?})
	github.com/evanw/esbuild/internal/js_parser/js_parser.go:8800 +0xae fp=0xc002d6f1b0 sp=0xc002d6f048 pc=0xb272ee
github.com/evanw/esbuild/internal/js_parser.(*parser).visitFn(0xc003796008, 0xc0011fea80, {0x2d6f568?}, {0xc0?, 0x0?, 0x0?})
	github.com/evanw/esbuild/internal/js_parser/js_parser.go:16925 +0x417 fp=0xc002d6f308 sp=0xc002d6f1b0 pc=0xb60f17
github.com/evanw/esbuild/internal/js_parser.(*parser).visitExprInOut(0xc003796008, {{0xeaab40, 0xc0011fea80}, {0x3891b}}, {0x1, 0x0, 0x0, 0x0, 0x0, 0x0})
	github.com/evanw/esbuild/internal/js_parser/js_parser.go:15610 +0x46fe fp=0xc002d6fdb8 sp=0xc002d6f308 pc=0xb4c05e
github.com/evanw/esbuild/internal/js_parser.(*parser).visitClass(0xc003796008, {0x3c908a0?}, 0xc0011ff180, {0x6?, 0x0?}, {0x0, 0x0})
	github.com/evanw/esbuild/internal/js_parser/js_parser.go:12157 +0x1e91 fp=0xc002d70060 sp=0xc002d6fdb8 pc=0xb3fef1
github.com/evanw/esbuild/internal/js_parser.(*parser).visitAndAppendStmt(0xc003796008, {0xc003c8b908, 0x0, 0x1}, {{0xeaae20?, 0xc0011ff180?}, {0x6?}})
	github.com/evanw/esbuild/internal/js_parser/js_parser.go:11283 +0x3838 fp=0xc002d70558 sp=0xc002d70060 pc=0xb365d8
github.com/evanw/esbuild/internal/js_parser.(*parser).visitStmts(0xc003796008, {0xc003c8b8f0, 0x1, 0x7b26d3?}, 0x0)
	github.com/evanw/esbuild/internal/js_parser/js_parser.go:8929 +0x545 fp=0xc002d708a8 sp=0xc002d70558 pc=0xb284e5
github.com/evanw/esbuild/internal/js_parser.(*parser).visitStmtsAndPrependTempRefs(0xc003796008, {0xc003c8b8f0?, 0x7bf257?, 0x11dfea0?}, {0x0?, 0x98?})
	github.com/evanw/esbuild/internal/js_parser/js_parser.go:8800 +0xae fp=0xc002d70a10 sp=0xc002d708a8 pc=0xb272ee
github.com/evanw/esbuild/internal/js_parser.(*parser).appendPart(0xc003796008, {0xc00392c000, 0x1ba, 0x286}, {0xc003c8b8f0, 0x1, 0x1})
	github.com/evanw/esbuild/internal/js_parser/js_parser.go:17374 +0x125 fp=0xc002d70bd0 sp=0xc002d70a10 pc=0xb645e5
github.com/evanw/esbuild/internal/js_parser.Parse({_, _, _, _, _, _}, {{{0xc0001a85ad, 0x20}, {0xc0001a85ad, 0x20}}, ...}, ...)
	github.com/evanw/esbuild/internal/js_parser/js_parser.go:17790 +0x1b53 fp=0xc002d716b0 sp=0xc002d70bd0 pc=0xb67013
github.com/evanw/esbuild/internal/cache.(*JSCache).Parse(_, {_, _, _, _, _, _}, {{{0xc0001a85ad, 0x20}, {0xc0001a85ad, ...}}, ...}, ...)
	github.com/evanw/esbuild/internal/cache/cache_ast.go:170 +0x245 fp=0xc002d71da8 sp=0xc002d716b0 pc=0xbac0a5
github.com/evanw/esbuild/internal/bundler.parseFile({{0xeb20b0, 0xc000879840}, {0xc002ee4620, 0xc003762c60, 0xc003762c78, 0xc002ef5f00, 0x6, 0xc0004bb2c0}, 0xc0027d9b08, 0xc0028023c0, ...})
	github.com/evanw/esbuild/internal/bundler/bundler.go:265 +0xb45 fp=0xc002d73608 sp=0xc002d71da8 pc=0xbea065
github.com/evanw/esbuild/internal/bundler.(*scanner).maybeParseFile.gowrap1()
	github.com/evanw/esbuild/internal/bundler/bundler.go:1620 +0x2fa fp=0xc002d73fe0 sp=0xc002d73608 pc=0xbf769a
runtime.goexit({})
	runtime/asm_amd64.s:1700 +0x1 fp=0xc002d73fe8 sp=0xc002d73fe0 pc=0x8176c1
created by github.com/evanw/esbuild/internal/bundler.(*scanner).maybeParseFile in goroutine 6165
	github.com/evanw/esbuild/internal/bundler/bundler.go:1620 +0xdae

goroutine 1 gp=0xc000056000 m=4 mp=0xc000063808 [syscall]:
runtime.cgocall(0x818ea0, 0xc000063b48)
	runtime/cgocall.go:167 +0x3e fp=0xc0003b5ab0 sp=0xc0003b5a48 pc=0x809b1e
runtime.syscall_syscalln(0xc000063808?, 0xc000c7dbc0?, {0xc0003b5af8?, 0xc0003b5b20?, 0x7e4f1f?})
	runtime/syscall_windows.go:521 +0x4e fp=0xc0003b5ad0 sp=0xc0003b5ab0 pc=0x7f742e
syscall.Syscall6(0xc000c7db90?, 0xdc2df6?, 0x7?, 0x0?, 0x24e017bff45?, 0x6?, 0x31aeb10?, 0xc0003b5bb0?)
	runtime/syscall_windows.go:463 +0x38 fp=0xc0003b5b38 sp=0xc0003b5ad0 pc=0x813398
syscall.readFile(0x274, {0xc000170000?, 0x4000, 0x86b37f?}, 0xc0003b5c68?, 0x800000?)
	syscall/zsyscall_windows.go:1019 +0x8b fp=0xc0003b5ba8 sp=0xc0003b5b38 pc=0x8520cb
syscall.ReadFile(...)
	syscall/syscall_windows.go:446
syscall.Read(0xc00007c008?, {0xc000170000?, 0x280?, 0x0?})
	syscall/syscall_windows.go:425 +0x2d fp=0xc0003b5c00 sp=0xc0003b5ba8 pc=0x84e7ed
internal/poll.(*FD).Read(0xc00007c008, {0xc000170000, 0x4000, 0x4000})
	internal/poll/fd_windows.go:424 +0x1b9 fp=0xc0003b5ca8 sp=0xc0003b5c00 pc=0x86cad9
os.(*File).read(...)
	os/file_posix.go:29
os.(*File).Read(0xc0000600b8, {0xc000170000?, 0x4000?, 0x4000?})
	os/file.go:124 +0x52 fp=0xc0003b5ce8 sp=0xc0003b5ca8 pc=0x871632
main.runService(0x1)
	github.com/evanw/esbuild/cmd/esbuild/service.go:134 +0x37e fp=0xc0003b5e10 sp=0xc0003b5ce8 pc=0xcde25e
main.main()
	github.com/evanw/esbuild/cmd/esbuild/main.go:252 +0xb8b fp=0xc0003b5f50 sp=0xc0003b5e10 pc=0xcdca4b
runtime.main()
	runtime/proc.go:272 +0x27d fp=0xc0003b5fe0 sp=0xc0003b5f50 pc=0x7db57d
runtime.goexit({})
	runtime/asm_amd64.s:1700 +0x1 fp=0xc0003b5fe8 sp=0xc0003b5fe0 pc=0x8176c1

goroutine 2 gp=0xc000056700 m=nil [force gc (idle)]:
runtime.gopark(0x0?, 0x0?, 0x0?, 0x0?, 0x0?)
	runtime/proc.go:424 +0xce fp=0xc000059fa8 sp=0xc000059f88 pc=0x80f5ee
runtime.goparkunlock(...)
	runtime/proc.go:430
runtime.forcegchelper()
	runtime/proc.go:337 +0xb8 fp=0xc000059fe0 sp=0xc000059fa8 pc=0x7db898
runtime.goexit({})
	runtime/asm_amd64.s:1700 +0x1 fp=0xc000059fe8 sp=0xc000059fe0 pc=0x8176c1
created by runtime.init.7 in goroutine 1
	runtime/proc.go:325 +0x1a

goroutine 3 gp=0xc000056a80 m=nil [GC sweep wait]:
runtime.gopark(0x1196501?, 0x0?, 0x0?, 0x0?, 0x0?)
	runtime/proc.go:424 +0xce fp=0xc00005bf80 sp=0xc00005bf60 pc=0x80f5ee
runtime.goparkunlock(...)
	runtime/proc.go:430
runtime.bgsweep(0xc000030080)
	runtime/mgcsweep.go:317 +0xdf fp=0xc00005bfc8 sp=0xc00005bf80 pc=0x7c323f
runtime.gcenable.gowrap1()
	runtime/mgc.go:204 +0x25 fp=0xc00005bfe0 sp=0xc00005bfc8 pc=0x7b7925
runtime.goexit({})
	runtime/asm_amd64.s:1700 +0x1 fp=0xc00005bfe8 sp=0xc00005bfe0 pc=0x8176c1
created by runtime.gcenable in goroutine 1
	runtime/mgc.go:204 +0x66

goroutine 4 gp=0xc000056c40 m=nil [GC scavenge wait]:
runtime.gopark(0x10000?, 0x77042?, 0x0?, 0x0?, 0x0?)
	runtime/proc.go:424 +0xce fp=0xc00006bf78 sp=0xc00006bf58 pc=0x80f5ee
runtime.goparkunlock(...)
	runtime/proc.go:430
runtime.(*scavengerState).park(0x1196be0)
	runtime/mgcscavenge.go:425 +0x49 fp=0xc00006bfa8 sp=0xc00006bf78 pc=0x7c0c29
runtime.bgscavenge(0xc000030080)
	runtime/mgcscavenge.go:658 +0x59 fp=0xc00006bfc8 sp=0xc00006bfa8 pc=0x7c11b9
runtime.gcenable.gowrap2()
	runtime/mgc.go:205 +0x25 fp=0xc00006bfe0 sp=0xc00006bfc8 pc=0x7b78c5
runtime.goexit({})
	runtime/asm_amd64.s:1700 +0x1 fp=0xc00006bfe8 sp=0xc00006bfe0 pc=0x8176c1
created by runtime.gcenable in goroutine 1
	runtime/mgc.go:205 +0xa5

goroutine 5 gp=0xc000056fc0 m=nil [finalizer wait]:
runtime.gopark(0x0?, 0x0?, 0x0?, 0x0?, 0x0?)
	runtime/proc.go:424 +0xce fp=0xc00006de20 sp=0xc00006de00 pc=0x80f5ee
runtime.runfinq()
	runtime/mfinal.go:193 +0x107 fp=0xc00006dfe0 sp=0xc00006de20 pc=0x7b69e7
runtime.goexit({})
	runtime/asm_amd64.s:1700 +0x1 fp=0xc00006dfe8 sp=0xc00006dfe0 pc=0x8176c1
created by runtime.createfing in goroutine 1
	runtime/mfinal.go:163 +0x3d

goroutine 6 gp=0xc000138540 m=nil [chan receive]:
runtime.gopark(0xc000067f60?, 0x966085?, 0xb0?, 0x59?, 0xeb6540?)
	runtime/proc.go:424 +0xce fp=0xc000067f18 sp=0xc000067ef8 pc=0x80f5ee
runtime.chanrecv(0xc0000281c0, 0x0, 0x1)
	runtime/chan.go:639 +0x41e fp=0xc000067f90 sp=0xc000067f18 pc=0x7a70de
runtime.chanrecv1(0x0?, 0x0?)
	runtime/chan.go:489 +0x12 fp=0xc000067fb8 sp=0xc000067f90 pc=0x7a6c92
runtime.unique_runtime_registerUniqueMapCleanup.func1(...)
	runtime/mgc.go:1782
runtime.unique_runtime_registerUniqueMapCleanup.gowrap1()
	runtime/mgc.go:1785 +0x2f fp=0xc000067fe0 sp=0xc000067fb8 pc=0x7ba8cf
runtime.goexit({})
	runtime/asm_amd64.s:1700 +0x1 fp=0xc000067fe8 sp=0xc000067fe0 pc=0x8176c1
created by unique.runtime_registerUniqueMapCleanup in goroutine 1
	runtime/mgc.go:1780 +0x96

goroutine 7 gp=0xc000138700 m=nil [chan receive]:
runtime.gopark(0x0?, 0xc0010a0600?, 0x0?, 0x0?, 0xc0038b8000?)
	runtime/proc.go:424 +0xce fp=0xc00005dee0 sp=0xc00005dec0 pc=0x80f5ee
runtime.chanrecv(0xc000028230, 0xc00005dfb0, 0x1)
	runtime/chan.go:639 +0x41e fp=0xc00005df58 sp=0xc00005dee0 pc=0x7a70de
runtime.chanrecv2(0xc0000600c0?, 0xc0038b8000?)
	runtime/chan.go:494 +0x12 fp=0xc00005df80 sp=0xc00005df58 pc=0x7a6cb2
main.runService.func1()
	github.com/evanw/esbuild/cmd/esbuild/service.go:98 +0x45 fp=0xc00005dfe0 sp=0xc00005df80 pc=0xcde705
runtime.goexit({})
	runtime/asm_amd64.s:1700 +0x1 fp=0xc00005dfe8 sp=0xc00005dfe0 pc=0x8176c1
created by main.runService in goroutine 1
	github.com/evanw/esbuild/cmd/esbuild/service.go:97 +0x1db

goroutine 8 gp=0xc0001388c0 m=nil [sleep]:
runtime.gopark(0x191ae9113628?, 0xc000c7db30?, 0x80?, 0x3?, 0x21?)
	runtime/proc.go:424 +0xce fp=0xc000069f68 sp=0xc000069f48 pc=0x80f5ee
time.Sleep(0x3b9aca00)
	runtime/time.go:300 +0xf7 fp=0xc000069fa0 sp=0xc000069f68 pc=0x813537
main.runService.func3()
	github.com/evanw/esbuild/cmd/esbuild/service.go:124 +0x48 fp=0xc000069fe0 sp=0xc000069fa0 pc=0xcde5e8
runtime.goexit({})
	runtime/asm_amd64.s:1700 +0x1 fp=0xc000069fe8 sp=0xc000069fe0 pc=0x8176c1
created by main.runService in goroutine 1
	github.com/evanw/esbuild/cmd/esbuild/service.go:122 +0x30b

goroutine 6171 gp=0xc000138c40 m=nil [semacquire]:
runtime.gopark(0x0?, 0x0?, 0x80?, 0x4?, 0x0?)
	runtime/proc.go:424 +0xce fp=0xc00053f638 sp=0xc00053f618 pc=0x80f5ee
runtime.goparkunlock(...)
	runtime/proc.go:430
runtime.semacquire1(0xc000c12f38, 0x0, 0x1, 0x0, 0x12)
	runtime/sema.go:178 +0x232 fp=0xc00053f6a0 sp=0xc00053f638 pc=0x7ee652
sync.runtime_Semacquire(0xc000c140a0?)
	runtime/sema.go:71 +0x25 fp=0xc00053f6d8 sp=0xc00053f6a0 pc=0x810685
sync.(*WaitGroup).Wait(0xc000d18000?)
	sync/waitgroup.go:118 +0x48 fp=0xc00053f700 sp=0xc00053f6d8 pc=0x8311e8
github.com/evanw/esbuild/internal/linker.(*linkerContext).scanImportsAndExports(0xc000d18000)
	github.com/evanw/esbuild/internal/linker/linker.go:1752 +0x1716 fp=0xc00053fd00 sp=0xc00053f700 pc=0xc5d096
github.com/evanw/esbuild/internal/linker.Link(0xc000c70008, 0x0, {0xc000c14060, 0xc00032c348, 0xc0003621e0, 0xc0002de400, 0x6, 0xc00016e0c0}, {0xeb20b0, 0xc0000b4600}, ...)
	github.com/evanw/esbuild/internal/linker/linker.go:312 +0xf09 fp=0xc0005400b0 sp=0xc00053fd00 pc=0xc51689
github.com/evanw/esbuild/internal/bundler.(*Bundle).Compile(0xc000bc4808, {0xc000371a40, 0xc0003621b0, 0xc0003621e0, 0xc0002de400, 0x6, 0xc00016e0c0}, 0x0, 0x0, 0xe0d8a8)
	github.com/evanw/esbuild/internal/bundler/bundler.go:3022 +0x9c7 fp=0xc000540688 sp=0xc0005400b0 pc=0xc06c87
github.com/evanw/esbuild/pkg/api.transformImpl({_, _}, {0x0, 0x0, 0x0, 0xc00016e030, 0x0, 0x3, {0x0, 0x0}, ...})
	github.com/evanw/esbuild/pkg/api/api_impl.go:1806 +0x14c5 fp=0xc0005419a0 sp=0xc000540688 pc=0xca61a5
github.com/evanw/esbuild/pkg/api.Transform(...)
	github.com/evanw/esbuild/pkg/api/api.go:477
main.(*serviceType).handleTransformRequest(0x1?, 0x1c3, 0xc000398ea0)
	github.com/evanw/esbuild/cmd/esbuild/service.go:1179 +0x338 fp=0xc000541f60 sp=0xc0005419a0 pc=0xce9138
main.(*serviceType).handleIncomingPacket.func3()
	github.com/evanw/esbuild/cmd/esbuild/service.go:242 +0x57 fp=0xc000541fe0 sp=0xc000541f60 pc=0xce3037
runtime.goexit({})
	runtime/asm_amd64.s:1700 +0x1 fp=0xc000541fe8 sp=0xc000541fe0 pc=0x8176c1
created by main.(*serviceType).handleIncomingPacket in goroutine 1
	github.com/evanw/esbuild/cmd/esbuild/service.go:240 +0x1785

goroutine 6148 gp=0xc000138fc0 m=nil [semacquire]:
runtime.gopark(0x0?, 0xc000e70c00?, 0xa0?, 0x17?, 0xc002868160?)
	runtime/proc.go:424 +0xce fp=0xc0000cd960 sp=0xc0000cd940 pc=0x80f5ee
runtime.goparkunlock(...)
	runtime/proc.go:430
runtime.semacquire1(0xc00326a0c8, 0x0, 0x1, 0x0, 0x12)
	runtime/sema.go:178 +0x232 fp=0xc0000cd9c8 sp=0xc0000cd960 pc=0x7ee652
sync.runtime_Semacquire(0xc541c0?)
	runtime/sema.go:71 +0x25 fp=0xc0000cda00 sp=0xc0000cd9c8 pc=0x810685
sync.(*WaitGroup).Wait(0xc002868160?)
	sync/waitgroup.go:118 +0x48 fp=0xc0000cda28 sp=0xc0000cda00 pc=0x8311e8
github.com/evanw/esbuild/internal/linker.(*linkerContext).generateChunksInParallel(0xc002868160, {0x0, 0x0, 0x8?})
	github.com/evanw/esbuild/internal/linker/linker.go:624 +0x417 fp=0xc0000cdd00 sp=0xc0000cda28 pc=0xc547f7
github.com/evanw/esbuild/internal/linker.Link(0xc0029a1408, 0x0, {0xc0032c89e0, 0xc000d05530, 0xc00030b578, 0xc000580000, 0x6, 0xc0005fe8a0}, {0xeb20b0, 0xc000bc2040}, ...)
	github.com/evanw/esbuild/internal/linker/linker.go:349 +0x11ba fp=0xc0000ce0b0 sp=0xc0000cdd00 pc=0xc5193a
github.com/evanw/esbuild/internal/bundler.(*Bundle).Compile(0xc000bc4008, {0xc000378000, 0xc00030b560, 0xc00030b578, 0xc000580000, 0x6, 0xc0005fe8a0}, 0x0, 0x0, 0xe0d8a8)
	github.com/evanw/esbuild/internal/bundler/bundler.go:3022 +0x9c7 fp=0xc0000ce688 sp=0xc0000ce0b0 pc=0xc06c87
github.com/evanw/esbuild/pkg/api.transformImpl({_, _}, {0x0, 0x0, 0x0, 0xc0005fe810, 0x0, 0x0, {0x0, 0x0}, ...})
	github.com/evanw/esbuild/pkg/api/api_impl.go:1806 +0x14c5 fp=0xc0000cf9a0 sp=0xc0000ce688 pc=0xca61a5
github.com/evanw/esbuild/pkg/api.Transform(...)
	github.com/evanw/esbuild/pkg/api/api.go:477
main.(*serviceType).handleTransformRequest(0xdc4751?, 0x1ba, 0xc000800060)
	github.com/evanw/esbuild/cmd/esbuild/service.go:1179 +0x338 fp=0xc0000cff60 sp=0xc0000cf9a0 pc=0xce9138
main.(*serviceType).handleIncomingPacket.func3()
	github.com/evanw/esbuild/cmd/esbuild/service.go:242 +0x57 fp=0xc0000cffe0 sp=0xc0000cff60 pc=0xce3037
runtime.goexit({})
	runtime/asm_amd64.s:1700 +0x1 fp=0xc0000cffe8 sp=0xc0000cffe0 pc=0x8176c1
created by main.(*serviceType).handleIncomingPacket in goroutine 1
	github.com/evanw/esbuild/cmd/esbuild/service.go:240 +0x1785

goroutine 6165 gp=0xc000210380 m=nil [chan receive]:
runtime.gopark(0x10a0180?, 0x133793cb328?, 0x40?, 0x1?, 0xd94660?)
	runtime/proc.go:424 +0xce fp=0xc0003c1b20 sp=0xc0003c1b00 pc=0x80f5ee
runtime.chanrecv(0xc0036765b0, 0xc0003c1f38, 0x1)
	runtime/chan.go:639 +0x41e fp=0xc0003c1b98 sp=0xc0003c1b20 pc=0x7a70de
runtime.chanrecv1(0xc003762d08?, 0x1?)
	runtime/chan.go:489 +0x12 fp=0xc0003c1bc0 sp=0xc0003c1b98 pc=0x7a6c92
github.com/evanw/esbuild/internal/bundler.(*scanner).scanAllDependencies(0xc0036d4008)
	github.com/evanw/esbuild/internal/bundler/bundler.go:2172 +0x258 fp=0xc0003c2090 sp=0xc0003c1bc0 pc=0xbfccb8
github.com/evanw/esbuild/internal/bundler.ScanBundle(_, {_, _, _, _, _, _}, {_, _}, 0xc0028023c0, ...)
	github.com/evanw/esbuild/internal/bundler/bundler.go:1495 +0xbdc fp=0xc0003c2688 sp=0xc0003c2090 pc=0xbf567c
github.com/evanw/esbuild/pkg/api.transformImpl({_, _}, {0x0, 0x0, 0x0, 0xc003785ef0, 0x0, 0x3, {0x0, 0x0}, ...})
	github.com/evanw/esbuild/pkg/api/api_impl.go:1801 +0x1405 fp=0xc0003c39a0 sp=0xc0003c2688 pc=0xca60e5
github.com/evanw/esbuild/pkg/api.Transform(...)
	github.com/evanw/esbuild/pkg/api/api.go:477
main.(*serviceType).handleTransformRequest(0x1?, 0x1bd, 0xc000398c60)
	github.com/evanw/esbuild/cmd/esbuild/service.go:1179 +0x338 fp=0xc0003c3f60 sp=0xc0003c39a0 pc=0xce9138
main.(*serviceType).handleIncomingPacket.func3()
	github.com/evanw/esbuild/cmd/esbuild/service.go:242 +0x57 fp=0xc0003c3fe0 sp=0xc0003c3f60 pc=0xce3037
runtime.goexit({})
	runtime/asm_amd64.s:1700 +0x1 fp=0xc0003c3fe8 sp=0xc0003c3fe0 pc=0x8176c1
created by main.(*serviceType).handleIncomingPacket in goroutine 1
	github.com/evanw/esbuild/cmd/esbuild/service.go:240 +0x1785

goroutine 54 gp=0xc0000868c0 m=nil [semacquire]:
runtime.gopark(0xc00017de88?, 0x7ee910?, 0x40?, 0xd6?, 0xc0000868c0?)
	runtime/proc.go:424 +0xce fp=0xc00017de30 sp=0xc00017de10 pc=0x80f5ee
runtime.goparkunlock(...)
	runtime/proc.go:430
runtime.semacquire1(0x119755c, 0x0, 0x0, 0x0, 0x12)
	runtime/sema.go:178 +0x232 fp=0xc00017de98 sp=0xc00017de30 pc=0x7ee652
runtime.semacquire(...)
	runtime/sema.go:129
runtime.gcMarkDone()
	runtime/mgc.go:861 +0x32 fp=0xc00017df38 sp=0xc00017de98 pc=0x7b8332
runtime.gcBgMarkWorker(0xc000090150)
	runtime/mgc.go:1549 +0x345 fp=0xc00017dfc8 sp=0xc00017df38 pc=0x7b9e25
runtime.gcBgMarkStartWorkers.gowrap1()
	runtime/mgc.go:1328 +0x25 fp=0xc00017dfe0 sp=0xc00017dfc8 pc=0x7b9aa5
runtime.goexit({})
	runtime/asm_amd64.s:1700 +0x1 fp=0xc00017dfe8 sp=0xc00017dfe0 pc=0x8176c1
created by runtime.gcBgMarkStartWorkers in goroutine 25
	runtime/mgc.go:1328 +0x105

goroutine 55 gp=0xc000086a80 m=nil [semacquire]:
runtime.gopark(0xc0003b7e60?, 0xc000080008?, 0x0?, 0x0?, 0xc000086a80?)
	runtime/proc.go:424 +0xce fp=0xc0003b7e30 sp=0xc0003b7e10 pc=0x80f5ee
runtime.goparkunlock(...)
	runtime/proc.go:430
runtime.semacquire1(0x119755c, 0x0, 0x0, 0x0, 0x12)
	runtime/sema.go:178 +0x232 fp=0xc0003b7e98 sp=0xc0003b7e30 pc=0x7ee652
runtime.semacquire(...)
	runtime/sema.go:129
runtime.gcMarkDone()
	runtime/mgc.go:861 +0x32 fp=0xc0003b7f38 sp=0xc0003b7e98 pc=0x7b8332
runtime.gcBgMarkWorker(0xc000090150)
	runtime/mgc.go:1549 +0x345 fp=0xc0003b7fc8 sp=0xc0003b7f38 pc=0x7b9e25
runtime.gcBgMarkStartWorkers.gowrap1()
	runtime/mgc.go:1328 +0x25 fp=0xc0003b7fe0 sp=0xc0003b7fc8 pc=0x7b9aa5
runtime.goexit({})
	runtime/asm_amd64.s:1700 +0x1 fp=0xc0003b7fe8 sp=0xc0003b7fe0 pc=0x8176c1
created by runtime.gcBgMarkStartWorkers in goroutine 25
	runtime/mgc.go:1328 +0x105

goroutine 56 gp=0xc000086c40 m=nil [semacquire]:
runtime.gopark(0xc0001b5e88?, 0x7ee910?, 0x40?, 0xd6?, 0xc000086c40?)
	runtime/proc.go:424 +0xce fp=0xc0001b5e30 sp=0xc0001b5e10 pc=0x80f5ee
runtime.goparkunlock(...)
	runtime/proc.go:430
runtime.semacquire1(0x119755c, 0x0, 0x0, 0x0, 0x12)
	runtime/sema.go:178 +0x232 fp=0xc0001b5e98 sp=0xc0001b5e30 pc=0x7ee652
runtime.semacquire(...)
	runtime/sema.go:129
runtime.gcMarkDone()
	runtime/mgc.go:861 +0x32 fp=0xc0001b5f38 sp=0xc0001b5e98 pc=0x7b8332
runtime.gcBgMarkWorker(0xc000090150)
	runtime/mgc.go:1549 +0x345 fp=0xc0001b5fc8 sp=0xc0001b5f38 pc=0x7b9e25
runtime.gcBgMarkStartWorkers.gowrap1()
	runtime/mgc.go:1328 +0x25 fp=0xc0001b5fe0 sp=0xc0001b5fc8 pc=0x7b9aa5
runtime.goexit({})
	runtime/asm_amd64.s:1700 +0x1 fp=0xc0001b5fe8 sp=0xc0001b5fe0 pc=0x8176c1
created by runtime.gcBgMarkStartWorkers in goroutine 25
	runtime/mgc.go:1328 +0x105

goroutine 57 gp=0xc000086e00 m=nil [semacquire]:
runtime.gopark(0xc0001b7e60?, 0xc000063008?, 0x0?, 0x0?, 0xc000086e00?)
	runtime/proc.go:424 +0xce fp=0xc0001b7e30 sp=0xc0001b7e10 pc=0x80f5ee
runtime.goparkunlock(...)
	runtime/proc.go:430
runtime.semacquire1(0x119755c, 0x0, 0x0, 0x0, 0x12)
	runtime/sema.go:178 +0x232 fp=0xc0001b7e98 sp=0xc0001b7e30 pc=0x7ee652
runtime.semacquire(...)
	runtime/sema.go:129
runtime.gcMarkDone()
	runtime/mgc.go:861 +0x32 fp=0xc0001b7f38 sp=0xc0001b7e98 pc=0x7b8332
runtime.gcBgMarkWorker(0xc000090150)
	runtime/mgc.go:1549 +0x345 fp=0xc0001b7fc8 sp=0xc0001b7f38 pc=0x7b9e25
runtime.gcBgMarkStartWorkers.gowrap1()
	runtime/mgc.go:1328 +0x25 fp=0xc0001b7fe0 sp=0xc0001b7fc8 pc=0x7b9aa5
runtime.goexit({})
	runtime/asm_amd64.s:1700 +0x1 fp=0xc0001b7fe8 sp=0xc0001b7fe0 pc=0x8176c1
created by runtime.gcBgMarkStartWorkers in goroutine 25
	runtime/mgc.go:1328 +0x105

goroutine 6169 gp=0xc000087340 m=nil [chan receive]:
runtime.gopark(0xbf1c20?, 0x13379550808?, 0x40?, 0x1?, 0x10?)
	runtime/proc.go:424 +0xce fp=0xc000fcdb20 sp=0xc000fcdb00 pc=0x80f5ee
runtime.chanrecv(0xc000402bd0, 0xc000fcdf38, 0x1)
	runtime/chan.go:639 +0x41e fp=0xc000fcdb98 sp=0xc000fcdb20 pc=0x7a70de
runtime.chanrecv1(0xc001080ea0?, 0x1?)
	runtime/chan.go:489 +0x12 fp=0xc000fcdbc0 sp=0xc000fcdb98 pc=0x7a6c92
github.com/evanw/esbuild/internal/bundler.(*scanner).scanAllDependencies(0xc000eb0d88)
	github.com/evanw/esbuild/internal/bundler/bundler.go:2172 +0x258 fp=0xc000fce090 sp=0xc000fcdbc0 pc=0xbfccb8
github.com/evanw/esbuild/internal/bundler.ScanBundle(_, {_, _, _, _, _, _}, {_, _}, 0xc000c3baa0, ...)
	github.com/evanw/esbuild/internal/bundler/bundler.go:1495 +0xbdc fp=0xc000fce688 sp=0xc000fce090 pc=0xbf567c
github.com/evanw/esbuild/pkg/api.transformImpl({_, _}, {0x0, 0x0, 0x0, 0xc000eedec0, 0x0, 0x3, {0x0, 0x0}, ...})
	github.com/evanw/esbuild/pkg/api/api_impl.go:1801 +0x1405 fp=0xc000fcf9a0 sp=0xc000fce688 pc=0xca60e5
github.com/evanw/esbuild/pkg/api.Transform(...)
	github.com/evanw/esbuild/pkg/api/api.go:477
main.(*serviceType).handleTransformRequest(0x1?, 0x1c1, 0xc000398de0)
	github.com/evanw/esbuild/cmd/esbuild/service.go:1179 +0x338 fp=0xc000fcff60 sp=0xc000fcf9a0 pc=0xce9138
main.(*serviceType).handleIncomingPacket.func3()
	github.com/evanw/esbuild/cmd/esbuild/service.go:242 +0x57 fp=0xc000fcffe0 sp=0xc000fcff60 pc=0xce3037
runtime.goexit({})
	runtime/asm_amd64.s:1700 +0x1 fp=0xc000fcffe8 sp=0xc000fcffe0 pc=0x8176c1
created by main.(*serviceType).handleIncomingPacket in goroutine 1
	github.com/evanw/esbuild/cmd/esbuild/service.go:240 +0x1785

goroutine 7152 gp=0xc000087500 m=nil [chan receive]:
runtime.gopark(0xbf1b60?, 0x1337963f210?, 0x40?, 0x1?, 0xd94660?)
	runtime/proc.go:424 +0xce fp=0xc00323db20 sp=0xc00323db00 pc=0x80f5ee
runtime.chanrecv(0xc001927420, 0xc00323df38, 0x1)
	runtime/chan.go:639 +0x41e fp=0xc00323db98 sp=0xc00323db20 pc=0x7a70de
runtime.chanrecv1(0xc003221b90?, 0x1?)
	runtime/chan.go:489 +0x12 fp=0xc00323dbc0 sp=0xc00323db98 pc=0x7a6c92
github.com/evanw/esbuild/internal/bundler.(*scanner).scanAllDependencies(0xc001076908)
	github.com/evanw/esbuild/internal/bundler/bundler.go:2172 +0x258 fp=0xc00323e090 sp=0xc00323dbc0 pc=0xbfccb8
github.com/evanw/esbuild/internal/bundler.ScanBundle(_, {_, _, _, _, _, _}, {_, _}, 0xc003276000, ...)
	github.com/evanw/esbuild/internal/bundler/bundler.go:1495 +0xbdc fp=0xc00323e688 sp=0xc00323e090 pc=0xbf567c
github.com/evanw/esbuild/pkg/api.transformImpl({_, _}, {0x0, 0x0, 0x0, 0xc003257d70, 0x0, 0x3, {0x0, 0x0}, ...})
	github.com/evanw/esbuild/pkg/api/api_impl.go:1801 +0x1405 fp=0xc00323f9a0 sp=0xc00323e688 pc=0xca60e5
github.com/evanw/esbuild/pkg/api.Transform(...)
	github.com/evanw/esbuild/pkg/api/api.go:477
main.(*serviceType).handleTransformRequest(0x1?, 0x24d, 0xc000c7dad0)
	github.com/evanw/esbuild/cmd/esbuild/service.go:1179 +0x338 fp=0xc00323ff60 sp=0xc00323f9a0 pc=0xce9138
main.(*serviceType).handleIncomingPacket.func3()
	github.com/evanw/esbuild/cmd/esbuild/service.go:242 +0x57 fp=0xc00323ffe0 sp=0xc00323ff60 pc=0xce3037
runtime.goexit({})
	runtime/asm_amd64.s:1700 +0x1 fp=0xc00323ffe8 sp=0xc00323ffe0 pc=0x8176c1
created by main.(*serviceType).handleIncomingPacket in goroutine 1
	github.com/evanw/esbuild/cmd/esbuild/service.go:240 +0x1785

goroutine 6186 gp=0xc000139500 m=nil [semacquire]:
runtime.gopark(0x13353cb0598?, 0xa?, 0x40?, 0xbd?, 0x108?)
	runtime/proc.go:424 +0xce fp=0xc0019fba70 sp=0xc0019fba50 pc=0x80f5ee
runtime.goparkunlock(...)
	runtime/proc.go:430
runtime.semacquire1(0xc001db8c48, 0x0, 0x1, 0x0, 0x12)
	runtime/sema.go:178 +0x232 fp=0xc0019fbad8 sp=0xc0019fba70 pc=0x7ee652
sync.runtime_Semacquire(0xc001db42a0?)
	runtime/sema.go:71 +0x25 fp=0xc0019fbb10 sp=0xc0019fbad8 pc=0x810685
sync.(*WaitGroup).Wait(0x11dede0?)
	sync/waitgroup.go:118 +0x48 fp=0xc0019fbb38 sp=0xc0019fbb10 pc=0x8311e8
github.com/evanw/esbuild/internal/graph.CloneLinkerGraph({0xc001cf9c20, 0x2, 0x2}, {0xc001db8c00, 0x2, 0x2}, {0xc0025383a8?, 0x1?, 0x1?}, 0x0)
	github.com/evanw/esbuild/internal/graph/graph.go:255 +0x3ab fp=0xc0019fbd00 sp=0xc0019fbb38 pc=0xbe66eb
github.com/evanw/esbuild/internal/linker.Link(0xc001cd1408, 0x0, {0xc001d6d9a0, 0xc001db4240, 0xc0025382d0, 0xc002525f60, 0x6, 0xc002570840}, {0xeb20b0, 0xc00251fc80}, ...)
	github.com/evanw/esbuild/internal/linker/linker.go:254 +0x5a5 fp=0xc0019fc0b0 sp=0xc0019fbd00 pc=0xc50d25
github.com/evanw/esbuild/internal/bundler.(*Bundle).Compile(0xc00251dc08, {0xc00247e850, 0xc0025382b8, 0xc0025382d0, 0xc002525f60, 0x6, 0xc002570840}, 0x0, 0x0, 0xe0d8a8)
	github.com/evanw/esbuild/internal/bundler/bundler.go:3022 +0x9c7 fp=0xc0019fc688 sp=0xc0019fc0b0 pc=0xc06c87
github.com/evanw/esbuild/pkg/api.transformImpl({_, _}, {0x0, 0x0, 0x0, 0xc0025707b0, 0x0, 0x3, {0x0, 0x0}, ...})
	github.com/evanw/esbuild/pkg/api/api_impl.go:1806 +0x14c5 fp=0xc0019fd9a0 sp=0xc0019fc688 pc=0xca61a5
github.com/evanw/esbuild/pkg/api.Transform(...)
	github.com/evanw/esbuild/pkg/api/api.go:477
main.(*serviceType).handleTransformRequest(0x0?, 0x1d2, 0xc000399440)
	github.com/evanw/esbuild/cmd/esbuild/service.go:1179 +0x338 fp=0xc0019fdf60 sp=0xc0019fd9a0 pc=0xce9138
main.(*serviceType).handleIncomingPacket.func3()
	github.com/evanw/esbuild/cmd/esbuild/service.go:242 +0x57 fp=0xc0019fdfe0 sp=0xc0019fdf60 pc=0xce3037
runtime.goexit({})
	runtime/asm_amd64.s:1700 +0x1 fp=0xc0019fdfe8 sp=0xc0019fdfe0 pc=0x8176c1
created by main.(*serviceType).handleIncomingPacket in goroutine 1
	github.com/evanw/esbuild/cmd/esbuild/service.go:240 +0x1785

goroutine 6167 gp=0xc000139340 m=nil [chan receive]:
runtime.gopark(0x1adce0?, 0x13379457c38?, 0x40?, 0x1?, 0x10?)
	runtime/proc.go:424 +0xce fp=0xc000c87b20 sp=0xc000c87b00 pc=0x80f5ee
runtime.chanrecv(0xc00021a000, 0xc000c87f38, 0x1)
	runtime/chan.go:639 +0x41e fp=0xc000c87b98 sp=0xc000c87b20 pc=0x7a70de
runtime.chanrecv1(0xc0000d9f38?, 0x1?)
	runtime/chan.go:489 +0x12 fp=0xc000c87bc0 sp=0xc000c87b98 pc=0x7a6c92
github.com/evanw/esbuild/internal/bundler.(*scanner).scanAllDependencies(0xc000c80488)
	github.com/evanw/esbuild/internal/bundler/bundler.go:2172 +0x258 fp=0xc000c88090 sp=0xc000c87bc0 pc=0xbfccb8
github.com/evanw/esbuild/internal/bundler.ScanBundle(_, {_, _, _, _, _, _}, {_, _}, 0xc0010a0720, ...)
	github.com/evanw/esbuild/internal/bundler/bundler.go:1495 +0xbdc fp=0xc000c88688 sp=0xc000c88090 pc=0xbf567c
github.com/evanw/esbuild/pkg/api.transformImpl({_, _}, {0x0, 0x0, 0x0, 0xc00080acc0, 0x0, 0x3, {0x0, 0x0}, ...})
	github.com/evanw/esbuild/pkg/api/api_impl.go:1801 +0x1405 fp=0xc000c899a0 sp=0xc000c88688 pc=0xca60e5
github.com/evanw/esbuild/pkg/api.Transform(...)
	github.com/evanw/esbuild/pkg/api/api.go:477
main.(*serviceType).handleTransformRequest(0xc00064e7b0?, 0x1bf, 0xc000398d20)
	github.com/evanw/esbuild/cmd/esbuild/service.go:1179 +0x338 fp=0xc000c89f60 sp=0xc000c899a0 pc=0xce9138
main.(*serviceType).handleIncomingPacket.func3()
	github.com/evanw/esbuild/cmd/esbuild/service.go:242 +0x57 fp=0xc000c89fe0 sp=0xc000c89f60 pc=0xce3037
runtime.goexit({})
	runtime/asm_amd64.s:1700 +0x1 fp=0xc000c89fe8 sp=0xc000c89fe0 pc=0x8176c1
created by main.(*serviceType).handleIncomingPacket in goroutine 1
	github.com/evanw/esbuild/cmd/esbuild/service.go:240 +0x1785

goroutine 6124 gp=0xc000139c00 m=nil [chan receive]:
runtime.gopark(0x10?, 0x1337963f210?, 0x40?, 0x1?, 0x10?)
	runtime/proc.go:424 +0xce fp=0xc000c0db20 sp=0xc000c0db00 pc=0x80f5ee
runtime.chanrecv(0xc001cb35e0, 0xc000c0df38, 0x1)
	runtime/chan.go:639 +0x41e fp=0xc000c0db98 sp=0xc000c0db20 pc=0x7a70de
runtime.chanrecv1(0xc003b70060?, 0x1?)
	runtime/chan.go:489 +0x12 fp=0xc000c0dbc0 sp=0xc000c0db98 pc=0x7a6c92
github.com/evanw/esbuild/internal/bundler.(*scanner).scanAllDependencies(0xc000eb1688)
	github.com/evanw/esbuild/internal/bundler/bundler.go:2172 +0x258 fp=0xc000c0e090 sp=0xc000c0dbc0 pc=0xbfccb8
github.com/evanw/esbuild/internal/bundler.ScanBundle(_, {_, _, _, _, _, _}, {_, _}, 0xc0037ea240, ...)
	github.com/evanw/esbuild/internal/bundler/bundler.go:1495 +0xbdc fp=0xc000c0e688 sp=0xc000c0e090 pc=0xbf567c
github.com/evanw/esbuild/pkg/api.transformImpl({_, _}, {0x0, 0x0, 0x0, 0xc003792750, 0x0, 0x3, {0x0, 0x0}, ...})
	github.com/evanw/esbuild/pkg/api/api_impl.go:1801 +0x1405 fp=0xc000c0f9a0 sp=0xc000c0e688 pc=0xca60e5
github.com/evanw/esbuild/pkg/api.Transform(...)
	github.com/evanw/esbuild/pkg/api/api.go:477
main.(*serviceType).handleTransformRequest(0xc000b72060?, 0x245, 0xc0010d4ab0)
	github.com/evanw/esbuild/cmd/esbuild/service.go:1179 +0x338 fp=0xc000c0ff60 sp=0xc000c0f9a0 pc=0xce9138
main.(*serviceType).handleIncomingPacket.func3()
	github.com/evanw/esbuild/cmd/esbuild/service.go:242 +0x57 fp=0xc000c0ffe0 sp=0xc000c0ff60 pc=0xce3037
runtime.goexit({})
	runtime/asm_amd64.s:1700 +0x1 fp=0xc000c0ffe8 sp=0xc000c0ffe0 pc=0x8176c1
created by main.(*serviceType).handleIncomingPacket in goroutine 1
	github.com/evanw/esbuild/cmd/esbuild/service.go:240 +0x1785

goroutine 6163 gp=0xc000139dc0 m=nil [chan receive]:
runtime.gopark(0x920600?, 0x133793cc048?, 0x40?, 0x1?, 0xd94660?)
	runtime/proc.go:424 +0xce fp=0xc001de7b20 sp=0xc001de7b00 pc=0x80f5ee
runtime.chanrecv(0xc001c15ea0, 0xc001de7f38, 0x1)
	runtime/chan.go:639 +0x41e fp=0xc001de7b98 sp=0xc001de7b20 pc=0x7a70de
runtime.chanrecv1(0xc001c64e70?, 0x1?)
	runtime/chan.go:489 +0x12 fp=0xc001de7bc0 sp=0xc001de7b98 pc=0x7a6c92
github.com/evanw/esbuild/internal/bundler.(*scanner).scanAllDependencies(0xc001d82908)
	github.com/evanw/esbuild/internal/bundler/bundler.go:2172 +0x258 fp=0xc001de8090 sp=0xc001de7bc0 pc=0xbfccb8
github.com/evanw/esbuild/internal/bundler.ScanBundle(_, {_, _, _, _, _, _}, {_, _}, 0xc000c3ad20, ...)
	github.com/evanw/esbuild/internal/bundler/bundler.go:1495 +0xbdc fp=0xc001de8688 sp=0xc001de8090 pc=0xbf567c
github.com/evanw/esbuild/pkg/api.transformImpl({_, _}, {0x0, 0x0, 0x0, 0xc001c1cfc0, 0x0, 0x3, {0x0, 0x0}, ...})
	github.com/evanw/esbuild/pkg/api/api_impl.go:1801 +0x1405 fp=0xc001de99a0 sp=0xc001de8688 pc=0xca60e5
github.com/evanw/esbuild/pkg/api.Transform(...)
	github.com/evanw/esbuild/pkg/api/api.go:477
main.(*serviceType).handleTransformRequest(0x0?, 0x1bb, 0xc000398ba0)
	github.com/evanw/esbuild/cmd/esbuild/service.go:1179 +0x338 fp=0xc001de9f60 sp=0xc001de99a0 pc=0xce9138
main.(*serviceType).handleIncomingPacket.func3()
	github.com/evanw/esbuild/cmd/esbuild/service.go:242 +0x57 fp=0xc001de9fe0 sp=0xc001de9f60 pc=0xce3037
runtime.goexit({})
	runtime/asm_amd64.s:1700 +0x1 fp=0xc001de9fe8 sp=0xc001de9fe0 pc=0x8176c1
created by main.(*serviceType).handleIncomingPacket in goroutine 1
	github.com/evanw/esbuild/cmd/esbuild/service.go:240 +0x1785

goroutine 6152 gp=0xc0004e8700 m=nil [semacquire]:
runtime.gopark(0x0?, 0x0?, 0x0?, 0x0?, 0x0?)
	runtime/proc.go:424 +0xce fp=0xc000d1f838 sp=0xc000d1f818 pc=0x80f5ee
runtime.goparkunlock(...)
	runtime/proc.go:430
runtime.semacquire1(0x119755c, 0x0, 0x0, 0x0, 0x12)
	runtime/sema.go:178 +0x232 fp=0xc000d1f8a0 sp=0xc000d1f838 pc=0x7ee652
runtime.semacquire(...)
	runtime/sema.go:129
runtime.gcMarkDone()
	runtime/mgc.go:861 +0x32 fp=0xc000d1f940 sp=0xc000d1f8a0 pc=0x7b8332
runtime.gcAssistAlloc(0xc0004e8700)
	runtime/mgcmark.go:552 +0x247 fp=0xc000d1f9a0 sp=0xc000d1f940 pc=0x7bc4a7
runtime.deductAssistCredit(0x0?)
	runtime/malloc.go:1349 +0x54 fp=0xc000d1f9c8 sp=0xc000d1f9a0 pc=0x7ade14
runtime.mallocgc(0x2b0, 0xd266e0, 0x1)
	runtime/malloc.go:1037 +0xde fp=0xc000d1fa68 sp=0xc000d1f9c8 pc=0x80a4be
runtime.makeslice(0x0?, 0x8156f7?, 0xc000d1fae8?)
	runtime/slice.go:116 +0x49 fp=0xc000d1fa90 sp=0xc000d1fa68 pc=0x810dc9
github.com/evanw/esbuild/internal/linker.(*linkerContext).scanImportsAndExports.func1(0x0, 0xc000c1e800)
	github.com/evanw/esbuild/internal/linker/linker.go:1579 +0x71 fp=0xc000d1ffc0 sp=0xc000d1fa90 pc=0xc60ab1
github.com/evanw/esbuild/internal/linker.(*linkerContext).scanImportsAndExports.gowrap2()
	github.com/evanw/esbuild/internal/linker/linker.go:1750 +0x27 fp=0xc000d1ffe0 sp=0xc000d1ffc0 pc=0xc60a07
runtime.goexit({})
	runtime/asm_amd64.s:1700 +0x1 fp=0xc000d1ffe8 sp=0xc000d1ffe0 pc=0x8176c1
created by github.com/evanw/esbuild/internal/linker.(*linkerContext).scanImportsAndExports in goroutine 6171
	github.com/evanw/esbuild/internal/linker/linker.go:1576 +0x16dd

goroutine 6217 gp=0xc000211dc0 m=nil [chan receive]:
runtime.gopark(0x10?, 0x133795e4cf8?, 0x40?, 0x1?, 0x10?)
	runtime/proc.go:424 +0xce fp=0xc000b73b20 sp=0xc000b73b00 pc=0x80f5ee
runtime.chanrecv(0xc00021ad90, 0xc000b73f38, 0x1)
	runtime/chan.go:639 +0x41e fp=0xc000b73b98 sp=0xc000b73b20 pc=0x7a70de
runtime.chanrecv1(0xc0004bd3e0?, 0x1?)
	runtime/chan.go:489 +0x12 fp=0xc000b73bc0 sp=0xc000b73b98 pc=0x7a6c92
github.com/evanw/esbuild/internal/bundler.(*scanner).scanAllDependencies(0xc000c81688)
	github.com/evanw/esbuild/internal/bundler/bundler.go:2172 +0x258 fp=0xc000b74090 sp=0xc000b73bc0 pc=0xbfccb8
github.com/evanw/esbuild/internal/bundler.ScanBundle(_, {_, _, _, _, _, _}, {_, _}, 0xc000668f00, ...)
	github.com/evanw/esbuild/internal/bundler/bundler.go:1495 +0xbdc fp=0xc000b74688 sp=0xc000b74090 pc=0xbf567c
github.com/evanw/esbuild/pkg/api.transformImpl({_, _}, {0x0, 0x0, 0x0, 0xc000e636b0, 0x0, 0x3, {0x0, 0x0}, ...})
	github.com/evanw/esbuild/pkg/api/api_impl.go:1801 +0x1405 fp=0xc000b759a0 sp=0xc000b74688 pc=0xca60e5
github.com/evanw/esbuild/pkg/api.Transform(...)
	github.com/evanw/esbuild/pkg/api/api.go:477
main.(*serviceType).handleTransformRequest(0xc0005500c0?, 0x1f1, 0xc000488000)
	github.com/evanw/esbuild/cmd/esbuild/service.go:1179 +0x338 fp=0xc000b75f60 sp=0xc000b759a0 pc=0xce9138
main.(*serviceType).handleIncomingPacket.func3()
	github.com/evanw/esbuild/cmd/esbuild/service.go:242 +0x57 fp=0xc000b75fe0 sp=0xc000b75f60 pc=0xce3037
runtime.goexit({})
	runtime/asm_amd64.s:1700 +0x1 fp=0xc000b75fe8 sp=0xc000b75fe0 pc=0x8176c1
created by main.(*serviceType).handleIncomingPacket in goroutine 1
	github.com/evanw/esbuild/cmd/esbuild/service.go:240 +0x1785

goroutine 6595 gp=0xc0004e81c0 m=nil [semacquire]:
runtime.gopark(0x0?, 0x206?, 0x0?, 0x0?, 0x0?)
	runtime/proc.go:424 +0xce fp=0xc000a58ab8 sp=0xc000a58a98 pc=0x80f5ee
runtime.goparkunlock(...)
	runtime/proc.go:430
runtime.semacquire1(0x119755c, 0x0, 0x0, 0x0, 0x12)
	runtime/sema.go:178 +0x232 fp=0xc000a58b20 sp=0xc000a58ab8 pc=0x7ee652
runtime.semacquire(...)
	runtime/sema.go:129
runtime.gcMarkDone()
	runtime/mgc.go:861 +0x32 fp=0xc000a58bc0 sp=0xc000a58b20 pc=0x7b8332
runtime.gcAssistAlloc(0xc0004e81c0)
	runtime/mgcmark.go:552 +0x247 fp=0xc000a58c20 sp=0xc000a58bc0 pc=0x7bc4a7
runtime.deductAssistCredit(0xc000a594b0?)
	runtime/malloc.go:1349 +0x54 fp=0xc000a58c48 sp=0xc000a58c20 pc=0x7ade14
runtime.mallocgc(0x4cc, 0x0, 0x0)
	runtime/malloc.go:1037 +0xde fp=0xc000a58ce8 sp=0xc000a58c48 pc=0x80a4be
runtime.rawstring(...)
	runtime/string.go:277
runtime.rawstringtmp(0x5?, 0x4cc)
	runtime/string.go:141 +0x3e fp=0xc000a58d10 sp=0xc000a58ce8 pc=0x7f409e
runtime.concatstrings(0x0?, {0xc000a58da0?, 0x2, 0x0?})
	runtime/string.go:51 +0xe5 fp=0xc000a58d80 sp=0xc000a58d10 pc=0x7f3ba5
runtime.concatstring2(0x200000000000000?, {0xdecf13?, 0xc0aac0?}, {0xde05b8?, 0x0?})
	runtime/string.go:60 +0x4a fp=0xc000a58dd0 sp=0xc000a58d80 pc=0x7f3d2a
github.com/evanw/esbuild/internal/runtime.Source(0x92b4195e885ff81)
	github.com/evanw/esbuild/internal/runtime/runtime.go:96 +0x7c fp=0xc000a58e08 sp=0xc000a58dd0 pc=0xa87c7c
github.com/evanw/esbuild/internal/bundler.(*runtimeCache).parseRuntime(_, _)
	github.com/evanw/esbuild/internal/bundler/bundler.go:3326 +0xb9 fp=0xc000a59858 sp=0xc000a58e08 pc=0xc0a299
github.com/evanw/esbuild/internal/bundler.ScanBundle.func2()
	github.com/evanw/esbuild/internal/bundler/bundler.go:1414 +0x87 fp=0xc000a59fe0 sp=0xc000a59858 pc=0xbf5f27
runtime.goexit({})
	runtime/asm_amd64.s:1700 +0x1 fp=0xc000a59fe8 sp=0xc000a59fe0 pc=0x8176c1
created by github.com/evanw/esbuild/internal/bundler.ScanBundle in goroutine 6189
	github.com/evanw/esbuild/internal/bundler/bundler.go:1413 +0x97d

goroutine 7173 gp=0xc000211c00 m=nil [runnable]:
github.com/evanw/esbuild/internal/linker.(*linkerContext).generateIsolatedHashInParallel.gowrap1()
	github.com/evanw/esbuild/internal/linker/linker.go:6800 fp=0xc000a5dfe0 sp=0xc000a5dfd8 pc=0xc91560
runtime.goexit({})
	runtime/asm_amd64.s:1700 +0x1 fp=0xc000a5dfe8 sp=0xc000a5dfe0 pc=0x8176c1
created by github.com/evanw/esbuild/internal/linker.(*linkerContext).generateIsolatedHashInParallel in goroutine 7155
	github.com/evanw/esbuild/internal/linker/linker.go:6800 +0xf3

goroutine 7009 gp=0xc00046a380 m=nil [runnable]:
runtime.evacuate_faststr(0xd42b80, 0xc003be7230, 0x0?)
	runtime/map_faststr.go:422 +0x3fa fp=0xc002c4b5b0 sp=0xc002c4b5a8 pc=0x7b161a
runtime.growWork_faststr(0xd42b80, 0xc003be7230, 0xc003bea750?)
	runtime/map_faststr.go:418 +0x5f fp=0xc002c4b5d8 sp=0xc002c4b5b0 pc=0x7b11df
runtime.mapassign_faststr(0xd42b80, 0xc003be7230, {0xc003aadf65, 0x5})
	runtime/map_faststr.go:247 +0x125 fp=0xc002c4b648 sp=0xc002c4b5d8 pc=0x80d6c5
github.com/evanw/esbuild/internal/js_parser.(*parser).declareSymbol(0xc002670008, 0x1b, {0x0?}, {0xc003aadf65, 0x5})
	github.com/evanw/esbuild/internal/js_parser/js_parser.go:1497 +0x591 fp=0xc002c4b710 sp=0xc002c4b648 pc=0xaf1a91
github.com/evanw/esbuild/internal/js_parser.(*parser).parseAndDeclareDecls.(*parser).declareBinding.func1({0x0?}, 0xc003bea758)
	github.com/evanw/esbuild/internal/js_parser/js_parser.go:1701 +0x65 fp=0xc002c4b750 sp=0xc002c4b710 pc=0xb10c45
github.com/evanw/esbuild/internal/js_ast.ForEachIdentifierBinding({{0xeaaa80?, 0xc003bea758?}, {0x0?}}, 0xc002c4b8c0)
	github.com/evanw/esbuild/internal/js_ast/js_ast_helpers.go:3001 +0x89 fp=0xc002c4b7e8 sp=0xc002c4b750 pc=0xa98169
github.com/evanw/esbuild/internal/js_parser.(*parser).declareBinding(...)
	github.com/evanw/esbuild/internal/js_parser/js_parser.go:1699
github.com/evanw/esbuild/internal/js_parser.(*parser).parseAndDeclareDecls(0xc002670008, 0x1b, {0x0, 0x1, 0x0, 0x0, 0x0, 0x0, 0x0, 0x0, ...})
	github.com/evanw/esbuild/internal/js_parser/js_parser.go:5544 +0x27e fp=0xc002c4b900 sp=0xc002c4b7e8 pc=0xb1071e
github.com/evanw/esbuild/internal/js_parser.(*parser).parseExprOrLetOrUsingStmt(0xc002670008, {0x0, 0x1, 0x0, 0x0, 0x0, 0x0, 0x0, 0x0, 0x0, ...})
	github.com/evanw/esbuild/internal/js_parser/js_parser.go:4996 +0x23c fp=0xc002c4b9f8 sp=0xc002c4b900 pc=0xb0bb3c
github.com/evanw/esbuild/internal/js_parser.(*parser).parseStmt(0xc002670008, {0x0, 0x1, 0x0, 0x0, 0x0, 0x0, 0x0, 0x0, 0x0, ...})
	github.com/evanw/esbuild/internal/js_parser/js_parser.go:8200 +0x6a10 fp=0xc002c4c298 sp=0xc002c4b9f8 pc=0xb21530
github.com/evanw/esbuild/internal/js_parser.(*parser).parseStmtsUpTo(0xc002670008, 0x12, {0x0, 0x1, 0x0, 0x0, 0x0, 0x0, 0x0, 0x0, ...})
	github.com/evanw/esbuild/internal/js_parser/js_parser.go:8442 +0xdc fp=0xc002c4c3e0 sp=0xc002c4c298 pc=0xb2463c
github.com/evanw/esbuild/internal/js_parser.(*parser).parseFnBody(0xc002670008, {0x0, 0xc003be0280, {{0x0}, 0x0}, {0x8d966}, 0x0, 0x0, 0x0, 0x1, ...})
	github.com/evanw/esbuild/internal/js_parser/js_parser.go:8401 +0x171 fp=0xc002c4c4c0 sp=0xc002c4c3e0 pc=0xb24151
github.com/evanw/esbuild/internal/js_parser.(*parser).parseFn(0xc002670008, 0x0?, {{0x0?}, 0x0?}, 0x0, {0x0, 0xc003be0280, {{0x0}, 0x0}, {0x8d966}, ...})
	github.com/evanw/esbuild/internal/js_parser/js_parser.go:6294 +0x7b3 fp=0xc002c4c630 sp=0xc002c4c4c0 pc=0xb14f53
github.com/evanw/esbuild/internal/js_parser.(*parser).parseProperty(0xc002670008, {0x80aac5?}, 0x0, {{0x0, 0x0, 0x0}, 0xc003be0280, 0x0, {{0x0}, 0x0}, ...}, ...)
	github.com/evanw/esbuild/internal/js_parser/js_parser.go:2601 +0x27e5 fp=0xc002c4ca80 sp=0xc002c4c630 pc=0xaf8e45
github.com/evanw/esbuild/internal/js_parser.(*parser).parseClass(0xc002670008, {{0x3aab49b?}, 0xc0?}, 0xc003bc9630, {{0x0?, 0xf?, 0xc003bcdf80?}, 0x10?, 0x0?})
	github.com/evanw/esbuild/internal/js_parser/js_parser.go:6487 +0x546 fp=0xc002c4ce08 sp=0xc002c4ca80 pc=0xb16c26
github.com/evanw/esbuild/internal/js_parser.(*parser).parseClassStmt(0xc002670008, {0x2d99001?}, {0x0, 0x1, 0x0, 0x0, 0x0, 0x0, 0x0, 0x0, ...})
	github.com/evanw/esbuild/internal/js_parser/js_parser.go:6362 +0x3e5 fp=0xc002c4d018 sp=0xc002c4ce08 pc=0xb15cc5
github.com/evanw/esbuild/internal/js_parser.(*parser).parseStmt(0xc002670008, {0x0, 0x1, 0x0, 0x0, 0x0, 0x0, 0x0, 0x0, 0x0, ...})
	github.com/evanw/esbuild/internal/js_parser/js_parser.go:7418 +0x44ed fp=0xc002c4d8b8 sp=0xc002c4d018 pc=0xb1f00d
github.com/evanw/esbuild/internal/js_parser.(*parser).parseStmtsUpTo(0xc002670008, 0x12, {0x0, 0x1, 0x0, 0x0, 0x0, 0x0, 0x0, 0x0, ...})
	github.com/evanw/esbuild/internal/js_parser/js_parser.go:8442 +0xdc fp=0xc002c4da00 sp=0xc002c4d8b8 pc=0xb2463c
github.com/evanw/esbuild/internal/js_parser.(*parser).parseFnBody(0xc002670008, {0x0, 0x0, {{0x0}, 0x0}, {0x2585}, 0x0, 0x0, 0x0, 0x0, ...})
	github.com/evanw/esbuild/internal/js_parser/js_parser.go:8401 +0x171 fp=0xc002c4dae0 sp=0xc002c4da00 pc=0xb24151
github.com/evanw/esbuild/internal/js_parser.(*parser).parseFn(0xc002670008, 0x6e65766e4965766c?, {{0x7?}, 0x0?}, 0x0, {0x0, 0x0, {{0x0}, 0x0}, {0x2585}, ...})
	github.com/evanw/esbuild/internal/js_parser/js_parser.go:6294 +0x7b3 fp=0xc002c4dc50 sp=0xc002c4dae0 pc=0xb14f53
github.com/evanw/esbuild/internal/js_parser.(*parser).parseFnExpr(0xc002670008, {0x74736e6f?}, 0x0, {{0x736e6f70?}, 0x203d2065?})
	github.com/evanw/esbuild/internal/js_parser/js_parser.go:3109 +0x552 fp=0xc002c4de48 sp=0xc002c4dc50 pc=0xafed12
github.com/evanw/esbuild/internal/js_parser.(*parser).parsePrefix(0xc002670008, 0x1, 0xc002d9a4c0, 0x0)
	github.com/evanw/esbuild/internal/js_parser/js_parser.go:3775 +0x2aac fp=0xc002c4e2c0 sp=0xc002c4de48 pc=0xb046cc
github.com/evanw/esbuild/internal/js_parser.(*parser).parseExprCommon(0xc002670008, 0x1, 0xc002c4e4c0, 0x0)
	github.com/evanw/esbuild/internal/js_parser/js_parser.go:4206 +0x35 fp=0xc002c4e310 sp=0xc002c4e2c0 pc=0xb06ad5
github.com/evanw/esbuild/internal/js_parser.(*parser).parseExprOrBindings(...)
	github.com/evanw/esbuild/internal/js_parser/js_parser.go:4193
github.com/evanw/esbuild/internal/js_parser.(*parser).parseParenExpr(0xc002670008, {0x0?}, 0x1, {{{0x251d?}, 0x0?}, 0x0?, 0x0?})
	github.com/evanw/esbuild/internal/js_parser/js_parser.go:3167 +0x2a5 fp=0xc002c4e628 sp=0xc002c4e310 pc=0xaff2c5
github.com/evanw/esbuild/internal/js_parser.(*parser).parsePrefix(0xc002670008, 0x1, 0x0, 0x0)
	github.com/evanw/esbuild/internal/js_parser/js_parser.go:3520 +0x12bf fp=0xc002c4eaa0 sp=0xc002c4e628 pc=0xb02edf
github.com/evanw/esbuild/internal/js_parser.(*parser).parseExprCommon(0xc002670008, 0x1, 0x0, 0x0)
	github.com/evanw/esbuild/internal/js_parser/js_parser.go:4206 +0x35 fp=0xc002c4eaf0 sp=0xc002c4eaa0 pc=0xb06ad5
github.com/evanw/esbuild/internal/js_parser.(*parser).parseExpr(...)
	github.com/evanw/esbuild/internal/js_parser/js_parser.go:4197
github.com/evanw/esbuild/internal/js_parser.(*parser).parseCallArgs(0xc002670008)
	github.com/evanw/esbuild/internal/js_parser/js_parser.go:5078 +0x13f fp=0xc002c4ebb0 sp=0xc002c4eaf0 pc=0xb0c4bf
github.com/evanw/esbuild/internal/js_parser.(*parser).parseSuffix(0xc002670008, {{0xeaab40?, 0xc002db60e0?}, {0x2d9ae00?}}, 0x1, 0xc002c4f060, 0x0)
	github.com/evanw/esbuild/internal/js_parser/js_parser.go:4481 +0x1f8b fp=0xc002c4ee60 sp=0xc002c4ebb0 pc=0xb08bcb
github.com/evanw/esbuild/internal/js_parser.(*parser).parseExprCommon(0xc002670008, 0x1, 0xc002d9b060, 0x0)
	github.com/evanw/esbuild/internal/js_parser/js_parser.go:4233 +0x150 fp=0xc002c4eeb0 sp=0xc002c4ee60 pc=0xb06bf0
github.com/evanw/esbuild/internal/js_parser.(*parser).parseExprOrBindings(...)
	github.com/evanw/esbuild/internal/js_parser/js_parser.go:4193
github.com/evanw/esbuild/internal/js_parser.(*parser).parseParenExpr(0xc002670008, {0x7061682f?}, 0x0, {{{0x61697261?}, 0x6c20746e?}, 0x0?, 0x0?})
	github.com/evanw/esbuild/internal/js_parser/js_parser.go:3167 +0x2a5 fp=0xc002c4f1c8 sp=0xc002c4eeb0 pc=0xaff2c5
github.com/evanw/esbuild/internal/js_parser.(*parser).parsePrefix(0xc002670008, 0x0, 0x0, 0x0)
	github.com/evanw/esbuild/internal/js_parser/js_parser.go:3520 +0x12bf fp=0xc002c4f640 sp=0xc002c4f1c8 pc=0xb02edf
github.com/evanw/esbuild/internal/js_parser.(*parser).parseExprCommon(0xc002670008, 0x0, 0x0, 0x0)
	github.com/evanw/esbuild/internal/js_parser/js_parser.go:4206 +0x35 fp=0xc002c4f690 sp=0xc002c4f640 pc=0xb06ad5
github.com/evanw/esbuild/internal/js_parser.(*parser).parseExprOrLetOrUsingStmt(0xb2491c?, {0x0, 0x1, 0x0, 0x0, 0x0, 0x0, 0x0, 0x0, 0x0, ...})
	github.com/evanw/esbuild/internal/js_parser/js_parser.go:4976 +0xa12 fp=0xc002c4f788 sp=0xc002c4f690 pc=0xb0c312
github.com/evanw/esbuild/internal/js_parser.(*parser).parseStmt(0xc002670008, {0x0, 0x1, 0x0, 0x0, 0x0, 0x0, 0x0, 0x0, 0x0, ...})
	github.com/evanw/esbuild/internal/js_parser/js_parser.go:8200 +0x6a10 fp=0xc002c50028 sp=0xc002c4f788 pc=0xb21530
github.com/evanw/esbuild/internal/js_parser.(*parser).parseStmtsUpTo(0xc002670008, 0x12, {0x0, 0x1, 0x0, 0x0, 0x0, 0x0, 0x0, 0x0, ...})
	github.com/evanw/esbuild/internal/js_parser/js_parser.go:8442 +0xdc fp=0xc002c50170 sp=0xc002c50028 pc=0xb2463c
github.com/evanw/esbuild/internal/js_parser.(*parser).parseFnBody(0xc002670008, {0x0, 0x0, {{0x0}, 0x0}, {0x251d}, 0x0, 0x0, 0x0, 0x0, ...})
	github.com/evanw/esbuild/internal/js_parser/js_parser.go:8401 +0x171 fp=0xc002c50250 sp=0xc002c50170 pc=0xb24151
github.com/evanw/esbuild/internal/js_parser.(*parser).parseFn(0xc002670008, 0x0?, {{0x2670668?}, 0x2e?}, 0x0, {0x0, 0x0, {{0x0}, 0x0}, {0x251d}, ...})
	github.com/evanw/esbuild/internal/js_parser/js_parser.go:6294 +0x7b3 fp=0xc002c503c0 sp=0xc002c50250 pc=0xb14f53
github.com/evanw/esbuild/internal/js_parser.(*parser).parseFnExpr(0xc002670008, {0x2d9c618?}, 0x0, {{0x7b26d3?}, 0x0?})
	github.com/evanw/esbuild/internal/js_parser/js_parser.go:3109 +0x552 fp=0xc002c505b8 sp=0xc002c503c0 pc=0xafed12
github.com/evanw/esbuild/internal/js_parser.(*parser).parsePrefix(0xc002670008, 0x1, 0xc002d9cc30, 0x0)
	github.com/evanw/esbuild/internal/js_parser/js_parser.go:3775 +0x2aac fp=0xc002c50a30 sp=0xc002c505b8 pc=0xb046cc
github.com/evanw/esbuild/internal/js_parser.(*parser).parseExprCommon(0xc002670008, 0x1, 0xc002c50c30, 0x0)
	github.com/evanw/esbuild/internal/js_parser/js_parser.go:4206 +0x35 fp=0xc002c50a80 sp=0xc002c50a30 pc=0xb06ad5
github.com/evanw/esbuild/internal/js_parser.(*parser).parseExprOrBindings(...)
	github.com/evanw/esbuild/internal/js_parser/js_parser.go:4193
github.com/evanw/esbuild/internal/js_parser.(*parser).parseParenExpr(0xc002670008, {0xae2efb?}, 0x0, {{{0x2670668?}, 0xc0?}, 0x80?, 0xa3?})
	github.com/evanw/esbuild/internal/js_parser/js_parser.go:3167 +0x2a5 fp=0xc002c50d98 sp=0xc002c50a80 pc=0xaff2c5
github.com/evanw/esbuild/internal/js_parser.(*parser).parsePrefix(0xc002670008, 0x0, 0x0, 0x0)
	github.com/evanw/esbuild/internal/js_parser/js_parser.go:3520 +0x12bf fp=0xc002c51210 sp=0xc002c50d98 pc=0xb02edf
github.com/evanw/esbuild/internal/js_parser.(*parser).parseExprCommon(0xc002670008, 0x0, 0x0, 0x0)
	github.com/evanw/esbuild/internal/js_parser/js_parser.go:4206 +0x35 fp=0xc002c51260 sp=0xc002c51210 pc=0xb06ad5
github.com/evanw/esbuild/internal/js_parser.(*parser).parseExprOrLetOrUsingStmt(0xc002670008?, {0x0, 0x1, 0x0, 0x0, 0x0, 0x0, 0x0, 0x0, 0x0, ...})
	github.com/evanw/esbuild/internal/js_parser/js_parser.go:4976 +0xa12 fp=0xc002c51358 sp=0xc002c51260 pc=0xb0c312
github.com/evanw/esbuild/internal/js_parser.(*parser).parseStmt(0xc002670008, {0x0, 0x1, 0x0, 0x0, 0x0, 0x0, 0x0, 0x0, 0x0, ...})
	github.com/evanw/esbuild/internal/js_parser/js_parser.go:8200 +0x6a10 fp=0xc002c51bf8 sp=0xc002c51358 pc=0xb21530
github.com/evanw/esbuild/internal/js_parser.(*parser).parseStmtsUpTo(0xc002670008, 0x12, {0x0, 0x1, 0x0, 0x0, 0x0, 0x0, 0x0, 0x0, ...})
	github.com/evanw/esbuild/internal/js_parser/js_parser.go:8442 +0xdc fp=0xc002c51d40 sp=0xc002c51bf8 pc=0xb2463c
github.com/evanw/esbuild/internal/js_parser.(*parser).parseFnBody(0xc002670008, {0x0, 0x0, {{0x0}, 0x0}, {0x24a2}, 0x0, 0x0, 0x0, 0x0, ...})
	github.com/evanw/esbuild/internal/js_parser/js_parser.go:8401 +0x171 fp=0xc002c51e20 sp=0xc002c51d40 pc=0xb24151
github.com/evanw/esbuild/internal/js_parser.(*parser).parseFn(0xc002670008, 0xc002670008?, {{0x7b1db7?}, 0x0?}, 0x0, {0x0, 0x0, {{0x0}, 0x0}, {0x24a2}, ...})
	github.com/evanw/esbuild/internal/js_parser/js_parser.go:6294 +0x7b3 fp=0xc002c51f90 sp=0xc002c51e20 pc=0xb14f53
github.com/evanw/esbuild/internal/js_parser.(*parser).parseFnStmt(0xc002670008, {0x1?}, {0x0, 0x1, 0x1, 0x0, 0x0, 0x0, 0x0, 0x0, ...}, ...)
	github.com/evanw/esbuild/internal/js_parser/js_parser.go:6751 +0x59c fp=0xc002c521e8 sp=0xc002c51f90 pc=0xb1903c
github.com/evanw/esbuild/internal/js_parser.(*parser).parseStmt(0xc002670008, {0x0, 0x1, 0x1, 0x0, 0x0, 0x0, 0x0, 0x0, 0x0, ...})
	github.com/evanw/esbuild/internal/js_parser/js_parser.go:7351 +0x1bfe fp=0xc002c52a88 sp=0xc002c521e8 pc=0xb1c71e
github.com/evanw/esbuild/internal/js_parser.(*parser).parseStmtsUpTo(0xc002670008, 0x0, {0x0, 0x1, 0x1, 0x0, 0x0, 0x0, 0x0, 0x0, ...})
	github.com/evanw/esbuild/internal/js_parser/js_parser.go:8442 +0xdc fp=0xc002c52bd0 sp=0xc002c52a88 pc=0xb2463c
github.com/evanw/esbuild/internal/js_parser.Parse({_, _, _, _, _, _}, {{{0xc002817e3d, 0x1c}, {0xc002817e3d, 0x1c}}, ...}, ...)
	github.com/evanw/esbuild/internal/js_parser/js_parser.go:17542 +0x366 fp=0xc002c536b0 sp=0xc002c52bd0 pc=0xb65826
github.com/evanw/esbuild/internal/cache.(*JSCache).Parse(_, {_, _, _, _, _, _}, {{{0xc002817e3d, 0x1c}, {0xc002817e3d, ...}}, ...}, ...)
	github.com/evanw/esbuild/internal/cache/cache_ast.go:170 +0x245 fp=0xc002c53da8 sp=0xc002c536b0 pc=0xbac0a5
github.com/evanw/esbuild/internal/bundler.parseFile({{0xeb20b0, 0xc000d85a80}, {0xc000d66ee0, 0xc00138f728, 0xc00138f740, 0xc0032c9020, 0x6, 0xc000e70d80}, 0xc00221a008, 0xc0019d15c0, ...})
	github.com/evanw/esbuild/internal/bundler/bundler.go:265 +0xb45 fp=0xc002c55608 sp=0xc002c53da8 pc=0xbea065
github.com/evanw/esbuild/internal/bundler.(*scanner).maybeParseFile.gowrap1()
	github.com/evanw/esbuild/internal/bundler/bundler.go:1620 +0x2fa fp=0xc002c55fe0 sp=0xc002c55608 pc=0xbf769a
runtime.goexit({})
	runtime/asm_amd64.s:1700 +0x1 fp=0xc002c55fe8 sp=0xc002c55fe0 pc=0x8176c1
created by github.com/evanw/esbuild/internal/bundler.(*scanner).maybeParseFile in goroutine 7154
	github.com/evanw/esbuild/internal/bundler/bundler.go:1620 +0xdae

goroutine 7150 gp=0xc0004e8fc0 m=nil [chan receive]:
runtime.gopark(0xcd7020?, 0x133795d3718?, 0x40?, 0x1?, 0xd94660?)
	runtime/proc.go:424 +0xce fp=0xc002e3fb20 sp=0xc002e3fb00 pc=0x80f5ee
runtime.chanrecv(0xc001926e00, 0xc002e3ff38, 0x1)
	runtime/chan.go:639 +0x41e fp=0xc002e3fb98 sp=0xc002e3fb20 pc=0x7a70de
runtime.chanrecv1(0xc003090a80?, 0x1?)
	runtime/chan.go:489 +0x12 fp=0xc002e3fbc0 sp=0xc002e3fb98 pc=0x7a6c92
github.com/evanw/esbuild/internal/bundler.(*scanner).scanAllDependencies(0xc002776008)
	github.com/evanw/esbuild/internal/bundler/bundler.go:2172 +0x258 fp=0xc002e40090 sp=0xc002e3fbc0 pc=0xbfccb8
github.com/evanw/esbuild/internal/bundler.ScanBundle(_, {_, _, _, _, _, _}, {_, _}, 0xc00308e3c0, ...)
	github.com/evanw/esbuild/internal/bundler/bundler.go:1495 +0xbdc fp=0xc002e40688 sp=0xc002e40090 pc=0xbf567c
github.com/evanw/esbuild/pkg/api.transformImpl({_, _}, {0x0, 0x0, 0x0, 0xc0030985d0, 0x0, 0x3, {0x0, 0x0}, ...})
	github.com/evanw/esbuild/pkg/api/api_impl.go:1801 +0x1405 fp=0xc002e419a0 sp=0xc002e40688 pc=0xca60e5
github.com/evanw/esbuild/pkg/api.Transform(...)
	github.com/evanw/esbuild/pkg/api/api.go:477
main.(*serviceType).handleTransformRequest(0x0?, 0x24b, 0xc000c7da10)
	github.com/evanw/esbuild/cmd/esbuild/service.go:1179 +0x338 fp=0xc002e41f60 sp=0xc002e419a0 pc=0xce9138
main.(*serviceType).handleIncomingPacket.func3()
	github.com/evanw/esbuild/cmd/esbuild/service.go:242 +0x57 fp=0xc002e41fe0 sp=0xc002e41f60 pc=0xce3037
runtime.goexit({})
	runtime/asm_amd64.s:1700 +0x1 fp=0xc002e41fe8 sp=0xc002e41fe0 pc=0x8176c1
created by main.(*serviceType).handleIncomingPacket in goroutine 1
	github.com/evanw/esbuild/cmd/esbuild/service.go:240 +0x1785

goroutine 7004 gp=0xc0004e9340 m=nil [semacquire]:
runtime.gopark(0x13353cb0598?, 0x18?, 0xc0?, 0xa0?, 0x1?)
	runtime/proc.go:424 +0xce fp=0xc000ab3708 sp=0xc000ab36e8 pc=0x80f5ee
runtime.goparkunlock(...)
	runtime/proc.go:430
runtime.semacquire1(0xc00326a118, 0x0, 0x1, 0x0, 0x12)
	runtime/sema.go:178 +0x232 fp=0xc000ab3770 sp=0xc000ab3708 pc=0x7ee652
sync.runtime_Semacquire(0xc000e70cc0?)
	runtime/sema.go:71 +0x25 fp=0xc000ab37a8 sp=0xc000ab3770 pc=0x810685
sync.(*WaitGroup).Wait(0x11dede0?)
	sync/waitgroup.go:118 +0x48 fp=0xc000ab37d0 sp=0xc000ab37a8 pc=0x8311e8
github.com/evanw/esbuild/internal/linker.(*linkerContext).generateChunkCSS(0xc002868160, 0x0?, 0xc00326a0c0)
	github.com/evanw/esbuild/internal/linker/linker.go:6258 +0x1245 fp=0xc000ab3fb8 sp=0xc000ab37d0 pc=0xc89905
github.com/evanw/esbuild/internal/linker.(*linkerContext).generateChunksInParallel.gowrap3()
	github.com/evanw/esbuild/internal/linker/linker.go:620 +0x28 fp=0xc000ab3fe0 sp=0xc000ab3fb8 pc=0xc57888
runtime.goexit({})
	runtime/asm_amd64.s:1700 +0x1 fp=0xc000ab3fe8 sp=0xc000ab3fe0 pc=0x8176c1
created by github.com/evanw/esbuild/internal/linker.(*linkerContext).generateChunksInParallel in goroutine 6148
	github.com/evanw/esbuild/internal/linker/linker.go:620 +0x3c5

goroutine 6588 gp=0xc0006d6000 m=nil [semacquire]:
runtime.gopark(0x0?, 0x0?, 0x80?, 0xd6?, 0x0?)
	runtime/proc.go:424 +0xce fp=0xc0008f9140 sp=0xc0008f9120 pc=0x80f5ee
runtime.goparkunlock(...)
	runtime/proc.go:430
runtime.semacquire1(0xc0028a3338, 0x0, 0x1, 0x0, 0x12)
	runtime/sema.go:178 +0x232 fp=0xc0008f91a8 sp=0xc0008f9140 pc=0x7ee652
sync.runtime_Semacquire(0x98?)
	runtime/sema.go:71 +0x25 fp=0xc0008f91e0 sp=0xc0008f91a8 pc=0x810685
sync.(*WaitGroup).Wait(0xc0028a4ae0?)
	sync/waitgroup.go:118 +0x48 fp=0xc0008f9208 sp=0xc0008f91e0 pc=0x8311e8
github.com/evanw/esbuild/internal/linker.(*linkerContext).generateChunkJS(0xc0028682c0, 0x0?, 0xc0028a2f30)
	github.com/evanw/esbuild/internal/linker/linker.go:5661 +0x1205 fp=0xc0008f9fb8 sp=0xc0008f9208 pc=0xc81d65
github.com/evanw/esbuild/internal/linker.(*linkerContext).generateChunksInParallel.gowrap2()
	github.com/evanw/esbuild/internal/linker/linker.go:618 +0x28 fp=0xc0008f9fe0 sp=0xc0008f9fb8 pc=0xc578e8
runtime.goexit({})
	runtime/asm_amd64.s:1700 +0x1 fp=0xc0008f9fe8 sp=0xc0008f9fe0 pc=0x8176c1
created by github.com/evanw/esbuild/internal/linker.(*linkerContext).generateChunksInParallel in goroutine 6188
	github.com/evanw/esbuild/internal/linker/linker.go:618 +0x305

goroutine 7035 gp=0xc0006d6380 m=nil [runnable]:
github.com/evanw/esbuild/internal/js_parser.(*parser).popScope(0xc001d98008)
	github.com/evanw/esbuild/internal/js_parser/js_parser.go:1194 +0x130 fp=0xc002599fc0 sp=0xc002599fb8 pc=0xaf06d0
github.com/evanw/esbuild/internal/js_parser.(*parser).visitExprInOut(0xc001d98008, {{0xeaab60, 0xc0013921e0}, {0x32983}}, {0x0, 0x0, 0x0, 0x0, 0x0, 0x0})
	github.com/evanw/esbuild/internal/js_parser/js_parser.go:15568 +0x4b6e fp=0xc00259aa70 sp=0xc002599fc0 pc=0xb4c4ce
github.com/evanw/esbuild/internal/js_parser.(*parser).visitExprInOut(0xc001d98008, {{0xeaa660, 0xc0032fbcb0}, {0x32974}}, {0x0, 0x0, 0x0, 0x0, 0x0, 0x0})
	github.com/evanw/esbuild/internal/js_parser/js_parser.go:14680 +0xf0ac fp=0xc00259b520 sp=0xc00259aa70 pc=0xb56a0c
github.com/evanw/esbuild/internal/js_parser.(*parser).visitExpr(0xc001d98008?, {{0xeaa660?, 0xc0032fbcb0?}, {0x2?}})
	github.com/evanw/esbuild/internal/js_parser/js_parser.go:12987 +0x2b fp=0xc00259b558 sp=0xc00259b520 pc=0xb45f8b
github.com/evanw/esbuild/internal/js_parser.(*parser).visitAndAppendStmt(0xc001d98008, {0xc002f3db90, 0x0, 0x1}, {{0xeaae40?, 0xc0010c4240?}, {0x7?}})
	github.com/evanw/esbuild/internal/js_parser/js_parser.go:10793 +0x21c5 fp=0xc00259ba50 sp=0xc00259b558 pc=0xb34f65
github.com/evanw/esbuild/internal/js_parser.(*parser).visitStmts(0xc001d98008, {0xc0010c4258, 0x1, 0xc00259bef8?}, 0x3)
	github.com/evanw/esbuild/internal/js_parser/js_parser.go:8929 +0x545 fp=0xc00259bda0 sp=0xc00259ba50 pc=0xb284e5
github.com/evanw/esbuild/internal/js_parser.(*parser).visitStmtsAndPrependTempRefs(0xc001d98008, {0xc0010c4258?, 0xc000e1094c?, 0x15?}, {0xc0001cfa80?, 0x8?})
	github.com/evanw/esbuild/internal/js_parser/js_parser.go:8800 +0xae fp=0xc00259bf08 sp=0xc00259bda0 pc=0xb272ee
github.com/evanw/esbuild/internal/js_parser.(*parser).visitFn(0xc001d98008, 0xc0001cfa40, {0x1cf730?}, {0xc0?, 0x0?, 0x0?})
	github.com/evanw/esbuild/internal/js_parser/js_parser.go:16925 +0x417 fp=0xc00259c060 sp=0xc00259bf08 pc=0xb60f17
github.com/evanw/esbuild/internal/js_parser.(*parser).visitAndAppendStmt(0xc001d98008, {0xc002f3db78, 0x0, 0x1}, {{0xeaadc0?, 0xc0001cfa40?}, {0x6?}})
	github.com/evanw/esbuild/internal/js_parser/js_parser.go:11224 +0x3432 fp=0xc00259c558 sp=0xc00259c060 pc=0xb361d2
github.com/evanw/esbuild/internal/js_parser.(*parser).visitStmts(0xc001d98008, {0xc002f3db60, 0x1, 0x7b26d3?}, 0x0)
	github.com/evanw/esbuild/internal/js_parser/js_parser.go:8929 +0x545 fp=0xc00259c8a8 sp=0xc00259c558 pc=0xb284e5
github.com/evanw/esbuild/internal/js_parser.(*parser).visitStmtsAndPrependTempRefs(0xc001d98008, {0xc002f3db60?, 0x7bf257?, 0x11dfea0?}, {0x0?, 0x98?})
	github.com/evanw/esbuild/internal/js_parser/js_parser.go:8800 +0xae fp=0xc00259ca10 sp=0xc00259c8a8 pc=0xb272ee
github.com/evanw/esbuild/internal/js_parser.(*parser).appendPart(0xc001d98008, {0xc002f12008, 0x7f, 0x8f}, {0xc002f3db60, 0x1, 0x1})
	github.com/evanw/esbuild/internal/js_parser/js_parser.go:17374 +0x125 fp=0xc00259cbd0 sp=0xc00259ca10 pc=0xb645e5
github.com/evanw/esbuild/internal/js_parser.Parse({_, _, _, _, _, _}, {{{0xc00001e48d, 0x1f}, {0xc00001e48d, 0x1f}}, ...}, ...)
	github.com/evanw/esbuild/internal/js_parser/js_parser.go:17790 +0x1b53 fp=0xc00259d6b0 sp=0xc00259cbd0 pc=0xb67013
github.com/evanw/esbuild/internal/cache.(*JSCache).Parse(_, {_, _, _, _, _, _}, {{{0xc00001e48d, 0x1f}, {0xc00001e48d, ...}}, ...}, ...)
	github.com/evanw/esbuild/internal/cache/cache_ast.go:170 +0x245 fp=0xc00259dda8 sp=0xc00259d6b0 pc=0xbac0a5
github.com/evanw/esbuild/internal/bundler.parseFile({{0xeb20b0, 0xc001adce80}, {0xc001e4a770, 0xc001c64d98, 0xc001c64db0, 0xc001ae56a0, 0x6, 0xc001c1d050}, 0xc001d82488, 0xc000c3ad20, ...})
	github.com/evanw/esbuild/internal/bundler/bundler.go:265 +0xb45 fp=0xc00259f608 sp=0xc00259dda8 pc=0xbea065
github.com/evanw/esbuild/internal/bundler.(*scanner).maybeParseFile.gowrap1()
	github.com/evanw/esbuild/internal/bundler/bundler.go:1620 +0x2fa fp=0xc00259ffe0 sp=0xc00259f608 pc=0xbf769a
runtime.goexit({})
	runtime/asm_amd64.s:1700 +0x1 fp=0xc00259ffe8 sp=0xc00259ffe0 pc=0x8176c1
created by github.com/evanw/esbuild/internal/bundler.(*scanner).maybeParseFile in goroutine 6163
	github.com/evanw/esbuild/internal/bundler/bundler.go:1620 +0xdae

goroutine 6125 gp=0xc0006d68c0 m=nil [runnable]:
runtime.gopark(0x8156f7?, 0xc0000f1790?, 0x6a?, 0xe1?, 0xc0000f1768?)
	runtime/proc.go:424 +0xce fp=0xc0000f1740 sp=0xc0000f1720 pc=0x80f5ee
runtime.goparkunlock(...)
	runtime/proc.go:430
runtime.semacquire1(0x119755c, 0x0, 0x0, 0x0, 0x12)
	runtime/sema.go:178 +0x232 fp=0xc0000f17a8 sp=0xc0000f1740 pc=0x7ee652
runtime.semacquire(...)
	runtime/sema.go:129
runtime.gcMarkDone()
	runtime/mgc.go:861 +0x32 fp=0xc0000f1848 sp=0xc0000f17a8 pc=0x7b8332
runtime.gcAssistAlloc(0xc0006d68c0)
	runtime/mgcmark.go:552 +0x247 fp=0xc0000f18a8 sp=0xc0000f1848 pc=0x7bc4a7
runtime.deductAssistCredit(0xc000087340?)
	runtime/malloc.go:1349 +0x54 fp=0xc0000f18d0 sp=0xc0000f18a8 pc=0x7ade14
runtime.mallocgc(0x161b, 0x0, 0x0)
	runtime/malloc.go:1037 +0xde fp=0xc0000f1970 sp=0xc0000f18d0 pc=0x80a4be
runtime.slicebytetostring(0xd40cc0?, 0xc0010e01fa, 0x161b)
	runtime/string.go:122 +0x77 fp=0xc0000f19a0 sp=0xc0000f1970 pc=0x811837
main.(*serviceType).handleTransformRequest(0x1?, 0x246, 0xc0010d4b10)
	github.com/evanw/esbuild/cmd/esbuild/service.go:1156 +0xad fp=0xc0000f1f60 sp=0xc0000f19a0 pc=0xce8ead
main.(*serviceType).handleIncomingPacket.func3()
	github.com/evanw/esbuild/cmd/esbuild/service.go:242 +0x57 fp=0xc0000f1fe0 sp=0xc0000f1f60 pc=0xce3037
runtime.goexit({})
	runtime/asm_amd64.s:1700 +0x1 fp=0xc0000f1fe8 sp=0xc0000f1fe0 pc=0x8176c1
created by main.(*serviceType).handleIncomingPacket in goroutine 1
	github.com/evanw/esbuild/cmd/esbuild/service.go:240 +0x1785

goroutine 6523 gp=0xc0006d6fc0 m=nil [semacquire]:
runtime.gopark(0x0?, 0x0?, 0xa0?, 0xb1?, 0x0?)
	runtime/proc.go:424 +0xce fp=0xc000c2b140 sp=0xc000c2b120 pc=0x80f5ee
runtime.goparkunlock(...)
	runtime/proc.go:430
runtime.semacquire1(0xc00266d9c8, 0x0, 0x1, 0x0, 0x12)
	runtime/sema.go:178 +0x232 fp=0xc000c2b1a8 sp=0xc000c2b140 pc=0x7ee652
sync.runtime_Semacquire(0x98?)
	runtime/sema.go:71 +0x25 fp=0xc000c2b1e0 sp=0xc000c2b1a8 pc=0x810685
sync.(*WaitGroup).Wait(0xc0024498e0?)
	sync/waitgroup.go:118 +0x48 fp=0xc000c2b208 sp=0xc000c2b1e0 pc=0x8311e8
github.com/evanw/esbuild/internal/linker.(*linkerContext).generateChunkJS(0xc0021538c0, 0x0?, 0xc002499960)
	github.com/evanw/esbuild/internal/linker/linker.go:5661 +0x1205 fp=0xc000c2bfb8 sp=0xc000c2b208 pc=0xc81d65
github.com/evanw/esbuild/internal/linker.(*linkerContext).generateChunksInParallel.gowrap2()
	github.com/evanw/esbuild/internal/linker/linker.go:618 +0x28 fp=0xc000c2bfe0 sp=0xc000c2bfb8 pc=0xc578e8
runtime.goexit({})
	runtime/asm_amd64.s:1700 +0x1 fp=0xc000c2bfe8 sp=0xc000c2bfe0 pc=0x8176c1
created by github.com/evanw/esbuild/internal/linker.(*linkerContext).generateChunksInParallel in goroutine 6184
	github.com/evanw/esbuild/internal/linker/linker.go:618 +0x305

goroutine 7175 gp=0xc0008d1180 m=nil [runnable]:
github.com/evanw/esbuild/internal/linker.(*linkerContext).generateIsolatedHashInParallel.gowrap1()
	github.com/evanw/esbuild/internal/linker/linker.go:6800 fp=0xc000a43fe0 sp=0xc000a43fd8 pc=0xc91560
runtime.goexit({})
	runtime/asm_amd64.s:1700 +0x1 fp=0xc000a43fe8 sp=0xc000a43fe0 pc=0x8176c1
created by github.com/evanw/esbuild/internal/linker.(*linkerContext).generateIsolatedHashInParallel in goroutine 7159
	github.com/evanw/esbuild/internal/linker/linker.go:6800 +0xf3

goroutine 6190 gp=0xc0006d7c00 m=nil [semacquire]:
runtime.gopark(0xc000d22540?, 0x0?, 0x8?, 0x80?, 0xc001365788?)
	runtime/proc.go:424 +0xce fp=0xc001365740 sp=0xc001365720 pc=0x80f5ee
runtime.goparkunlock(...)
	runtime/proc.go:430
runtime.semacquire1(0x119755c, 0x0, 0x0, 0x0, 0x12)
	runtime/sema.go:178 +0x232 fp=0xc0013657a8 sp=0xc001365740 pc=0x7ee652
runtime.semacquire(...)
	runtime/sema.go:129
runtime.gcMarkDone()
	runtime/mgc.go:861 +0x32 fp=0xc001365848 sp=0xc0013657a8 pc=0x7b8332
runtime.gcAssistAlloc(0xc0006d7c00)
	runtime/mgcmark.go:552 +0x247 fp=0xc0013658a8 sp=0xc001365848 pc=0x7bc4a7
runtime.deductAssistCredit(0xc001365970?)
	runtime/malloc.go:1349 +0x54 fp=0xc0013658d0 sp=0xc0013658a8 pc=0x7ade14
runtime.mallocgc(0xbe84, 0x0, 0x0)
	runtime/malloc.go:1037 +0xde fp=0xc001365970 sp=0xc0013658d0 pc=0x80a4be
runtime.slicebytetostring(0xd40cc0?, 0xc0006021f9, 0xbe84)
	runtime/string.go:122 +0x77 fp=0xc0013659a0 sp=0xc001365970 pc=0x811837
main.(*serviceType).handleTransformRequest(0xc000b186f0?, 0x1d6, 0xc0003995c0)
	github.com/evanw/esbuild/cmd/esbuild/service.go:1156 +0xad fp=0xc001365f60 sp=0xc0013659a0 pc=0xce8ead
main.(*serviceType).handleIncomingPacket.func3()
	github.com/evanw/esbuild/cmd/esbuild/service.go:242 +0x57 fp=0xc001365fe0 sp=0xc001365f60 pc=0xce3037
runtime.goexit({})
	runtime/asm_amd64.s:1700 +0x1 fp=0xc001365fe8 sp=0xc001365fe0 pc=0x8176c1
created by main.(*serviceType).handleIncomingPacket in goroutine 1
	github.com/evanw/esbuild/cmd/esbuild/service.go:240 +0x1785

goroutine 6127 gp=0xc00040c8c0 m=nil [semacquire]:
runtime.gopark(0x5?, 0xc0008557a0?, 0x10?, 0xe9?, 0x119d640?)
	runtime/proc.go:424 +0xce fp=0xc000855740 sp=0xc000855720 pc=0x80f5ee
runtime.goparkunlock(...)
	runtime/proc.go:430
runtime.semacquire1(0x119755c, 0x0, 0x0, 0x0, 0x12)
	runtime/sema.go:178 +0x232 fp=0xc0008557a8 sp=0xc000855740 pc=0x7ee652
runtime.semacquire(...)
	runtime/sema.go:129
runtime.gcMarkDone()
	runtime/mgc.go:861 +0x32 fp=0xc000855848 sp=0xc0008557a8 pc=0x7b8332
runtime.gcAssistAlloc(0xc00040c8c0)
	runtime/mgcmark.go:552 +0x247 fp=0xc0008558a8 sp=0xc000855848 pc=0x7bc4a7
runtime.deductAssistCredit(0x0?)
	runtime/malloc.go:1349 +0x54 fp=0xc0008558d0 sp=0xc0008558a8 pc=0x7ade14
runtime.mallocgc(0x601b, 0x0, 0x0)
	runtime/malloc.go:1037 +0xde fp=0xc000855970 sp=0xc0008558d0 pc=0x80a4be
runtime.slicebytetostring(0xd40cc0?, 0xc0017441fb, 0x601b)
	runtime/string.go:122 +0x77 fp=0xc0008559a0 sp=0xc000855970 pc=0x811837
main.(*serviceType).handleTransformRequest(0x0?, 0x248, 0xc0010d4bd0)
	github.com/evanw/esbuild/cmd/esbuild/service.go:1156 +0xad fp=0xc000855f60 sp=0xc0008559a0 pc=0xce8ead
main.(*serviceType).handleIncomingPacket.func3()
	github.com/evanw/esbuild/cmd/esbuild/service.go:242 +0x57 fp=0xc000855fe0 sp=0xc000855f60 pc=0xce3037
runtime.goexit({})
	runtime/asm_amd64.s:1700 +0x1 fp=0xc000855fe8 sp=0xc000855fe0 pc=0x8176c1
created by main.(*serviceType).handleIncomingPacket in goroutine 1
	github.com/evanw/esbuild/cmd/esbuild/service.go:240 +0x1785

goroutine 6166 gp=0xc00040cc40 m=nil [chan receive]:
runtime.gopark(0x10a01e0?, 0x13379550808?, 0x40?, 0x1?, 0x10?)
	runtime/proc.go:424 +0xce fp=0xc000547b20 sp=0xc000547b00 pc=0x80f5ee
runtime.chanrecv(0xc000402000, 0xc000547f38, 0x1)
	runtime/chan.go:639 +0x41e fp=0xc000547b98 sp=0xc000547b20 pc=0x7a70de
runtime.chanrecv1(0xc000362660?, 0x1?)
	runtime/chan.go:489 +0x12 fp=0xc000547bc0 sp=0xc000547b98 pc=0x7a6c92
github.com/evanw/esbuild/internal/bundler.(*scanner).scanAllDependencies(0xc000124d88)
	github.com/evanw/esbuild/internal/bundler/bundler.go:2172 +0x258 fp=0xc000548090 sp=0xc000547bc0 pc=0xbfccb8
github.com/evanw/esbuild/internal/bundler.ScanBundle(_, {_, _, _, _, _, _}, {_, _}, 0xc000b7a3c0, ...)
	github.com/evanw/esbuild/internal/bundler/bundler.go:1495 +0xbdc fp=0xc000548688 sp=0xc000548090 pc=0xbf567c
github.com/evanw/esbuild/pkg/api.transformImpl({_, _}, {0x0, 0x0, 0x0, 0xc0002a8090, 0x0, 0x3, {0x0, 0x0}, ...})
	github.com/evanw/esbuild/pkg/api/api_impl.go:1801 +0x1405 fp=0xc0005499a0 sp=0xc000548688 pc=0xca60e5
github.com/evanw/esbuild/pkg/api.Transform(...)
	github.com/evanw/esbuild/pkg/api/api.go:477
main.(*serviceType).handleTransformRequest(0x1?, 0x1be, 0xc000398cc0)
	github.com/evanw/esbuild/cmd/esbuild/service.go:1179 +0x338 fp=0xc000549f60 sp=0xc0005499a0 pc=0xce9138
main.(*serviceType).handleIncomingPacket.func3()
	github.com/evanw/esbuild/cmd/esbuild/service.go:242 +0x57 fp=0xc000549fe0 sp=0xc000549f60 pc=0xce3037
runtime.goexit({})
	runtime/asm_amd64.s:1700 +0x1 fp=0xc000549fe8 sp=0xc000549fe0 pc=0x8176c1
created by main.(*serviceType).handleIncomingPacket in goroutine 1
	github.com/evanw/esbuild/cmd/esbuild/service.go:240 +0x1785

goroutine 7167 gp=0xc000f7c8c0 m=nil [runnable]:
github.com/evanw/esbuild/internal/bundler.ScanBundle.func2()
	github.com/evanw/esbuild/internal/bundler/bundler.go:1413 fp=0xc001513fe0 sp=0xc001513fd8 pc=0xbf5ea0
runtime.goexit({})
	runtime/asm_amd64.s:1700 +0x1 fp=0xc001513fe8 sp=0xc001513fe0 pc=0x8176c1
created by github.com/evanw/esbuild/internal/bundler.ScanBundle in goroutine 7150
	github.com/evanw/esbuild/internal/bundler/bundler.go:1413 +0x97d

goroutine 7163 gp=0xc000f7ca80 m=nil [runnable]:
github.com/evanw/esbuild/internal/bundler.ScanBundle.func2()
	github.com/evanw/esbuild/internal/bundler/bundler.go:1413 fp=0xc00025dfe0 sp=0xc00025dfd8 pc=0xbf5ea0
runtime.goexit({})
	runtime/asm_amd64.s:1700 +0x1 fp=0xc00025dfe8 sp=0xc00025dfe0 pc=0x8176c1
created by github.com/evanw/esbuild/internal/bundler.ScanBundle in goroutine 6128
	github.com/evanw/esbuild/internal/bundler/bundler.go:1413 +0x97d

goroutine 7169 gp=0xc0008fc1c0 m=nil [runnable]:
github.com/evanw/esbuild/internal/bundler.ScanBundle.func2()
	github.com/evanw/esbuild/internal/bundler/bundler.go:1413 fp=0xc000bfbfe0 sp=0xc000bfbfd8 pc=0xbf5ea0
runtime.goexit({})
	runtime/asm_amd64.s:1700 +0x1 fp=0xc000bfbfe8 sp=0xc000bfbfe0 pc=0x8176c1
created by github.com/evanw/esbuild/internal/bundler.ScanBundle in goroutine 7151
	github.com/evanw/esbuild/internal/bundler/bundler.go:1413 +0x97d

goroutine 6128 gp=0xc000caaa80 m=nil [chan receive]:
runtime.gopark(0xcd7f20?, 0x13379550808?, 0x40?, 0x1?, 0xd94660?)
	runtime/proc.go:424 +0xce fp=0xc002d8db20 sp=0xc002d8db00 pc=0x80f5ee
runtime.chanrecv(0xc001926150, 0xc002d8df38, 0x1)
	runtime/chan.go:639 +0x41e fp=0xc002d8db98 sp=0xc002d8db20 pc=0x7a70de
runtime.chanrecv1(0xc002e00f60?, 0x1?)
	runtime/chan.go:489 +0x12 fp=0xc002d8dbc0 sp=0xc002d8db98 pc=0x7a6c92
github.com/evanw/esbuild/internal/bundler.(*scanner).scanAllDependencies(0xc00037c008)
	github.com/evanw/esbuild/internal/bundler/bundler.go:2172 +0x258 fp=0xc002d8e090 sp=0xc002d8dbc0 pc=0xbfccb8
github.com/evanw/esbuild/internal/bundler.ScanBundle(_, {_, _, _, _, _, _}, {_, _}, 0xc0031f1980, ...)
	github.com/evanw/esbuild/internal/bundler/bundler.go:1495 +0xbdc fp=0xc002d8e688 sp=0xc002d8e090 pc=0xbf567c
github.com/evanw/esbuild/pkg/api.transformImpl({_, _}, {0x0, 0x0, 0x0, 0xc002d78420, 0x0, 0x3, {0x0, 0x0}, ...})
	github.com/evanw/esbuild/pkg/api/api_impl.go:1801 +0x1405 fp=0xc002d8f9a0 sp=0xc002d8e688 pc=0xca60e5
github.com/evanw/esbuild/pkg/api.Transform(...)
	github.com/evanw/esbuild/pkg/api/api.go:477
main.(*serviceType).handleTransformRequest(0x414d2c414141413b?, 0x249, 0xc0010d4c30)
	github.com/evanw/esbuild/cmd/esbuild/service.go:1179 +0x338 fp=0xc002d8ff60 sp=0xc002d8f9a0 pc=0xce9138
main.(*serviceType).handleIncomingPacket.func3()
	github.com/evanw/esbuild/cmd/esbuild/service.go:242 +0x57 fp=0xc002d8ffe0 sp=0xc002d8ff60 pc=0xce3037
runtime.goexit({})
	runtime/asm_amd64.s:1700 +0x1 fp=0xc002d8ffe8 sp=0xc002d8ffe0 pc=0x8176c1
created by main.(*serviceType).handleIncomingPacket in goroutine 1
	github.com/evanw/esbuild/cmd/esbuild/service.go:240 +0x1785

goroutine 6223 gp=0xc000f7d340 m=nil [semacquire]:
runtime.gopark(0xc000c5da18?, 0xc57bb9?, 0xf7?, 0x56?, 0xc000c5d7a0?)
	runtime/proc.go:424 +0xce fp=0xc000c5d740 sp=0xc000c5d720 pc=0x80f5ee
runtime.goparkunlock(...)
	runtime/proc.go:430
runtime.semacquire1(0x119755c, 0x0, 0x0, 0x0, 0x12)
	runtime/sema.go:178 +0x232 fp=0xc000c5d7a8 sp=0xc000c5d740 pc=0x7ee652
runtime.semacquire(...)
	runtime/sema.go:129
runtime.gcMarkDone()
	runtime/mgc.go:861 +0x32 fp=0xc000c5d848 sp=0xc000c5d7a8 pc=0x7b8332
runtime.gcAssistAlloc(0xc000f7d340)
	runtime/mgcmark.go:552 +0x247 fp=0xc000c5d8a8 sp=0xc000c5d848 pc=0x7bc4a7
runtime.deductAssistCredit(0xc0006d68c0?)
	runtime/malloc.go:1349 +0x54 fp=0xc000c5d8d0 sp=0xc000c5d8a8 pc=0x7ade14
runtime.mallocgc(0xc91, 0x0, 0x0)
	runtime/malloc.go:1037 +0xde fp=0xc000c5d970 sp=0xc000c5d8d0 pc=0x80a4be
runtime.slicebytetostring(0xd40cc0?, 0xc0001d11f7, 0xc91)
	runtime/string.go:122 +0x77 fp=0xc000c5d9a0 sp=0xc000c5d970 pc=0x811837
main.(*serviceType).handleTransformRequest(0x0?, 0x1f7, 0xc000488540)
	github.com/evanw/esbuild/cmd/esbuild/service.go:1156 +0xad fp=0xc000c5df60 sp=0xc000c5d9a0 pc=0xce8ead
main.(*serviceType).handleIncomingPacket.func3()
	github.com/evanw/esbuild/cmd/esbuild/service.go:242 +0x57 fp=0xc000c5dfe0 sp=0xc000c5df60 pc=0xce3037
runtime.goexit({})
	runtime/asm_amd64.s:1700 +0x1 fp=0xc000c5dfe8 sp=0xc000c5dfe0 pc=0x8176c1
created by main.(*serviceType).handleIncomingPacket in goroutine 1
	github.com/evanw/esbuild/cmd/esbuild/service.go:240 +0x1785

goroutine 6189 gp=0xc000f7d6c0 m=nil [chan receive]:
runtime.gopark(0x395860?, 0x133795f00e8?, 0x40?, 0x1?, 0x10?)
	runtime/proc.go:424 +0xce fp=0xc001241b20 sp=0xc001241b00 pc=0x80f5ee
runtime.chanrecv(0xc0029302a0, 0xc001241f38, 0x1)
	runtime/chan.go:639 +0x41e fp=0xc001241b98 sp=0xc001241b20 pc=0x7a70de
runtime.chanrecv1(0xc0027edb18?, 0x1?)
	runtime/chan.go:489 +0x12 fp=0xc001241bc0 sp=0xc001241b98 pc=0x7a6c92
github.com/evanw/esbuild/internal/bundler.(*scanner).scanAllDependencies(0xc0027d8d88)
	github.com/evanw/esbuild/internal/bundler/bundler.go:2172 +0x258 fp=0xc001242090 sp=0xc001241bc0 pc=0xbfccb8
github.com/evanw/esbuild/internal/bundler.ScanBundle(_, {_, _, _, _, _, _}, {_, _}, 0xc00136fe60, ...)
	github.com/evanw/esbuild/internal/bundler/bundler.go:1495 +0xbdc fp=0xc001242688 sp=0xc001242090 pc=0xbf567c
github.com/evanw/esbuild/pkg/api.transformImpl({_, _}, {0x0, 0x0, 0x0, 0xc00292ef30, 0x0, 0x3, {0x0, 0x0}, ...})
	github.com/evanw/esbuild/pkg/api/api_impl.go:1801 +0x1405 fp=0xc0012439a0 sp=0xc001242688 pc=0xca60e5
github.com/evanw/esbuild/pkg/api.Transform(...)
	github.com/evanw/esbuild/pkg/api/api.go:477
main.(*serviceType).handleTransformRequest(0x0?, 0x1d5, 0xc000399560)
	github.com/evanw/esbuild/cmd/esbuild/service.go:1179 +0x338 fp=0xc001243f60 sp=0xc0012439a0 pc=0xce9138
main.(*serviceType).handleIncomingPacket.func3()
	github.com/evanw/esbuild/cmd/esbuild/service.go:242 +0x57 fp=0xc001243fe0 sp=0xc001243f60 pc=0xce3037
runtime.goexit({})
	runtime/asm_amd64.s:1700 +0x1 fp=0xc001243fe8 sp=0xc001243fe0 pc=0x8176c1
created by main.(*serviceType).handleIncomingPacket in goroutine 1
	github.com/evanw/esbuild/cmd/esbuild/service.go:240 +0x1785

goroutine 7154 gp=0xc0008d1880 m=nil [chan receive]:
runtime.gopark(0xaabc20?, 0x13379642af0?, 0x40?, 0x1?, 0xd94660?)
	runtime/proc.go:424 +0xce fp=0xc002d85b20 sp=0xc002d85b00 pc=0x80f5ee
runtime.chanrecv(0xc00021b2d0, 0xc002d85f38, 0x1)
	runtime/chan.go:639 +0x41e fp=0xc002d85b98 sp=0xc002d85b20 pc=0x7a70de
runtime.chanrecv1(0xc00138f800?, 0x1?)
	runtime/chan.go:489 +0x12 fp=0xc002d85bc0 sp=0xc002d85b98 pc=0x7a6c92
github.com/evanw/esbuild/internal/bundler.(*scanner).scanAllDependencies(0xc00221a488)
	github.com/evanw/esbuild/internal/bundler/bundler.go:2172 +0x258 fp=0xc002d86090 sp=0xc002d85bc0 pc=0xbfccb8
github.com/evanw/esbuild/internal/bundler.ScanBundle(_, {_, _, _, _, _, _}, {_, _}, 0xc0019d15c0, ...)
	github.com/evanw/esbuild/internal/bundler/bundler.go:1495 +0xbdc fp=0xc002d86688 sp=0xc002d86090 pc=0xbf567c
github.com/evanw/esbuild/pkg/api.transformImpl({_, _}, {0x0, 0x0, 0x0, 0xc000c7dc20, 0x0, 0x3, {0x0, 0x0}, ...})
	github.com/evanw/esbuild/pkg/api/api_impl.go:1801 +0x1405 fp=0xc002d879a0 sp=0xc002d86688 pc=0xca60e5
github.com/evanw/esbuild/pkg/api.Transform(...)
	github.com/evanw/esbuild/pkg/api/api.go:477
main.(*serviceType).handleTransformRequest(0x1?, 0x24e, 0xc000c7db90)
	github.com/evanw/esbuild/cmd/esbuild/service.go:1179 +0x338 fp=0xc002d87f60 sp=0xc002d879a0 pc=0xce9138
main.(*serviceType).handleIncomingPacket.func3()
	github.com/evanw/esbuild/cmd/esbuild/service.go:242 +0x57 fp=0xc002d87fe0 sp=0xc002d87f60 pc=0xce3037
runtime.goexit({})
	runtime/asm_amd64.s:1700 +0x1 fp=0xc002d87fe8 sp=0xc002d87fe0 pc=0x8176c1
created by main.(*serviceType).handleIncomingPacket in goroutine 1
	github.com/evanw/esbuild/cmd/esbuild/service.go:240 +0x1785

goroutine 6118 gp=0xc000f7c540 m=nil [semacquire]:
runtime.gopark(0xf0?, 0xc000867388?, 0xd3?, 0x26?, 0x1337952af60?)
	runtime/proc.go:424 +0xce fp=0xc000867328 sp=0xc000867308 pc=0x80f5ee
runtime.goparkunlock(...)
	runtime/proc.go:430
runtime.semacquire1(0x119755c, 0x0, 0x0, 0x0, 0x12)
	runtime/sema.go:178 +0x232 fp=0xc000867390 sp=0xc000867328 pc=0x7ee652
runtime.semacquire(...)
	runtime/sema.go:129
runtime.gcMarkDone()
	runtime/mgc.go:861 +0x32 fp=0xc000867430 sp=0xc000867390 pc=0x7b8332
runtime.gcAssistAlloc(0xc000f7c540)
	runtime/mgcmark.go:552 +0x247 fp=0xc000867490 sp=0xc000867430 pc=0x7bc4a7
runtime.deductAssistCredit(0x10?)
	runtime/malloc.go:1349 +0x54 fp=0xc0008674b8 sp=0xc000867490 pc=0x7ade14
runtime.mallocgc(0xf0, 0xd7ef00, 0x1)
	runtime/malloc.go:1037 +0xde fp=0xc000867558 sp=0xc0008674b8 pc=0x80a4be
runtime.newobject(...)
	runtime/malloc.go:1386
runtime.mapassign_faststr(0xd42b80, 0xc0010d5530, {0xdc472d, 0x9})
	runtime/map_faststr.go:241 +0xa5 fp=0xc0008675c8 sp=0xc000867558 pc=0x80d645
github.com/evanw/esbuild/internal/js_parser.(*parser).declareSymbol(0xc000206008, 0x5, {0x0?}, {0xdc472d, 0x9})
	github.com/evanw/esbuild/internal/js_parser/js_parser.go:1497 +0x591 fp=0xc000867690 sp=0xc0008675c8 pc=0xaf1a91
github.com/evanw/esbuild/internal/js_parser.(*parser).parseFn(0xc000206008, 0xc00032ba90?, {{0xb06bf0?}, 0x0?}, 0x0, {0x0, 0xc000b46700, {{0x0}, 0x0}, {0x1380f}, ...})
	github.com/evanw/esbuild/internal/js_parser/js_parser.go:6275 +0x639 fp=0xc000867800 sp=0xc000867690 pc=0xb14dd9
github.com/evanw/esbuild/internal/js_parser.(*parser).parseProperty(0xc000206008, {0x80aa9d?}, 0x0, {{0x0, 0x0, 0x0}, 0xc000b46700, 0x0, {{0x0}, 0x0}, ...}, ...)
	github.com/evanw/esbuild/internal/js_parser/js_parser.go:2601 +0x27e5 fp=0xc000867c50 sp=0xc000867800 pc=0xaf8e45
github.com/evanw/esbuild/internal/js_parser.(*parser).parseClass(0xc000206008, {{0xd65400?}, 0x0?}, 0xc000b40480, {{0x0?, 0x30?, 0xc000acdf80?}, 0x10?, 0x0?})
	github.com/evanw/esbuild/internal/js_parser/js_parser.go:6487 +0x546 fp=0xc000867fd8 sp=0xc000867c50 pc=0xb16c26
github.com/evanw/esbuild/internal/js_parser.(*parser).parseClassStmt(0xc000206008, {0x6e756616?}, {0x0, 0x1, 0x1, 0x0, 0x0, 0x0, 0x0, 0x0, ...})
	github.com/evanw/esbuild/internal/js_parser/js_parser.go:6362 +0x3e5 fp=0xc0008681e8 sp=0xc000867fd8 pc=0xb15cc5
github.com/evanw/esbuild/internal/js_parser.(*parser).parseStmt(0xc000206008, {0x0, 0x1, 0x1, 0x0, 0x0, 0x0, 0x0, 0x0, 0x0, ...})
	github.com/evanw/esbuild/internal/js_parser/js_parser.go:7418 +0x44ed fp=0xc000868a88 sp=0xc0008681e8 pc=0xb1f00d
github.com/evanw/esbuild/internal/js_parser.(*parser).parseStmtsUpTo(0xc000206008, 0x0, {0x0, 0x1, 0x1, 0x0, 0x0, 0x0, 0x0, 0x0, ...})
	github.com/evanw/esbuild/internal/js_parser/js_parser.go:8442 +0xdc fp=0xc000868bd0 sp=0xc000868a88 pc=0xb2463c
github.com/evanw/esbuild/internal/js_parser.Parse({_, _, _, _, _, _}, {{{0xc0001a85dd, 0x22}, {0xc0001a85dd, 0x22}}, ...}, ...)
	github.com/evanw/esbuild/internal/js_parser/js_parser.go:17542 +0x366 fp=0xc0008696b0 sp=0xc000868bd0 pc=0xb65826
github.com/evanw/esbuild/internal/cache.(*JSCache).Parse(_, {_, _, _, _, _, _}, {{{0xc0001a85dd, 0x22}, {0xc0001a85dd, ...}}, ...}, ...)
	github.com/evanw/esbuild/internal/cache/cache_ast.go:170 +0x245 fp=0xc000869da8 sp=0xc0008696b0 pc=0xbac0a5
github.com/evanw/esbuild/internal/bundler.parseFile({{0xeb20b0, 0xc0001bc040}, {0xc000196000, 0xc0003623c0, 0xc000362408, 0xc000096260, 0x6, 0xc0002a8180}, 0xc000124908, 0xc000b7a3c0, ...})
	github.com/evanw/esbuild/internal/bundler/bundler.go:265 +0xb45 fp=0xc00086b608 sp=0xc000869da8 pc=0xbea065
github.com/evanw/esbuild/internal/bundler.(*scanner).maybeParseFile.gowrap1()
	github.com/evanw/esbuild/internal/bundler/bundler.go:1620 +0x2fa fp=0xc00086bfe0 sp=0xc00086b608 pc=0xbf769a
runtime.goexit({})
	runtime/asm_amd64.s:1700 +0x1 fp=0xc00086bfe8 sp=0xc00086bfe0 pc=0x8176c1
created by github.com/evanw/esbuild/internal/bundler.(*scanner).maybeParseFile in goroutine 6166
	github.com/evanw/esbuild/internal/bundler/bundler.go:1620 +0xdae

goroutine 6126 gp=0xc000f7c700 m=nil [semacquire]:
runtime.gopark(0x5?, 0xc0007597a0?, 0x10?, 0xe9?, 0x119d640?)
	runtime/proc.go:424 +0xce fp=0xc000759740 sp=0xc000759720 pc=0x80f5ee
runtime.goparkunlock(...)
	runtime/proc.go:430
runtime.semacquire1(0x119755c, 0x0, 0x0, 0x0, 0x12)
	runtime/sema.go:178 +0x232 fp=0xc0007597a8 sp=0xc000759740 pc=0x7ee652
runtime.semacquire(...)
	runtime/sema.go:129
runtime.gcMarkDone()
	runtime/mgc.go:861 +0x32 fp=0xc000759848 sp=0xc0007597a8 pc=0x7b8332
runtime.gcAssistAlloc(0xc000f7c700)
	runtime/mgcmark.go:552 +0x247 fp=0xc0007598a8 sp=0xc000759848 pc=0x7bc4a7
runtime.deductAssistCredit(0x0?)
	runtime/malloc.go:1349 +0x54 fp=0xc0007598d0 sp=0xc0007598a8 pc=0x7ade14
runtime.mallocgc(0x948, 0x0, 0x0)
	runtime/malloc.go:1037 +0xde fp=0xc000759970 sp=0xc0007598d0 pc=0x80a4be
runtime.slicebytetostring(0xd40cc0?, 0xc00173e1f6, 0x948)
	runtime/string.go:122 +0x77 fp=0xc0007599a0 sp=0xc000759970 pc=0x811837
main.(*serviceType).handleTransformRequest(0xadf3ef?, 0x247, 0xc0010d4b70)
	github.com/evanw/esbuild/cmd/esbuild/service.go:1156 +0xad fp=0xc000759f60 sp=0xc0007599a0 pc=0xce8ead
main.(*serviceType).handleIncomingPacket.func3()
	github.com/evanw/esbuild/cmd/esbuild/service.go:242 +0x57 fp=0xc000759fe0 sp=0xc000759f60 pc=0xce3037
runtime.goexit({})
	runtime/asm_amd64.s:1700 +0x1 fp=0xc000759fe8 sp=0xc000759fe0 pc=0x8176c1
created by main.(*serviceType).handleIncomingPacket in goroutine 1
	github.com/evanw/esbuild/cmd/esbuild/service.go:240 +0x1785

goroutine 6123 gp=0xc000f7cfc0 m=nil [semacquire]:
runtime.gopark(0xc0010b7800?, 0x9?, 0x9?, 0x0?, 0xc0010d49f0?)
	runtime/proc.go:424 +0xce fp=0xc002009660 sp=0xc002009640 pc=0x80f5ee
runtime.goparkunlock(...)
	runtime/proc.go:430
runtime.semacquire1(0x119755c, 0x0, 0x0, 0x0, 0x12)
	runtime/sema.go:178 +0x232 fp=0xc0020096c8 sp=0xc002009660 pc=0x7ee652
runtime.semacquire(...)
	runtime/sema.go:129
runtime.gcMarkDone()
	runtime/mgc.go:861 +0x32 fp=0xc002009768 sp=0xc0020096c8 pc=0x7b8332
runtime.gcAssistAlloc(0xc000f7cfc0)
	runtime/mgcmark.go:552 +0x247 fp=0xc0020097c8 sp=0xc002009768 pc=0x7bc4a7
runtime.deductAssistCredit(0x43000000007b26d3?)
	runtime/malloc.go:1349 +0x54 fp=0xc0020097f0 sp=0xc0020097c8 pc=0x7ade14
runtime.mallocgc(0x78, 0xda4940, 0x1)
	runtime/malloc.go:1037 +0xde fp=0xc002009890 sp=0xc0020097f0 pc=0x80a4be
runtime.growslice(0x11dede0, 0x0?, 0x0?, 0x0?, 0xda4940)
	runtime/slice.go:272 +0x55d fp=0xc002009900 sp=0xc002009890 pc=0x8113bd
github.com/evanw/esbuild/internal/js_parser.(*parser).parsePrefix(0xc001083508, 0x1, 0x0, 0x0)
	github.com/evanw/esbuild/internal/js_parser/js_parser.go:3918 +0x3ff6 fp=0xc002009d78 sp=0xc002009900 pc=0xb05c16
github.com/evanw/esbuild/internal/js_parser.(*parser).parseExprCommon(0xc001083508, 0x1, 0x0, 0x0)
	github.com/evanw/esbuild/internal/js_parser/js_parser.go:4206 +0x35 fp=0xc002009dc8 sp=0xc002009d78 pc=0xb06ad5
github.com/evanw/esbuild/internal/js_parser.(*parser).parseExpr(...)
	github.com/evanw/esbuild/internal/js_parser/js_parser.go:4197
github.com/evanw/esbuild/internal/js_parser.(*parser).parseCallArgs(0xc001083508)
	github.com/evanw/esbuild/internal/js_parser/js_parser.go:5078 +0x13f fp=0xc002009e88 sp=0xc002009dc8 pc=0xb0c4bf
github.com/evanw/esbuild/internal/js_parser.(*parser).parseSuffix(0xc001083508, {{0xeaace0?, 0xc0010ca740?}, {0x0?}}, 0x14, 0xc00200a3e8, 0x0)
	github.com/evanw/esbuild/internal/js_parser/js_parser.go:4481 +0x1f8b fp=0xc00200a138 sp=0xc002009e88 pc=0xb08bcb
github.com/evanw/esbuild/internal/js_parser.(*parser).parseExprCommon(0xc001083508, 0x1, 0xc00200a3e8, 0x0)
	github.com/evanw/esbuild/internal/js_parser/js_parser.go:4223 +0xd9 fp=0xc00200a188 sp=0xc00200a138 pc=0xb06b79
github.com/evanw/esbuild/internal/js_parser.(*parser).parseExprOrBindings(...)
	github.com/evanw/esbuild/internal/js_parser/js_parser.go:4193
github.com/evanw/esbuild/internal/js_parser.(*parser).parsePrefix(0xc001083508, 0x1, 0xc00200acd0, 0x0)
	github.com/evanw/esbuild/internal/js_parser/js_parser.go:3849 +0x37e8 fp=0xc00200a600 sp=0xc00200a188 pc=0xb05408
github.com/evanw/esbuild/internal/js_parser.(*parser).parseExprCommon(0xc001083508, 0x1, 0xc00200acd0, 0x0)
	github.com/evanw/esbuild/internal/js_parser/js_parser.go:4206 +0x35 fp=0xc00200a650 sp=0xc00200a600 pc=0xb06ad5
github.com/evanw/esbuild/internal/js_parser.(*parser).parseExprOrBindings(...)
	github.com/evanw/esbuild/internal/js_parser/js_parser.go:4193
github.com/evanw/esbuild/internal/js_parser.(*parser).parseProperty(0xc001083508, {0x1083b68?}, 0x0, {{0x0, 0x0, 0x0}, 0x0, 0x0, {{0x0}, 0x0}, ...}, ...)
	github.com/evanw/esbuild/internal/js_parser/js_parser.go:2703 +0x28e7 fp=0xc00200aaa0 sp=0xc00200a650 pc=0xaf8f47
github.com/evanw/esbuild/internal/js_parser.(*parser).parsePrefix(0xc001083508, 0x1, 0x0, 0x0)
	github.com/evanw/esbuild/internal/js_parser/js_parser.go:3917 +0x3f4c fp=0xc00200af18 sp=0xc00200aaa0 pc=0xb05b6c
github.com/evanw/esbuild/internal/js_parser.(*parser).parseExprCommon(0xc001083508, 0x1, 0x0, 0x0)
	github.com/evanw/esbuild/internal/js_parser/js_parser.go:4206 +0x35 fp=0xc00200af68 sp=0xc00200af18 pc=0xb06ad5
github.com/evanw/esbuild/internal/js_parser.(*parser).parseExpr(...)
	github.com/evanw/esbuild/internal/js_parser/js_parser.go:4197
github.com/evanw/esbuild/internal/js_parser.(*parser).parseCallArgs(0xc001083508)
	github.com/evanw/esbuild/internal/js_parser/js_parser.go:5078 +0x13f fp=0xc00200b028 sp=0xc00200af68 pc=0xb0c4bf
github.com/evanw/esbuild/internal/js_parser.(*parser).parseSuffix(0xc001083508, {{0xeaace0?, 0xc00108b7c0?}, {0x0?}}, 0x14, 0x0, 0x0)
	github.com/evanw/esbuild/internal/js_parser/js_parser.go:4481 +0x1f8b fp=0xc00200b2d8 sp=0xc00200b028 pc=0xb08bcb
github.com/evanw/esbuild/internal/js_parser.(*parser).parseExprCommon(0xc001083508, 0x0, 0x0, 0x0)
	github.com/evanw/esbuild/internal/js_parser/js_parser.go:4223 +0xd9 fp=0xc00200b328 sp=0xc00200b2d8 pc=0xb06b79
github.com/evanw/esbuild/internal/js_parser.(*parser).parseExpr(0xc001083b68?, 0x2?)
	github.com/evanw/esbuild/internal/js_parser/js_parser.go:4197 +0x17 fp=0xc00200b358 sp=0xc00200b328 pc=0xb06a77
github.com/evanw/esbuild/internal/js_parser.(*parser).parseStmt(0xc001083508, {0x0, 0x1, 0x0, 0x0, 0x0, 0x0, 0x0, 0x0, 0x0, ...})
	github.com/evanw/esbuild/internal/js_parser/js_parser.go:8151 +0x1865 fp=0xc00200bbf8 sp=0xc00200b358 pc=0xb1c385
github.com/evanw/esbuild/internal/js_parser.(*parser).parseStmtsUpTo(0xc001083508, 0x12, {0x0, 0x1, 0x0, 0x0, 0x0, 0x0, 0x0, 0x0, ...})
	github.com/evanw/esbuild/internal/js_parser/js_parser.go:8442 +0xdc fp=0xc00200bd40 sp=0xc00200bbf8 pc=0xb2463c
github.com/evanw/esbuild/internal/js_parser.(*parser).parseFnBody(0xc001083508, {0x0, 0x0, {{0x0}, 0x0}, {0x2b5}, 0x0, 0x0, 0x0, 0x0, ...})
	github.com/evanw/esbuild/internal/js_parser/js_parser.go:8401 +0x171 fp=0xc00200be20 sp=0xc00200bd40 pc=0xb24151
github.com/evanw/esbuild/internal/js_parser.(*parser).parseFn(0xc001083508, 0xc001083b68?, {{0x10?}, 0x0?}, 0x0, {0x0, 0x0, {{0x0}, 0x0}, {0x2b5}, ...})
	github.com/evanw/esbuild/internal/js_parser/js_parser.go:6294 +0x7b3 fp=0xc00200bf90 sp=0xc00200be20 pc=0xb14f53
github.com/evanw/esbuild/internal/js_parser.(*parser).parseFnStmt(0xc001083508, {0x0?}, {0x0, 0x1, 0x1, 0x0, 0x0, 0x0, 0x0, 0x0, ...}, ...)
	github.com/evanw/esbuild/internal/js_parser/js_parser.go:6751 +0x59c fp=0xc00200c1e8 sp=0xc00200bf90 pc=0xb1903c
github.com/evanw/esbuild/internal/js_parser.(*parser).parseStmt(0xc001083508, {0x0, 0x1, 0x1, 0x0, 0x0, 0x0, 0x0, 0x0, 0x0, ...})
	github.com/evanw/esbuild/internal/js_parser/js_parser.go:7351 +0x1bfe fp=0xc00200ca88 sp=0xc00200c1e8 pc=0xb1c71e
github.com/evanw/esbuild/internal/js_parser.(*parser).parseStmtsUpTo(0xc001083508, 0x0, {0x0, 0x1, 0x1, 0x0, 0x0, 0x0, 0x0, 0x0, ...})
	github.com/evanw/esbuild/internal/js_parser/js_parser.go:8442 +0xdc fp=0xc00200cbd0 sp=0xc00200ca88 pc=0xb2463c
github.com/evanw/esbuild/internal/js_parser.Parse({_, _, _, _, _, _}, {{{0xc0001a88ad, 0x22}, {0xc0001a88ad, 0x22}}, ...}, ...)
	github.com/evanw/esbuild/internal/js_parser/js_parser.go:17542 +0x366 fp=0xc00200d6b0 sp=0xc00200cbd0 pc=0xb65826
github.com/evanw/esbuild/internal/cache.(*JSCache).Parse(_, {_, _, _, _, _, _}, {{{0xc0001a88ad, 0x22}, {0xc0001a88ad, ...}}, ...}, ...)
	github.com/evanw/esbuild/internal/cache/cache_ast.go:170 +0x245 fp=0xc00200dda8 sp=0xc00200d6b0 pc=0xbac0a5
github.com/evanw/esbuild/internal/bundler.parseFile({{0xeb20b0, 0xc000ee1e00}, {0xc000b3b2d0, 0xc001080dc8, 0xc001080de0, 0xc000ee7a20, 0x6, 0xc000eedf50}, 0xc000eb0908, 0xc000c3baa0, ...})
	github.com/evanw/esbuild/internal/bundler/bundler.go:265 +0xb45 fp=0xc00200f608 sp=0xc00200dda8 pc=0xbea065
github.com/evanw/esbuild/internal/bundler.(*scanner).maybeParseFile.gowrap1()
	github.com/evanw/esbuild/internal/bundler/bundler.go:1620 +0x2fa fp=0xc00200ffe0 sp=0xc00200f608 pc=0xbf769a
runtime.goexit({})
	runtime/asm_amd64.s:1700 +0x1 fp=0xc00200ffe8 sp=0xc00200ffe0 pc=0x8176c1
created by github.com/evanw/esbuild/internal/bundler.(*scanner).maybeParseFile in goroutine 6169
	github.com/evanw/esbuild/internal/bundler/bundler.go:1620 +0xdae

goroutine 7151 gp=0xc000f7d180 m=nil [chan receive]:
runtime.gopark(0x100b456e0?, 0x1337963f210?, 0x40?, 0x1?, 0xd94660?)
	runtime/proc.go:424 +0xce fp=0xc0030a3b20 sp=0xc0030a3b00 pc=0x80f5ee
runtime.chanrecv(0xc001927260, 0xc0030a3f38, 0x1)
	runtime/chan.go:639 +0x41e fp=0xc0030a3b98 sp=0xc0030a3b20 pc=0x7a70de
runtime.chanrecv1(0xc0032205a0?, 0x1?)
	runtime/chan.go:489 +0x12 fp=0xc0030a3bc0 sp=0xc0030a3b98 pc=0x7a6c92
github.com/evanw/esbuild/internal/bundler.(*scanner).scanAllDependencies(0xc002777688)
	github.com/evanw/esbuild/internal/bundler/bundler.go:2172 +0x258 fp=0xc0030a4090 sp=0xc0030a3bc0 pc=0xbfccb8
github.com/evanw/esbuild/internal/bundler.ScanBundle(_, {_, _, _, _, _, _}, {_, _}, 0xc00308f4a0, ...)
	github.com/evanw/esbuild/internal/bundler/bundler.go:1495 +0xbdc fp=0xc0030a4688 sp=0xc0030a4090 pc=0xbf567c
github.com/evanw/esbuild/pkg/api.transformImpl({_, _}, {0x0, 0x0, 0x0, 0xc00321e630, 0x0, 0x3, {0x0, 0x0}, ...})
	github.com/evanw/esbuild/pkg/api/api_impl.go:1801 +0x1405 fp=0xc0030a59a0 sp=0xc0030a4688 pc=0xca60e5
github.com/evanw/esbuild/pkg/api.Transform(...)
	github.com/evanw/esbuild/pkg/api/api.go:477
main.(*serviceType).handleTransformRequest(0x1?, 0x24c, 0xc000c7da70)
	github.com/evanw/esbuild/cmd/esbuild/service.go:1179 +0x338 fp=0xc0030a5f60 sp=0xc0030a59a0 pc=0xce9138
main.(*serviceType).handleIncomingPacket.func3()
	github.com/evanw/esbuild/cmd/esbuild/service.go:242 +0x57 fp=0xc0030a5fe0 sp=0xc0030a5f60 pc=0xce3037
runtime.goexit({})
	runtime/asm_amd64.s:1700 +0x1 fp=0xc0030a5fe8 sp=0xc0030a5fe0 pc=0x8176c1
created by main.(*serviceType).handleIncomingPacket in goroutine 1
	github.com/evanw/esbuild/cmd/esbuild/service.go:240 +0x1785

goroutine 7178 gp=0xc000f7d500 m=nil [runnable]:
runtime.gcTrigger.test({0x0?, 0x0?, 0x0?})
	runtime/mgc.go:602 +0xdc fp=0xc002d98898 sp=0xc002d98890 pc=0x7b7bbc
runtime.mallocgc(0x12, 0xd267e0, 0x1)
	runtime/malloc.go:1303 +0x925 fp=0xc002d98938 sp=0xc002d98898 pc=0x80ad05
runtime.makeslice(0xc003b72668?, 0xc003b6e4ca?, 0xc002d98fe0?)
	runtime/slice.go:116 +0x49 fp=0xc002d98960 sp=0xc002d98938 pc=0x810dc9
github.com/evanw/esbuild/internal/helpers.StringToUTF16(...)
	github.com/evanw/esbuild/internal/helpers/utf.go:34
github.com/evanw/esbuild/internal/js_parser.(*parser).parseProperty(0xc003b72008, {0x3c37f80?}, 0x0, {{0x0, 0x0, 0x0}, 0x0, 0x0, {{0x0}, 0x0}, ...}, ...)
	github.com/evanw/esbuild/internal/js_parser/js_parser.go:2404 +0x1868 fp=0xc002d98db0 sp=0xc002d98960 pc=0xaf7ec8
github.com/evanw/esbuild/internal/js_parser.(*parser).parsePrefix(0xc003b72008, 0x1, 0x0, 0x0)
	github.com/evanw/esbuild/internal/js_parser/js_parser.go:3917 +0x3f4c fp=0xc002d99228 sp=0xc002d98db0 pc=0xb05b6c
github.com/evanw/esbuild/internal/js_parser.(*parser).parseExprCommon(0xc003b72008, 0x1, 0x0, 0x0)
	github.com/evanw/esbuild/internal/js_parser/js_parser.go:4206 +0x35 fp=0xc002d99278 sp=0xc002d99228 pc=0xb06ad5
github.com/evanw/esbuild/internal/js_parser.(*parser).parseExpr(...)
	github.com/evanw/esbuild/internal/js_parser/js_parser.go:4197
github.com/evanw/esbuild/internal/js_parser.(*parser).parseCallArgs(0xc003b72008)
	github.com/evanw/esbuild/internal/js_parser/js_parser.go:5078 +0x13f fp=0xc002d99338 sp=0xc002d99278 pc=0xb0c4bf
github.com/evanw/esbuild/internal/js_parser.(*parser).parseSuffix(0xc003b72008, {{0xeaace0?, 0xc003c3e5c0?}, {0x0?}}, 0x14, 0xc002d99898, 0x0)
	github.com/evanw/esbuild/internal/js_parser/js_parser.go:4481 +0x1f8b fp=0xc002d995e8 sp=0xc002d99338 pc=0xb08bcb
github.com/evanw/esbuild/internal/js_parser.(*parser).parseExprCommon(0xc003b72008, 0x1, 0xc002d99898, 0x0)
	github.com/evanw/esbuild/internal/js_parser/js_parser.go:4223 +0xd9 fp=0xc002d99638 sp=0xc002d995e8 pc=0xb06b79
github.com/evanw/esbuild/internal/js_parser.(*parser).parseExprOrBindings(...)
	github.com/evanw/esbuild/internal/js_parser/js_parser.go:4193
github.com/evanw/esbuild/internal/js_parser.(*parser).parsePrefix(0xc003b72008, 0x1, 0xc002d9a180, 0x0)
	github.com/evanw/esbuild/internal/js_parser/js_parser.go:3849 +0x37e8 fp=0xc002d99ab0 sp=0xc002d99638 pc=0xb05408
github.com/evanw/esbuild/internal/js_parser.(*parser).parseExprCommon(0xc003b72008, 0x1, 0xc002d9a180, 0x0)
	github.com/evanw/esbuild/internal/js_parser/js_parser.go:4206 +0x35 fp=0xc002d99b00 sp=0xc002d99ab0 pc=0xb06ad5
github.com/evanw/esbuild/internal/js_parser.(*parser).parseExprOrBindings(...)
	github.com/evanw/esbuild/internal/js_parser/js_parser.go:4193
github.com/evanw/esbuild/internal/js_parser.(*parser).parseProperty(0xc003b72008, {0x2?}, 0x0, {{0x0, 0x0, 0x0}, 0x0, 0x0, {{0x0}, 0x0}, ...}, ...)
	github.com/evanw/esbuild/internal/js_parser/js_parser.go:2703 +0x28e7 fp=0xc002d99f50 sp=0xc002d99b00 pc=0xaf8f47
github.com/evanw/esbuild/internal/js_parser.(*parser).parsePrefix(0xc003b72008, 0x1, 0x0, 0x0)
	github.com/evanw/esbuild/internal/js_parser/js_parser.go:3917 +0x3f4c fp=0xc002d9a3c8 sp=0xc002d99f50 pc=0xb05b6c
github.com/evanw/esbuild/internal/js_parser.(*parser).parseExprCommon(0xc003b72008, 0x1, 0x0, 0x0)
	github.com/evanw/esbuild/internal/js_parser/js_parser.go:4206 +0x35 fp=0xc002d9a418 sp=0xc002d9a3c8 pc=0xb06ad5
github.com/evanw/esbuild/internal/js_parser.(*parser).parseExpr(...)
	github.com/evanw/esbuild/internal/js_parser/js_parser.go:4197
github.com/evanw/esbuild/internal/js_parser.(*parser).parseCallArgs(0xc003b72008)
	github.com/evanw/esbuild/internal/js_parser/js_parser.go:5078 +0x13f fp=0xc002d9a4d8 sp=0xc002d9a418 pc=0xb0c4bf
github.com/evanw/esbuild/internal/js_parser.(*parser).parseSuffix(0xc003b72008, {{0xeaace0?, 0xc003c3e410?}, {0x0?}}, 0x14, 0xc002d9aa38, 0x0)
	github.com/evanw/esbuild/internal/js_parser/js_parser.go:4481 +0x1f8b fp=0xc002d9a788 sp=0xc002d9a4d8 pc=0xb08bcb
github.com/evanw/esbuild/internal/js_parser.(*parser).parseExprCommon(0xc003b72008, 0x1, 0xc002d9aa38, 0x0)
	github.com/evanw/esbuild/internal/js_parser/js_parser.go:4223 +0xd9 fp=0xc002d9a7d8 sp=0xc002d9a788 pc=0xb06b79
github.com/evanw/esbuild/internal/js_parser.(*parser).parseExprOrBindings(...)
	github.com/evanw/esbuild/internal/js_parser/js_parser.go:4193
github.com/evanw/esbuild/internal/js_parser.(*parser).parsePrefix(0xc003b72008, 0x1, 0xc002d9b320, 0x0)
	github.com/evanw/esbuild/internal/js_parser/js_parser.go:3849 +0x37e8 fp=0xc002d9ac50 sp=0xc002d9a7d8 pc=0xb05408
github.com/evanw/esbuild/internal/js_parser.(*parser).parseExprCommon(0xc003b72008, 0x1, 0xc002d9b320, 0x0)
	github.com/evanw/esbuild/internal/js_parser/js_parser.go:4206 +0x35 fp=0xc002d9aca0 sp=0xc002d9ac50 pc=0xb06ad5
github.com/evanw/esbuild/internal/js_parser.(*parser).parseExprOrBindings(...)
	github.com/evanw/esbuild/internal/js_parser/js_parser.go:4193
github.com/evanw/esbuild/internal/js_parser.(*parser).parseProperty(0xc003b72008, {0xeaac40?}, 0x0, {{0x0, 0x0, 0x0}, 0x0, 0x0, {{0x0}, 0x0}, ...}, ...)
	github.com/evanw/esbuild/internal/js_parser/js_parser.go:2703 +0x28e7 fp=0xc002d9b0f0 sp=0xc002d9aca0 pc=0xaf8f47
github.com/evanw/esbuild/internal/js_parser.(*parser).parsePrefix(0xc003b72008, 0x1, 0x0, 0x0)
	github.com/evanw/esbuild/internal/js_parser/js_parser.go:3917 +0x3f4c fp=0xc002d9b568 sp=0xc002d9b0f0 pc=0xb05b6c
github.com/evanw/esbuild/internal/js_parser.(*parser).parseExprCommon(0xc003b72008, 0x1, 0x0, 0x0)
	github.com/evanw/esbuild/internal/js_parser/js_parser.go:4206 +0x35 fp=0xc002d9b5b8 sp=0xc002d9b568 pc=0xb06ad5
github.com/evanw/esbuild/internal/js_parser.(*parser).parseExpr(...)
	github.com/evanw/esbuild/internal/js_parser/js_parser.go:4197
github.com/evanw/esbuild/internal/js_parser.(*parser).parseCallArgs(0xc003b72008)
	github.com/evanw/esbuild/internal/js_parser/js_parser.go:5078 +0x13f fp=0xc002d9b678 sp=0xc002d9b5b8 pc=0xb0c4bf
github.com/evanw/esbuild/internal/js_parser.(*parser).parseSuffix(0xc003b72008, {{0xeaace0?, 0xc003c3e3e0?}, {0x2d9b900?}}, 0x14, 0xc002d9bff8, 0x0)
	github.com/evanw/esbuild/internal/js_parser/js_parser.go:4481 +0x1f8b fp=0xc002d9b928 sp=0xc002d9b678 pc=0xb08bcb
github.com/evanw/esbuild/internal/js_parser.(*parser).parseExprCommon(0xc003b72008, 0x1, 0xc002d9bff8, 0x0)
	github.com/evanw/esbuild/internal/js_parser/js_parser.go:4223 +0xd9 fp=0xc002d9b978 sp=0xc002d9b928 pc=0xb06b79
github.com/evanw/esbuild/internal/js_parser.(*parser).parseExprOrBindings(...)
	github.com/evanw/esbuild/internal/js_parser/js_parser.go:4193
github.com/evanw/esbuild/internal/js_parser.(*parser).parseProperty(0xc003b72008, {0x3b72668?}, 0x0, {{0x0, 0x0, 0x0}, 0x0, 0x0, {{0x0}, 0x0}, ...}, ...)
	github.com/evanw/esbuild/internal/js_parser/js_parser.go:2703 +0x28e7 fp=0xc002d9bdc8 sp=0xc002d9b978 pc=0xaf8f47
github.com/evanw/esbuild/internal/js_parser.(*parser).parsePrefix(0xc003b72008, 0x1, 0x0, 0x0)
	github.com/evanw/esbuild/internal/js_parser/js_parser.go:3917 +0x3f4c fp=0xc002d9c240 sp=0xc002d9bdc8 pc=0xb05b6c
github.com/evanw/esbuild/internal/js_parser.(*parser).parseExprCommon(0xc003b72008, 0x1, 0x0, 0x0)
	github.com/evanw/esbuild/internal/js_parser/js_parser.go:4206 +0x35 fp=0xc002d9c290 sp=0xc002d9c240 pc=0xb06ad5
github.com/evanw/esbuild/internal/js_parser.(*parser).parseExpr(...)
	github.com/evanw/esbuild/internal/js_parser/js_parser.go:4197
github.com/evanw/esbuild/internal/js_parser.(*parser).parseCallArgs(0xc003b72008)
	github.com/evanw/esbuild/internal/js_parser/js_parser.go:5078 +0x13f fp=0xc002d9c350 sp=0xc002d9c290 pc=0xb0c4bf
github.com/evanw/esbuild/internal/js_parser.(*parser).parseSuffix(0xc003b72008, {{0xeaace0?, 0xc003c3e3c0?}, {0x2d9c600?}}, 0x14, 0xc002d9ccd0, 0x0)
	github.com/evanw/esbuild/internal/js_parser/js_parser.go:4481 +0x1f8b fp=0xc002d9c600 sp=0xc002d9c350 pc=0xb08bcb
github.com/evanw/esbuild/internal/js_parser.(*parser).parseExprCommon(0xc003b72008, 0x1, 0xc002d9ccd0, 0x0)
	github.com/evanw/esbuild/internal/js_parser/js_parser.go:4223 +0xd9 fp=0xc002d9c650 sp=0xc002d9c600 pc=0xb06b79
github.com/evanw/esbuild/internal/js_parser.(*parser).parseExprOrBindings(...)
	github.com/evanw/esbuild/internal/js_parser/js_parser.go:4193
github.com/evanw/esbuild/internal/js_parser.(*parser).parseProperty(0xc003b72008, {0x8?}, 0x0, {{0x0, 0x0, 0x0}, 0x0, 0x0, {{0x0}, 0x0}, ...}, ...)
	github.com/evanw/esbuild/internal/js_parser/js_parser.go:2703 +0x28e7 fp=0xc002d9caa0 sp=0xc002d9c650 pc=0xaf8f47
github.com/evanw/esbuild/internal/js_parser.(*parser).parsePrefix(0xc003b72008, 0x1, 0x0, 0x0)
	github.com/evanw/esbuild/internal/js_parser/js_parser.go:3917 +0x3f4c fp=0xc002d9cf18 sp=0xc002d9caa0 pc=0xb05b6c
github.com/evanw/esbuild/internal/js_parser.(*parser).parseExprCommon(0xc003b72008, 0x1, 0x0, 0x0)
	github.com/evanw/esbuild/internal/js_parser/js_parser.go:4206 +0x35 fp=0xc002d9cf68 sp=0xc002d9cf18 pc=0xb06ad5
github.com/evanw/esbuild/internal/js_parser.(*parser).parseExpr(...)
	github.com/evanw/esbuild/internal/js_parser/js_parser.go:4197
github.com/evanw/esbuild/internal/js_parser.(*parser).parseCallArgs(0xc003b72008)
	github.com/evanw/esbuild/internal/js_parser/js_parser.go:5078 +0x13f fp=0xc002d9d028 sp=0xc002d9cf68 pc=0xb0c4bf
github.com/evanw/esbuild/internal/js_parser.(*parser).parseSuffix(0xc003b72008, {{0xeaace0?, 0xc003c3e390?}, {0x0?}}, 0x14, 0x0, 0x0)
	github.com/evanw/esbuild/internal/js_parser/js_parser.go:4481 +0x1f8b fp=0xc002d9d2d8 sp=0xc002d9d028 pc=0xb08bcb
github.com/evanw/esbuild/internal/js_parser.(*parser).parseExprCommon(0xc003b72008, 0x0, 0x0, 0x0)
	github.com/evanw/esbuild/internal/js_parser/js_parser.go:4223 +0xd9 fp=0xc002d9d328 sp=0xc002d9d2d8 pc=0xb06b79
github.com/evanw/esbuild/internal/js_parser.(*parser).parseExpr(0xc003b72668?, 0x2?)
	github.com/evanw/esbuild/internal/js_parser/js_parser.go:4197 +0x17 fp=0xc002d9d358 sp=0xc002d9d328 pc=0xb06a77
github.com/evanw/esbuild/internal/js_parser.(*parser).parseStmt(0xc003b72008, {0x0, 0x1, 0x0, 0x0, 0x0, 0x0, 0x0, 0x0, 0x0, ...})
	github.com/evanw/esbuild/internal/js_parser/js_parser.go:8151 +0x1865 fp=0xc002d9dbf8 sp=0xc002d9d358 pc=0xb1c385
github.com/evanw/esbuild/internal/js_parser.(*parser).parseStmtsUpTo(0xc003b72008, 0x12, {0x0, 0x1, 0x0, 0x0, 0x0, 0x0, 0x0, 0x0, ...})
	github.com/evanw/esbuild/internal/js_parser/js_parser.go:8442 +0xdc fp=0xc002d9dd40 sp=0xc002d9dbf8 pc=0xb2463c
github.com/evanw/esbuild/internal/js_parser.(*parser).parseFnBody(0xc003b72008, {0x0, 0x0, {{0x0}, 0x0}, {0x7a4f}, 0x0, 0x0, 0x0, 0x0, ...})
	github.com/evanw/esbuild/internal/js_parser/js_parser.go:8401 +0x171 fp=0xc002d9de20 sp=0xc002d9dd40 pc=0xb24151
github.com/evanw/esbuild/internal/js_parser.(*parser).parseFn(0xc003b72008, 0x0?, {{0x7b1db7?}, 0x0?}, 0x0, {0x0, 0x0, {{0x0}, 0x0}, {0x7a4f}, ...})
	github.com/evanw/esbuild/internal/js_parser/js_parser.go:6294 +0x7b3 fp=0xc002d9df90 sp=0xc002d9de20 pc=0xb14f53
github.com/evanw/esbuild/internal/js_parser.(*parser).parseFnStmt(0xc003b72008, {0x16?}, {0x0, 0x1, 0x1, 0x0, 0x0, 0x0, 0x0, 0x0, ...}, ...)
	github.com/evanw/esbuild/internal/js_parser/js_parser.go:6751 +0x59c fp=0xc002d9e1e8 sp=0xc002d9df90 pc=0xb1903c
github.com/evanw/esbuild/internal/js_parser.(*parser).parseStmt(0xc003b72008, {0x0, 0x1, 0x1, 0x0, 0x0, 0x0, 0x0, 0x0, 0x0, ...})
	github.com/evanw/esbuild/internal/js_parser/js_parser.go:7351 +0x1bfe fp=0xc002d9ea88 sp=0xc002d9e1e8 pc=0xb1c71e
github.com/evanw/esbuild/internal/js_parser.(*parser).parseStmtsUpTo(0xc003b72008, 0x0, {0x0, 0x1, 0x1, 0x0, 0x0, 0x0, 0x0, 0x0, ...})
	github.com/evanw/esbuild/internal/js_parser/js_parser.go:8442 +0xdc fp=0xc002d9ebd0 sp=0xc002d9ea88 pc=0xb2463c
github.com/evanw/esbuild/internal/js_parser.Parse({_, _, _, _, _, _}, {{{0xc0001a768d, 0x26}, {0xc0001a768d, 0x26}}, ...}, ...)
	github.com/evanw/esbuild/internal/js_parser/js_parser.go:17542 +0x366 fp=0xc002d9f6b0 sp=0xc002d9ebd0 pc=0xb65826
github.com/evanw/esbuild/internal/cache.(*JSCache).Parse(_, {_, _, _, _, _, _}, {{{0xc0001a768d, 0x26}, {0xc0001a768d, ...}}, ...}, ...)
	github.com/evanw/esbuild/internal/cache/cache_ast.go:170 +0x245 fp=0xc002d9fda8 sp=0xc002d9f6b0 pc=0xbac0a5
github.com/evanw/esbuild/internal/bundler.parseFile({{0xeb20b0, 0xc0037ca200}, {0xc003598f50, 0xc0035d9ef0, 0xc0035d9f08, 0xc0035f65c0, 0x6, 0xc0037927e0}, 0xc000eb0488, 0xc0037ea240, ...})
	github.com/evanw/esbuild/internal/bundler/bundler.go:265 +0xb45 fp=0xc002da1608 sp=0xc002d9fda8 pc=0xbea065
github.com/evanw/esbuild/internal/bundler.(*scanner).maybeParseFile.gowrap1()
	github.com/evanw/esbuild/internal/bundler/bundler.go:1620 +0x2fa fp=0xc002da1fe0 sp=0xc002da1608 pc=0xbf769a
runtime.goexit({})
	runtime/asm_amd64.s:1700 +0x1 fp=0xc002da1fe8 sp=0xc002da1fe0 pc=0x8176c1
created by github.com/evanw/esbuild/internal/bundler.(*scanner).maybeParseFile in goroutine 6124
	github.com/evanw/esbuild/internal/bundler/bundler.go:1620 +0xdae

goroutine 7171 gp=0xc000caae00 m=nil [runnable]:
github.com/evanw/esbuild/internal/bundler.ScanBundle.func2()
	github.com/evanw/esbuild/internal/bundler/bundler.go:1413 fp=0xc0005e9fe0 sp=0xc0005e9fd8 pc=0xbf5ea0
runtime.goexit({})
	runtime/asm_amd64.s:1700 +0x1 fp=0xc0005e9fe8 sp=0xc0005e9fe0 pc=0x8176c1
created by github.com/evanw/esbuild/internal/bundler.ScanBundle in goroutine 7152
	github.com/evanw/esbuild/internal/bundler/bundler.go:1413 +0x97d

goroutine 6222 gp=0xc000d08fc0 m=nil [semacquire]:
runtime.gopark(0xc0008373a0?, 0x0?, 0x8?, 0xca?, 0xc00063d788?)
	runtime/proc.go:424 +0xce fp=0xc00063d740 sp=0xc00063d720 pc=0x80f5ee
runtime.goparkunlock(...)
	runtime/proc.go:430
runtime.semacquire1(0x119755c, 0x0, 0x0, 0x0, 0x12)
	runtime/sema.go:178 +0x232 fp=0xc00063d7a8 sp=0xc00063d740 pc=0x7ee652
runtime.semacquire(...)
	runtime/sema.go:129
runtime.gcMarkDone()
	runtime/mgc.go:861 +0x32 fp=0xc00063d848 sp=0xc00063d7a8 pc=0x7b8332
runtime.gcAssistAlloc(0xc000d08fc0)
	runtime/mgcmark.go:552 +0x247 fp=0xc00063d8a8 sp=0xc00063d848 pc=0x7bc4a7
runtime.deductAssistCredit(0xc000cb94d0?)
	runtime/malloc.go:1349 +0x54 fp=0xc00063d8d0 sp=0xc00063d8a8 pc=0x7ade14
runtime.mallocgc(0x14a, 0x0, 0x0)
	runtime/malloc.go:1037 +0xde fp=0xc00063d970 sp=0xc00063d8d0 pc=0x80a4be
runtime.slicebytetostring(0xd40cc0?, 0xc0000ba8f2, 0x14a)
	runtime/string.go:122 +0x77 fp=0xc00063d9a0 sp=0xc00063d970 pc=0x811837
main.(*serviceType).handleTransformRequest(0xc00043def0?, 0x1f6, 0xc000488480)
	github.com/evanw/esbuild/cmd/esbuild/service.go:1156 +0xad fp=0xc00063df60 sp=0xc00063d9a0 pc=0xce8ead
main.(*serviceType).handleIncomingPacket.func3()
	github.com/evanw/esbuild/cmd/esbuild/service.go:242 +0x57 fp=0xc00063dfe0 sp=0xc00063df60 pc=0xce3037
runtime.goexit({})
	runtime/asm_amd64.s:1700 +0x1 fp=0xc00063dfe8 sp=0xc00063dfe0 pc=0x8176c1
created by main.(*serviceType).handleIncomingPacket in goroutine 1
	github.com/evanw/esbuild/cmd/esbuild/service.go:240 +0x1785

goroutine 6209 gp=0xc000d09880 m=nil [semacquire]:
runtime.gopark(0x0?, 0x0?, 0x0?, 0x0?, 0x0?)
	runtime/proc.go:424 +0xce fp=0xc000aad740 sp=0xc000aad720 pc=0x80f5ee
runtime.goparkunlock(...)
	runtime/proc.go:430
runtime.semacquire1(0x119755c, 0x0, 0x0, 0x0, 0x12)
	runtime/sema.go:178 +0x232 fp=0xc000aad7a8 sp=0xc000aad740 pc=0x7ee652
runtime.semacquire(...)
	runtime/sema.go:129
runtime.gcMarkDone()
	runtime/mgc.go:861 +0x32 fp=0xc000aad848 sp=0xc000aad7a8 pc=0x7b8332
runtime.gcAssistAlloc(0xc000d09880)
	runtime/mgcmark.go:552 +0x247 fp=0xc000aad8a8 sp=0xc000aad848 pc=0x7bc4a7
runtime.deductAssistCredit(0xc000d7ff20?)
	runtime/malloc.go:1349 +0x54 fp=0xc000aad8d0 sp=0xc000aad8a8 pc=0x7ade14
runtime.mallocgc(0x105, 0x0, 0x0)
	runtime/malloc.go:1037 +0xde fp=0xc000aad970 sp=0xc000aad8d0 pc=0x80a4be
runtime.slicebytetostring(0xd40cc0?, 0xc0003fe1ec, 0x105)
	runtime/string.go:122 +0x77 fp=0xc000aad9a0 sp=0xc000aad970 pc=0x811837
main.(*serviceType).handleTransformRequest(0x1?, 0x1e9, 0xc000399ce0)
	github.com/evanw/esbuild/cmd/esbuild/service.go:1156 +0xad fp=0xc000aadf60 sp=0xc000aad9a0 pc=0xce8ead
main.(*serviceType).handleIncomingPacket.func3()
	github.com/evanw/esbuild/cmd/esbuild/service.go:242 +0x57 fp=0xc000aadfe0 sp=0xc000aadf60 pc=0xce3037
runtime.goexit({})
	runtime/asm_amd64.s:1700 +0x1 fp=0xc000aadfe8 sp=0xc000aadfe0 pc=0x8176c1
created by main.(*serviceType).handleIncomingPacket in goroutine 1
	github.com/evanw/esbuild/cmd/esbuild/service.go:240 +0x1785

goroutine 7149 gp=0xc000d09c00 m=nil [chan receive]:
runtime.gopark(0x10a1c80?, 0x133795d3718?, 0x40?, 0x1?, 0xd94660?)
	runtime/proc.go:424 +0xce fp=0xc002e0bb20 sp=0xc002e0bb00 pc=0x80f5ee
runtime.chanrecv(0xc001926850, 0xc002e0bf38, 0x1)
	runtime/chan.go:639 +0x41e fp=0xc002e0bb98 sp=0xc002e0bb20 pc=0x7a70de
runtime.chanrecv1(0xc002e26dc8?, 0x1?)
	runtime/chan.go:489 +0x12 fp=0xc002e0bbc0 sp=0xc002e0bb98 pc=0x7a6c92
github.com/evanw/esbuild/internal/bundler.(*scanner).scanAllDependencies(0xc00037d688)
	github.com/evanw/esbuild/internal/bundler/bundler.go:2172 +0x258 fp=0xc002e0c090 sp=0xc002e0bbc0 pc=0xbfccb8
github.com/evanw/esbuild/internal/bundler.ScanBundle(_, {_, _, _, _, _, _}, {_, _}, 0xc002e1cae0, ...)
	github.com/evanw/esbuild/internal/bundler/bundler.go:1495 +0xbdc fp=0xc002e0c688 sp=0xc002e0c090 pc=0xbf567c
github.com/evanw/esbuild/pkg/api.transformImpl({_, _}, {0x0, 0x0, 0x0, 0xc002e22f30, 0x0, 0x3, {0x0, 0x0}, ...})
	github.com/evanw/esbuild/pkg/api/api_impl.go:1801 +0x1405 fp=0xc002e0d9a0 sp=0xc002e0c688 pc=0xca60e5
github.com/evanw/esbuild/pkg/api.Transform(...)
	github.com/evanw/esbuild/pkg/api/api.go:477
main.(*serviceType).handleTransformRequest(0x0?, 0x24a, 0xc000c7d9b0)
	github.com/evanw/esbuild/cmd/esbuild/service.go:1179 +0x338 fp=0xc002e0df60 sp=0xc002e0d9a0 pc=0xce9138
main.(*serviceType).handleIncomingPacket.func3()
	github.com/evanw/esbuild/cmd/esbuild/service.go:242 +0x57 fp=0xc002e0dfe0 sp=0xc002e0df60 pc=0xce3037
runtime.goexit({})
	runtime/asm_amd64.s:1700 +0x1 fp=0xc002e0dfe8 sp=0xc002e0dfe0 pc=0x8176c1
created by main.(*serviceType).handleIncomingPacket in goroutine 1
	github.com/evanw/esbuild/cmd/esbuild/service.go:240 +0x1785

goroutine 6590 gp=0xc0008fc700 m=nil [semacquire]:
runtime.gopark(0xa00002db5?, 0x1?, 0x1?, 0x0?, 0xc001a9d7a0?)
	runtime/proc.go:424 +0xce fp=0xc000b87250 sp=0xc000b87230 pc=0x80f5ee
runtime.goparkunlock(...)
	runtime/proc.go:430
runtime.semacquire1(0x119755c, 0x0, 0x0, 0x0, 0x12)
	runtime/sema.go:178 +0x232 fp=0xc000b872b8 sp=0xc000b87250 pc=0x7ee652
runtime.semacquire(...)
	runtime/sema.go:129
runtime.gcMarkDone()
	runtime/mgc.go:861 +0x32 fp=0xc000b87358 sp=0xc000b872b8 pc=0x7b8332
runtime.gcAssistAlloc(0xc0008fc700)
	runtime/mgcmark.go:552 +0x247 fp=0xc000b873b8 sp=0xc000b87358 pc=0x7bc4a7
runtime.deductAssistCredit(0xc002818038?)
	runtime/malloc.go:1349 +0x54 fp=0xc000b873e0 sp=0xc000b873b8 pc=0x7ade14
runtime.mallocgc(0x18, 0xd64dc0, 0x1)
	runtime/malloc.go:1037 +0xde fp=0xc000b87480 sp=0xc000b873e0 pc=0x80a4be
runtime.growslice(0x0, 0xdc2997?, 0x6?, 0x6e66286e00000001?, 0xd64dc0)
	runtime/slice.go:272 +0x55d fp=0xc000b874f0 sp=0xc000b87480 pc=0x8113bd
github.com/evanw/esbuild/internal/linker.(*linkerContext).convertStmtsForChunk(0xc0028682c0, 0x1, 0xc000b87c78, {0xc002872c30?, 0x13353cb0eb8?, 0x10?})
	github.com/evanw/esbuild/internal/linker/linker.go:4575 +0x1a38 fp=0xc000b876b0 sp=0xc000b874f0 pc=0xc76318
github.com/evanw/esbuild/internal/linker.(*linkerContext).generateCodeForFileInChunkJS(0xc0028682c0, {0xeab580, 0xc001bfd3b0}, 0xc0028a3330, {0xaa3fd0?, 0xc0?, 0x7e391b?}, {0x0?, 0xc804a8?}, {0x0, ...}, ...)
	github.com/evanw/esbuild/internal/linker/linker.go:4785 +0x2b33 fp=0xc000b87f58 sp=0xc000b876b0 pc=0xc79d13
github.com/evanw/esbuild/internal/linker.(*linkerContext).generateChunkJS.gowrap4()
	github.com/evanw/esbuild/internal/linker/linker.go:5600 +0x93 fp=0xc000b87fe0 sp=0xc000b87f58 pc=0xc874b3
runtime.goexit({})
	runtime/asm_amd64.s:1700 +0x1 fp=0xc000b87fe8 sp=0xc000b87fe0 pc=0x8176c1
created by github.com/evanw/esbuild/internal/linker.(*linkerContext).generateChunkJS in goroutine 6588
	github.com/evanw/esbuild/internal/linker/linker.go:5600 +0xb71

goroutine 6208 gp=0xc0008fd6c0 m=nil [semacquire]:
runtime.gopark(0xc0006bb040?, 0x1?, 0xc8?, 0x77?, 0x7b3e65?)
	runtime/proc.go:424 +0xce fp=0xc000be7740 sp=0xc000be7720 pc=0x80f5ee
runtime.goparkunlock(...)
	runtime/proc.go:430
runtime.semacquire1(0x119755c, 0x0, 0x0, 0x0, 0x12)
	runtime/sema.go:178 +0x232 fp=0xc000be77a8 sp=0xc000be7740 pc=0x7ee652
runtime.semacquire(...)
	runtime/sema.go:129
runtime.gcMarkDone()
	runtime/mgc.go:861 +0x32 fp=0xc000be7848 sp=0xc000be77a8 pc=0x7b8332
runtime.gcAssistAlloc(0xc0008fd6c0)
	runtime/mgcmark.go:552 +0x247 fp=0xc000be78a8 sp=0xc000be7848 pc=0x7bc4a7
runtime.deductAssistCredit(0x0?)
	runtime/malloc.go:1349 +0x54 fp=0xc000be78d0 sp=0xc000be78a8 pc=0x7ade14
runtime.mallocgc(0x5f3, 0x0, 0x0)
	runtime/malloc.go:1037 +0xde fp=0xc000be7970 sp=0xc000be78d0 pc=0x80a4be
runtime.slicebytetostring(0xd40cc0?, 0xc0003c51f8, 0x5f3)
	runtime/string.go:122 +0x77 fp=0xc000be79a0 sp=0xc000be7970 pc=0x811837
main.(*serviceType).handleTransformRequest(0x0?, 0x1e8, 0xc000399c80)
	github.com/evanw/esbuild/cmd/esbuild/service.go:1156 +0xad fp=0xc000be7f60 sp=0xc000be79a0 pc=0xce8ead
main.(*serviceType).handleIncomingPacket.func3()
	github.com/evanw/esbuild/cmd/esbuild/service.go:242 +0x57 fp=0xc000be7fe0 sp=0xc000be7f60 pc=0xce3037
runtime.goexit({})
	runtime/asm_amd64.s:1700 +0x1 fp=0xc000be7fe8 sp=0xc000be7fe0 pc=0x8176c1
created by main.(*serviceType).handleIncomingPacket in goroutine 1
	github.com/evanw/esbuild/cmd/esbuild/service.go:240 +0x1785

goroutine 6184 gp=0xc000d08000 m=nil [semacquire]:
runtime.gopark(0xc000d08000?, 0xc0025d0810?, 0x40?, 0xb1?, 0xc0021538c0?)
	runtime/proc.go:424 +0xce fp=0xc001ab9960 sp=0xc001ab9940 pc=0x80f5ee
runtime.goparkunlock(...)
	runtime/proc.go:430
runtime.semacquire1(0xc002499968, 0x0, 0x1, 0x0, 0x12)
	runtime/sema.go:178 +0x232 fp=0xc001ab99c8 sp=0xc001ab9960 pc=0x7ee652
sync.runtime_Semacquire(0xc541c0?)
	runtime/sema.go:71 +0x25 fp=0xc001ab9a00 sp=0xc001ab99c8 pc=0x810685
sync.(*WaitGroup).Wait(0xc0021538c0?)
	sync/waitgroup.go:118 +0x48 fp=0xc001ab9a28 sp=0xc001ab9a00 pc=0x8311e8
github.com/evanw/esbuild/internal/linker.(*linkerContext).generateChunksInParallel(0xc0021538c0, {0x0, 0x0, 0x8?})
	github.com/evanw/esbuild/internal/linker/linker.go:624 +0x417 fp=0xc001ab9d00 sp=0xc001ab9a28 pc=0xc547f7
github.com/evanw/esbuild/internal/linker.Link(0xc00251d008, 0x0, {0xc002525e40, 0xc002538048, 0xc00217e5b8, 0xc0024360e0, 0x6, 0xc00243c180}, {0xeb20b0, 0xc0024340c0}, ...)
	github.com/evanw/esbuild/internal/linker/linker.go:349 +0x11ba fp=0xc001aba0b0 sp=0xc001ab9d00 pc=0xc5193a
github.com/evanw/esbuild/internal/bundler.(*Bundle).Compile(0xc002440408, {0xc001e4b2d0, 0xc00217e5a0, 0xc00217e5b8, 0xc0024360e0, 0x6, 0xc00243c180}, 0x0, 0x0, 0xe0d8a8)
	github.com/evanw/esbuild/internal/bundler/bundler.go:3022 +0x9c7 fp=0xc001aba688 sp=0xc001aba0b0 pc=0xc06c87
github.com/evanw/esbuild/pkg/api.transformImpl({_, _}, {0x0, 0x0, 0x0, 0xc00243c0f0, 0x0, 0x3, {0x0, 0x0}, ...})
	github.com/evanw/esbuild/pkg/api/api_impl.go:1806 +0x14c5 fp=0xc001abb9a0 sp=0xc001aba688 pc=0xca61a5
github.com/evanw/esbuild/pkg/api.Transform(...)
	github.com/evanw/esbuild/pkg/api/api.go:477
main.(*serviceType).handleTransformRequest(0x1?, 0x1d0, 0xc000399380)
	github.com/evanw/esbuild/cmd/esbuild/service.go:1179 +0x338 fp=0xc001abbf60 sp=0xc001abb9a0 pc=0xce9138
main.(*serviceType).handleIncomingPacket.func3()
	github.com/evanw/esbuild/cmd/esbuild/service.go:242 +0x57 fp=0xc001abbfe0 sp=0xc001abbf60 pc=0xce3037
runtime.goexit({})
	runtime/asm_amd64.s:1700 +0x1 fp=0xc001abbfe8 sp=0xc001abbfe0 pc=0x8176c1
created by main.(*serviceType).handleIncomingPacket in goroutine 1
	github.com/evanw/esbuild/cmd/esbuild/service.go:240 +0x1785

goroutine 7007 gp=0xc00075c380 m=nil [runnable]:
github.com/evanw/esbuild/internal/css_printer.(*printer).printWithEscape(0xc0013ab880, 0x61, 0x0?, {0xc002894d24?, 0xc?}, 0x0?)
	github.com/evanw/esbuild/internal/css_printer/css_printer.go:832 +0x5d4 fp=0xc0013aae90 sp=0xc0013aae88 pc=0xc133d4
github.com/evanw/esbuild/internal/css_printer.(*printer).printIdent(0xc0013ab880, {0xc002894d20, 0x10}, 0x0?, 0x0)
	github.com/evanw/esbuild/internal/css_printer/css_printer.go:1065 +0x16b fp=0xc0013aaef0 sp=0xc0013aae90 pc=0xc141eb
github.com/evanw/esbuild/internal/css_printer.(*printer).printSymbol(0xc0013ab880, {0x0?}, {0x0?, 0x5?}, 0x0, 0x0)
	github.com/evanw/esbuild/internal/css_printer/css_printer.go:1082 +0x17a fp=0xc0013aaf68 sp=0xc0013aaef0 pc=0xc1469a
github.com/evanw/esbuild/internal/css_printer.(*printer).printCompoundSelector(0xc0013ab880, {0x0, {0xc000ed3620, 0x1, 0x1}, {0x0, 0x0, 0x0}, {{0x0}, 0x0}, ...}, ...)
	github.com/evanw/esbuild/internal/css_printer/css_printer.go:643 +0x90a fp=0xc0013ab060 sp=0xc0013aaf68 pc=0xc117aa
github.com/evanw/esbuild/internal/css_printer.(*printer).printComplexSelectors(0xc0013ab880, {0xc000ed3638?, 0x1, 0xc0031d9f50?}, 0x2, 0x0)
	github.com/evanw/esbuild/internal/css_printer/css_printer.go:573 +0x3d2 fp=0xc0013ab148 sp=0xc0013ab060 pc=0xc10d32
github.com/evanw/esbuild/internal/css_printer.(*printer).printRule(0xc0013ab880, {{0xeac4e0?, 0xc0004d0540?}, {0x2?}}, 0x2, 0x0)
	github.com/evanw/esbuild/internal/css_printer/css_printer.go:296 +0xd5c fp=0xc0013ab2e0 sp=0xc0013ab148 pc=0xc0cd3c
github.com/evanw/esbuild/internal/css_printer.(*printer).printRuleBlock(0xc0013ab880, {0xc0019ec008, 0x76, 0xc003282360?}, 0x1, {0x6f223d00?})
	github.com/evanw/esbuild/internal/css_printer/css_printer.go:537 +0x187 fp=0xc0013ab350 sp=0xc0013ab2e0 pc=0xc10747
github.com/evanw/esbuild/internal/css_printer.(*printer).printRule(0xc0013ab880, {{0xeac3f0?, 0xc000619f40?}, {0x7451656c?}}, 0x1, 0x0)
	github.com/evanw/esbuild/internal/css_printer/css_printer.go:378 +0x2849 fp=0xc0013ab4e8 sp=0xc0013ab350 pc=0xc0e829
github.com/evanw/esbuild/internal/css_printer.(*printer).printRuleBlock(0xc0013ab880, {0xc0008d2000, 0x64a, 0xea5c80?}, 0x0, {0x61462228?})
	github.com/evanw/esbuild/internal/css_printer/css_printer.go:537 +0x187 fp=0xc0013ab558 sp=0xc0013ab4e8 pc=0xc10747
github.com/evanw/esbuild/internal/css_printer.(*printer).printRule(0xc0013ab880, {{0xeac418?, 0xc00070f340?}, {0x65722d72?}}, 0x0, 0x0)
	github.com/evanw/esbuild/internal/css_printer/css_printer.go:353 +0x2ce9 fp=0xc0013ab6f0 sp=0xc0013ab558 pc=0xc0ecc9
github.com/evanw/esbuild/internal/css_printer.Print({{0x0, 0x0, 0x0}, 0xc000006600, {0xc0028689a0, 0x3, 0x3}, {0xc0019ed808, 0x77, 0x79}, ...}, ...)
	github.com/evanw/esbuild/internal/css_printer/css_printer.go:75 +0x2f1 fp=0xc0013abbe0 sp=0xc0013ab6f0 pc=0xc0ba91
github.com/evanw/esbuild/internal/linker.(*linkerContext).generateChunkCSS.func1(0x0?, {{0x0, 0x0, 0x0}, {0x0, 0x0, 0x0}, {0x0, 0x0, 0x0}, ...}, ...)
	github.com/evanw/esbuild/internal/linker/linker.go:6253 +0x2f8 fp=0xc0013abf28 sp=0xc0013abbe0 pc=0xc8ddd8
github.com/evanw/esbuild/internal/linker.(*linkerContext).generateChunkCSS.gowrap4()
	github.com/evanw/esbuild/internal/linker/linker.go:6255 +0x58 fp=0xc0013abfe0 sp=0xc0013abf28 pc=0xc8dab8
runtime.goexit({})
	runtime/asm_amd64.s:1700 +0x1 fp=0xc0013abfe8 sp=0xc0013abfe0 pc=0x8176c1
created by github.com/evanw/esbuild/internal/linker.(*linkerContext).generateChunkCSS in goroutine 7004
	github.com/evanw/esbuild/internal/linker/linker.go:6226 +0xfe5

goroutine 6188 gp=0xc000354a80 m=nil [semacquire]:
runtime.gopark(0xc000354a80?, 0xc0028e4150?, 0xa0?, 0x2?, 0xc0028682c0?)
	runtime/proc.go:424 +0xce fp=0xc001d63960 sp=0xc001d63940 pc=0x80f5ee
runtime.goparkunlock(...)
	runtime/proc.go:430
runtime.semacquire1(0xc0028a2f38, 0x0, 0x1, 0x0, 0x12)
	runtime/sema.go:178 +0x232 fp=0xc001d639c8 sp=0xc001d63960 pc=0x7ee652
sync.runtime_Semacquire(0xc541c0?)
	runtime/sema.go:71 +0x25 fp=0xc001d63a00 sp=0xc001d639c8 pc=0x810685
sync.(*WaitGroup).Wait(0xc0028682c0?)
	sync/waitgroup.go:118 +0x48 fp=0xc001d63a28 sp=0xc001d63a00 pc=0x8311e8
github.com/evanw/esbuild/internal/linker.(*linkerContext).generateChunksInParallel(0xc0028682c0, {0x0, 0x0, 0x8?})
	github.com/evanw/esbuild/internal/linker/linker.go:624 +0x417 fp=0xc001d63d00 sp=0xc001d63a28 pc=0xc547f7
github.com/evanw/esbuild/internal/linker.Link(0xc00287f808, 0x0, {0xc00289a380, 0xc0028b6000, 0xc002809068, 0xc002711780, 0x6, 0xc00277bbc0}, {0xeb20b0, 0xc002800340}, ...)
	github.com/evanw/esbuild/internal/linker/linker.go:349 +0x11ba fp=0xc001d640b0 sp=0xc001d63d00 pc=0xc5193a
github.com/evanw/esbuild/internal/bundler.(*Bundle).Compile(0xc002775408, {0xc001c61110, 0xc002809050, 0xc002809068, 0xc002711780, 0x6, 0xc00277bbc0}, 0x0, 0x0, 0xe0d8a8)
	github.com/evanw/esbuild/internal/bundler/bundler.go:3022 +0x9c7 fp=0xc001d64688 sp=0xc001d640b0 pc=0xc06c87
github.com/evanw/esbuild/pkg/api.transformImpl({_, _}, {0x0, 0x0, 0x0, 0xc00277bb30, 0x0, 0x3, {0x0, 0x0}, ...})
	github.com/evanw/esbuild/pkg/api/api_impl.go:1806 +0x14c5 fp=0xc001d659a0 sp=0xc001d64688 pc=0xca61a5
github.com/evanw/esbuild/pkg/api.Transform(...)
	github.com/evanw/esbuild/pkg/api/api.go:477
main.(*serviceType).handleTransformRequest(0x0?, 0x1d4, 0xc000399500)
	github.com/evanw/esbuild/cmd/esbuild/service.go:1179 +0x338 fp=0xc001d65f60 sp=0xc001d659a0 pc=0xce9138
main.(*serviceType).handleIncomingPacket.func3()
	github.com/evanw/esbuild/cmd/esbuild/service.go:242 +0x57 fp=0xc001d65fe0 sp=0xc001d65f60 pc=0xce3037
runtime.goexit({})
	runtime/asm_amd64.s:1700 +0x1 fp=0xc001d65fe8 sp=0xc001d65fe0 pc=0x8176c1
created by main.(*serviceType).handleIncomingPacket in goroutine 1
	github.com/evanw/esbuild/cmd/esbuild/service.go:240 +0x1785

goroutine 6168 gp=0xc000e928c0 m=nil [semacquire]:
runtime.gopark(0xc000e928c0?, 0x0?, 0x60?, 0x1e?, 0xc001cee160?)
	runtime/proc.go:424 +0xce fp=0xc001c4d960 sp=0xc001c4d940 pc=0x80f5ee
runtime.goparkunlock(...)
	runtime/proc.go:430
runtime.semacquire1(0xc0026af998, 0x0, 0x1, 0x0, 0x12)
	runtime/sema.go:178 +0x232 fp=0xc001c4d9c8 sp=0xc001c4d960 pc=0x7ee652
sync.runtime_Semacquire(0xc541c0?)
	runtime/sema.go:71 +0x25 fp=0xc001c4da00 sp=0xc001c4d9c8 pc=0x810685
sync.(*WaitGroup).Wait(0xc001cee160?)
	sync/waitgroup.go:118 +0x48 fp=0xc001c4da28 sp=0xc001c4da00 pc=0x8311e8
github.com/evanw/esbuild/internal/linker.(*linkerContext).generateChunksInParallel(0xc001cee160, {0x0, 0x0, 0x8?})
	github.com/evanw/esbuild/internal/linker/linker.go:624 +0x417 fp=0xc001c4dd00 sp=0xc001c4da28 pc=0xc547f7
github.com/evanw/esbuild/internal/linker.Link(0xc001cd1008, 0x0, {0xc001d6d0a0, 0xc001ccd278, 0xc001a58978, 0xc001a4a980, 0x6, 0xc001c36a50}, {0xeb20b0, 0xc001a5e100}, ...)
	github.com/evanw/esbuild/internal/linker/linker.go:349 +0x11ba fp=0xc001c4e0b0 sp=0xc001c4dd00 pc=0xc5193a
github.com/evanw/esbuild/internal/bundler.(*Bundle).Compile(0xc001c00c08, {0xc000c1df10, 0xc001a58960, 0xc001a58978, 0xc001a4a980, 0x6, 0xc001c36a50}, 0x0, 0x0, 0xe0d8a8)
	github.com/evanw/esbuild/internal/bundler/bundler.go:3022 +0x9c7 fp=0xc001c4e688 sp=0xc001c4e0b0 pc=0xc06c87
github.com/evanw/esbuild/pkg/api.transformImpl({_, _}, {0x0, 0x0, 0x0, 0xc001c369c0, 0x0, 0x3, {0x0, 0x0}, ...})
	github.com/evanw/esbuild/pkg/api/api_impl.go:1806 +0x14c5 fp=0xc001c4f9a0 sp=0xc001c4e688 pc=0xca61a5
github.com/evanw/esbuild/pkg/api.Transform(...)
	github.com/evanw/esbuild/pkg/api/api.go:477
main.(*serviceType).handleTransformRequest(0x0?, 0x1c0, 0xc000398d80)
	github.com/evanw/esbuild/cmd/esbuild/service.go:1179 +0x338 fp=0xc001c4ff60 sp=0xc001c4f9a0 pc=0xce9138
main.(*serviceType).handleIncomingPacket.func3()
	github.com/evanw/esbuild/cmd/esbuild/service.go:242 +0x57 fp=0xc001c4ffe0 sp=0xc001c4ff60 pc=0xce3037
runtime.goexit({})
	runtime/asm_amd64.s:1700 +0x1 fp=0xc001c4ffe8 sp=0xc001c4ffe0 pc=0x8176c1
created by main.(*serviceType).handleIncomingPacket in goroutine 1
	github.com/evanw/esbuild/cmd/esbuild/service.go:240 +0x1785

goroutine 6224 gp=0xc000354000 m=nil [semacquire]:
runtime.gopark(0x0?, 0x0?, 0x0?, 0x0?, 0xc000e2b180?)
	runtime/proc.go:424 +0xce fp=0xc000641740 sp=0xc000641720 pc=0x80f5ee
runtime.goparkunlock(...)
	runtime/proc.go:430
runtime.semacquire1(0x119755c, 0x0, 0x0, 0x0, 0x12)
	runtime/sema.go:178 +0x232 fp=0xc0006417a8 sp=0xc000641740 pc=0x7ee652
runtime.semacquire(...)
	runtime/sema.go:129
runtime.gcMarkDone()
	runtime/mgc.go:861 +0x32 fp=0xc000641848 sp=0xc0006417a8 pc=0x7b8332
runtime.gcAssistAlloc(0xc000354000)
	runtime/mgcmark.go:552 +0x247 fp=0xc0006418a8 sp=0xc000641848 pc=0x7bc4a7
runtime.deductAssistCredit(0x0?)
	runtime/malloc.go:1349 +0x54 fp=0xc0006418d0 sp=0xc0006418a8 pc=0x7ade14
runtime.mallocgc(0x3ed, 0x0, 0x0)
	runtime/malloc.go:1037 +0xde fp=0xc000641970 sp=0xc0006418d0 pc=0x80a4be
runtime.slicebytetostring(0xd40cc0?, 0xc0004c41fa, 0x3ed)
	runtime/string.go:122 +0x77 fp=0xc0006419a0 sp=0xc000641970 pc=0x811837
main.(*serviceType).handleTransformRequest(0x0?, 0x1f8, 0xc000488600)
	github.com/evanw/esbuild/cmd/esbuild/service.go:1156 +0xad fp=0xc000641f60 sp=0xc0006419a0 pc=0xce8ead
main.(*serviceType).handleIncomingPacket.func3()
	github.com/evanw/esbuild/cmd/esbuild/service.go:242 +0x57 fp=0xc000641fe0 sp=0xc000641f60 pc=0xce3037
runtime.goexit({})
	runtime/asm_amd64.s:1700 +0x1 fp=0xc000641fe8 sp=0xc000641fe0 pc=0x8176c1
created by main.(*serviceType).handleIncomingPacket in goroutine 1
	github.com/evanw/esbuild/cmd/esbuild/service.go:240 +0x1785

goroutine 6225 gp=0xc0003541c0 m=nil [semacquire]:
runtime.gopark(0x0?, 0x0?, 0x0?, 0x0?, 0x0?)
	runtime/proc.go:424 +0xce fp=0xc000c61740 sp=0xc000c61720 pc=0x80f5ee
runtime.goparkunlock(...)
	runtime/proc.go:430
runtime.semacquire1(0x119755c, 0x0, 0x0, 0x0, 0x12)
	runtime/sema.go:178 +0x232 fp=0xc000c617a8 sp=0xc000c61740 pc=0x7ee652
runtime.semacquire(...)
	runtime/sema.go:129
runtime.gcMarkDone()
	runtime/mgc.go:861 +0x32 fp=0xc000c61848 sp=0xc000c617a8 pc=0x7b8332
runtime.gcAssistAlloc(0xc0003541c0)
	runtime/mgcmark.go:552 +0x247 fp=0xc000c618a8 sp=0xc000c61848 pc=0x7bc4a7
runtime.deductAssistCredit(0x0?)
	runtime/malloc.go:1349 +0x54 fp=0xc000c618d0 sp=0xc000c618a8 pc=0x7ade14
runtime.mallocgc(0x42e, 0x0, 0x0)
	runtime/malloc.go:1037 +0xde fp=0xc000c61970 sp=0xc000c618d0 pc=0x80a4be
runtime.slicebytetostring(0xd40cc0?, 0xc00054e1ef, 0x42e)
	runtime/string.go:122 +0x77 fp=0xc000c619a0 sp=0xc000c61970 pc=0x811837
main.(*serviceType).handleTransformRequest(0xc0008d85a0?, 0x1f9, 0xc000488720)
	github.com/evanw/esbuild/cmd/esbuild/service.go:1156 +0xad fp=0xc000c61f60 sp=0xc000c619a0 pc=0xce8ead
main.(*serviceType).handleIncomingPacket.func3()
	github.com/evanw/esbuild/cmd/esbuild/service.go:242 +0x57 fp=0xc000c61fe0 sp=0xc000c61f60 pc=0xce3037
runtime.goexit({})
	runtime/asm_amd64.s:1700 +0x1 fp=0xc000c61fe8 sp=0xc000c61fe0 pc=0x8176c1
created by main.(*serviceType).handleIncomingPacket in goroutine 1
	github.com/evanw/esbuild/cmd/esbuild/service.go:240 +0x1785

goroutine 6226 gp=0xc000354380 m=nil [semacquire]:
runtime.gopark(0xc000c5ba18?, 0xc57bb9?, 0x86?, 0x7f?, 0x2?)
	runtime/proc.go:424 +0xce fp=0xc000c5b740 sp=0xc000c5b720 pc=0x80f5ee
runtime.goparkunlock(...)
	runtime/proc.go:430
runtime.semacquire1(0x119755c, 0x0, 0x0, 0x0, 0x12)
	runtime/sema.go:178 +0x232 fp=0xc000c5b7a8 sp=0xc000c5b740 pc=0x7ee652
runtime.semacquire(...)
	runtime/sema.go:129
runtime.gcMarkDone()
	runtime/mgc.go:861 +0x32 fp=0xc000c5b848 sp=0xc000c5b7a8 pc=0x7b8332
runtime.gcAssistAlloc(0xc000354380)
	runtime/mgcmark.go:552 +0x247 fp=0xc000c5b8a8 sp=0xc000c5b848 pc=0x7bc4a7
runtime.deductAssistCredit(0xc0008fce00?)
	runtime/malloc.go:1349 +0x54 fp=0xc000c5b8d0 sp=0xc000c5b8a8 pc=0x7ade14
runtime.mallocgc(0x1242, 0x0, 0x0)
	runtime/malloc.go:1037 +0xde fp=0xc000c5b970 sp=0xc000c5b8d0 pc=0x80a4be
runtime.slicebytetostring(0xd40cc0?, 0xc0006621f4, 0x1242)
	runtime/string.go:122 +0x77 fp=0xc000c5b9a0 sp=0xc000c5b970 pc=0x811837
main.(*serviceType).handleTransformRequest(0xc00068c4b0?, 0x1fa, 0xc000488870)
	github.com/evanw/esbuild/cmd/esbuild/service.go:1156 +0xad fp=0xc000c5bf60 sp=0xc000c5b9a0 pc=0xce8ead
main.(*serviceType).handleIncomingPacket.func3()
	github.com/evanw/esbuild/cmd/esbuild/service.go:242 +0x57 fp=0xc000c5bfe0 sp=0xc000c5bf60 pc=0xce3037
runtime.goexit({})
	runtime/asm_amd64.s:1700 +0x1 fp=0xc000c5bfe8 sp=0xc000c5bfe0 pc=0x8176c1
created by main.(*serviceType).handleIncomingPacket in goroutine 1
	github.com/evanw/esbuild/cmd/esbuild/service.go:240 +0x1785

goroutine 6227 gp=0xc000354540 m=nil [semacquire]:
runtime.gopark(0x5?, 0xc0009677a0?, 0xd0?, 0x78?, 0xffffffffffffffff?)
	runtime/proc.go:424 +0xce fp=0xc000967740 sp=0xc000967720 pc=0x80f5ee
runtime.goparkunlock(...)
	runtime/proc.go:430
runtime.semacquire1(0x119755c, 0x0, 0x0, 0x0, 0x12)
	runtime/sema.go:178 +0x232 fp=0xc0009677a8 sp=0xc000967740 pc=0x7ee652
runtime.semacquire(...)
	runtime/sema.go:129
runtime.gcMarkDone()
	runtime/mgc.go:861 +0x32 fp=0xc000967848 sp=0xc0009677a8 pc=0x7b8332
runtime.gcAssistAlloc(0xc000354540)
	runtime/mgcmark.go:552 +0x247 fp=0xc0009678a8 sp=0xc000967848 pc=0x7bc4a7
runtime.deductAssistCredit(0xc000211340?)
	runtime/malloc.go:1349 +0x54 fp=0xc0009678d0 sp=0xc0009678a8 pc=0x7ade14
runtime.mallocgc(0x535, 0x0, 0x0)
	runtime/malloc.go:1037 +0xde fp=0xc000967970 sp=0xc0009678d0 pc=0x80a4be
runtime.slicebytetostring(0xd40cc0?, 0xc0003c59f1, 0x535)
	runtime/string.go:122 +0x77 fp=0xc0009679a0 sp=0xc000967970 pc=0x811837
main.(*serviceType).handleTransformRequest(0xc0009922d0?, 0x1fb, 0xc0004889f0)
	github.com/evanw/esbuild/cmd/esbuild/service.go:1156 +0xad fp=0xc000967f60 sp=0xc0009679a0 pc=0xce8ead
main.(*serviceType).handleIncomingPacket.func3()
	github.com/evanw/esbuild/cmd/esbuild/service.go:242 +0x57 fp=0xc000967fe0 sp=0xc000967f60 pc=0xce3037
runtime.goexit({})
	runtime/asm_amd64.s:1700 +0x1 fp=0xc000967fe8 sp=0xc000967fe0 pc=0x8176c1
created by main.(*serviceType).handleIncomingPacket in goroutine 1
	github.com/evanw/esbuild/cmd/esbuild/service.go:240 +0x1785

goroutine 6228 gp=0xc000354700 m=nil [semacquire]:
runtime.gopark(0xc0001bd140?, 0x0?, 0x0?, 0x0?, 0x2?)
	runtime/proc.go:424 +0xce fp=0xc000965740 sp=0xc000965720 pc=0x80f5ee
runtime.goparkunlock(...)
	runtime/proc.go:430
runtime.semacquire1(0x119755c, 0x0, 0x0, 0x0, 0x12)
	runtime/sema.go:178 +0x232 fp=0xc0009657a8 sp=0xc000965740 pc=0x7ee652
runtime.semacquire(...)
	runtime/sema.go:129
runtime.gcMarkDone()
	runtime/mgc.go:861 +0x32 fp=0xc000965848 sp=0xc0009657a8 pc=0x7b8332
runtime.gcAssistAlloc(0xc000354700)
	runtime/mgcmark.go:552 +0x247 fp=0xc0009658a8 sp=0xc000965848 pc=0x7bc4a7
runtime.deductAssistCredit(0xc000965970?)
	runtime/malloc.go:1349 +0x54 fp=0xc0009658d0 sp=0xc0009658a8 pc=0x7ade14
runtime.mallocgc(0xa6d, 0x0, 0x0)
	runtime/malloc.go:1037 +0xde fp=0xc000965970 sp=0xc0009658d0 pc=0x80a4be
runtime.slicebytetostring(0xd40cc0?, 0xc000153afb, 0xa6d)
	runtime/string.go:122 +0x77 fp=0xc0009659a0 sp=0xc000965970 pc=0x811837
main.(*serviceType).handleTransformRequest(0x6f74696e756e2720?, 0x1fc, 0xc000488ab0)
	github.com/evanw/esbuild/cmd/esbuild/service.go:1156 +0xad fp=0xc000965f60 sp=0xc0009659a0 pc=0xce8ead
main.(*serviceType).handleIncomingPacket.func3()
	github.com/evanw/esbuild/cmd/esbuild/service.go:242 +0x57 fp=0xc000965fe0 sp=0xc000965f60 pc=0xce3037
runtime.goexit({})
	runtime/asm_amd64.s:1700 +0x1 fp=0xc000965fe8 sp=0xc000965fe0 pc=0x8176c1
created by main.(*serviceType).handleIncomingPacket in goroutine 1
	github.com/evanw/esbuild/cmd/esbuild/service.go:240 +0x1785

goroutine 6229 gp=0xc0003548c0 m=nil [semacquire]:
runtime.gopark(0x0?, 0x0?, 0x0?, 0x0?, 0xc001090040?)
	runtime/proc.go:424 +0xce fp=0xc000e49740 sp=0xc000e49720 pc=0x80f5ee
runtime.goparkunlock(...)
	runtime/proc.go:430
runtime.semacquire1(0x119755c, 0x0, 0x0, 0x0, 0x12)
	runtime/sema.go:178 +0x232 fp=0xc000e497a8 sp=0xc000e49740 pc=0x7ee652
runtime.semacquire(...)
	runtime/sema.go:129
runtime.gcMarkDone()
	runtime/mgc.go:861 +0x32 fp=0xc000e49848 sp=0xc000e497a8 pc=0x7b8332
runtime.gcAssistAlloc(0xc0003548c0)
	runtime/mgcmark.go:552 +0x247 fp=0xc000e498a8 sp=0xc000e49848 pc=0x7bc4a7
runtime.deductAssistCredit(0x0?)
	runtime/malloc.go:1349 +0x54 fp=0xc000e498d0 sp=0xc000e498a8 pc=0x7ade14
runtime.mallocgc(0x1a33, 0x0, 0x0)
	runtime/malloc.go:1037 +0xde fp=0xc000e49970 sp=0xc000e498d0 pc=0x80a4be
runtime.slicebytetostring(0xd40cc0?, 0xc0004d41f3, 0x1a33)
	runtime/string.go:122 +0x77 fp=0xc000e499a0 sp=0xc000e49970 pc=0x811837
main.(*serviceType).handleTransformRequest(0x0?, 0x1fd, 0xc000488b40)
	github.com/evanw/esbuild/cmd/esbuild/service.go:1156 +0xad fp=0xc000e49f60 sp=0xc000e499a0 pc=0xce8ead
main.(*serviceType).handleIncomingPacket.func3()
	github.com/evanw/esbuild/cmd/esbuild/service.go:242 +0x57 fp=0xc000e49fe0 sp=0xc000e49f60 pc=0xce3037
runtime.goexit({})
	runtime/asm_amd64.s:1700 +0x1 fp=0xc000e49fe8 sp=0xc000e49fe0 pc=0x8176c1
created by main.(*serviceType).handleIncomingPacket in goroutine 1
	github.com/evanw/esbuild/cmd/esbuild/service.go:240 +0x1785

goroutine 6230 gp=0xc000354c40 m=nil [semacquire]:
runtime.gopark(0x5?, 0xc0009637a0?, 0x10?, 0xe9?, 0x119d640?)
	runtime/proc.go:424 +0xce fp=0xc000963740 sp=0xc000963720 pc=0x80f5ee
runtime.goparkunlock(...)
	runtime/proc.go:430
runtime.semacquire1(0x119755c, 0x0, 0x0, 0x0, 0x12)
	runtime/sema.go:178 +0x232 fp=0xc0009637a8 sp=0xc000963740 pc=0x7ee652
runtime.semacquire(...)
	runtime/sema.go:129
runtime.gcMarkDone()
	runtime/mgc.go:861 +0x32 fp=0xc000963848 sp=0xc0009637a8 pc=0x7b8332
runtime.gcAssistAlloc(0xc000354c40)
	runtime/mgcmark.go:552 +0x247 fp=0xc0009638a8 sp=0xc000963848 pc=0x7bc4a7
runtime.deductAssistCredit(0x0?)
	runtime/malloc.go:1349 +0x54 fp=0xc0009638d0 sp=0xc0009638a8 pc=0x7ade14
runtime.mallocgc(0x3594, 0x0, 0x0)
	runtime/malloc.go:1037 +0xde fp=0xc000963970 sp=0xc0009638d0 pc=0x80a4be
runtime.slicebytetostring(0xd40cc0?, 0xc0003b09f7, 0x3594)
	runtime/string.go:122 +0x77 fp=0xc0009639a0 sp=0xc000963970 pc=0x811837
main.(*serviceType).handleTransformRequest(0x2200000000?, 0x1fe, 0xc000488c00)
	github.com/evanw/esbuild/cmd/esbuild/service.go:1156 +0xad fp=0xc000963f60 sp=0xc0009639a0 pc=0xce8ead
main.(*serviceType).handleIncomingPacket.func3()
	github.com/evanw/esbuild/cmd/esbuild/service.go:242 +0x57 fp=0xc000963fe0 sp=0xc000963f60 pc=0xce3037
runtime.goexit({})
	runtime/asm_amd64.s:1700 +0x1 fp=0xc000963fe8 sp=0xc000963fe0 pc=0x8176c1
created by main.(*serviceType).handleIncomingPacket in goroutine 1
	github.com/evanw/esbuild/cmd/esbuild/service.go:240 +0x1785

goroutine 6231 gp=0xc000354e00 m=nil [semacquire]:
runtime.gopark(0x203d212065637275?, 0x202626206c6c756e?, 0x5f?, 0x5f?, 0x626d7953706f7250?)
	runtime/proc.go:424 +0xce fp=0xc000e43740 sp=0xc000e43720 pc=0x80f5ee
runtime.goparkunlock(...)
	runtime/proc.go:430
runtime.semacquire1(0x119755c, 0x0, 0x0, 0x0, 0x12)
	runtime/sema.go:178 +0x232 fp=0xc000e437a8 sp=0xc000e43740 pc=0x7ee652
runtime.semacquire(...)
	runtime/sema.go:129
runtime.gcMarkDone()
	runtime/mgc.go:861 +0x32 fp=0xc000e43848 sp=0xc000e437a8 pc=0x7b8332
runtime.gcAssistAlloc(0xc000354e00)
	runtime/mgcmark.go:552 +0x247 fp=0xc000e438a8 sp=0xc000e43848 pc=0x7bc4a7
runtime.deductAssistCredit(0x206e6163203a6574?)
	runtime/malloc.go:1349 +0x54 fp=0xc000e438d0 sp=0xc000e438a8 pc=0x7ade14
runtime.mallocgc(0x161a, 0x0, 0x0)
	runtime/malloc.go:1037 +0xde fp=0xc000e43970 sp=0xc000e438d0 pc=0x80a4be
runtime.slicebytetostring(0xd40cc0?, 0xc0007e01fa, 0x161a)
	runtime/string.go:122 +0x77 fp=0xc000e439a0 sp=0xc000e43970 pc=0x811837
main.(*serviceType).handleTransformRequest(0x6e6964756c636e69?, 0x1ff, 0xc000488d80)
	github.com/evanw/esbuild/cmd/esbuild/service.go:1156 +0xad fp=0xc000e43f60 sp=0xc000e439a0 pc=0xce8ead
main.(*serviceType).handleIncomingPacket.func3()
	github.com/evanw/esbuild/cmd/esbuild/service.go:242 +0x57 fp=0xc000e43fe0 sp=0xc000e43f60 pc=0xce3037
runtime.goexit({})
	runtime/asm_amd64.s:1700 +0x1 fp=0xc000e43fe8 sp=0xc000e43fe0 pc=0x8176c1
created by main.(*serviceType).handleIncomingPacket in goroutine 1
	github.com/evanw/esbuild/cmd/esbuild/service.go:240 +0x1785

goroutine 6232 gp=0xc000355180 m=nil [semacquire]:
runtime.gopark(0x0?, 0x0?, 0x0?, 0x0?, 0xc000cf4510?)
	runtime/proc.go:424 +0xce fp=0xc000e47740 sp=0xc000e47720 pc=0x80f5ee
runtime.goparkunlock(...)
	runtime/proc.go:430
runtime.semacquire1(0x119755c, 0x0, 0x0, 0x0, 0x12)
	runtime/sema.go:178 +0x232 fp=0xc000e477a8 sp=0xc000e47740 pc=0x7ee652
runtime.semacquire(...)
	runtime/sema.go:129
runtime.gcMarkDone()
	runtime/mgc.go:861 +0x32 fp=0xc000e47848 sp=0xc000e477a8 pc=0x7b8332
runtime.gcAssistAlloc(0xc000355180)
	runtime/mgcmark.go:552 +0x247 fp=0xc000e478a8 sp=0xc000e47848 pc=0x7bc4a7
runtime.deductAssistCredit(0x0?)
	runtime/malloc.go:1349 +0x54 fp=0xc000e478d0 sp=0xc000e478a8 pc=0x7ade14
runtime.mallocgc(0x730, 0x0, 0x0)
	runtime/malloc.go:1037 +0xde fp=0xc000e47970 sp=0xc000e478d0 pc=0x80a4be
runtime.slicebytetostring(0xd40cc0?, 0xc0003d16f5, 0x730)
	runtime/string.go:122 +0x77 fp=0xc000e479a0 sp=0xc000e47970 pc=0x811837
main.(*serviceType).handleTransformRequest(0x0?, 0x200, 0xc000488e40)
	github.com/evanw/esbuild/cmd/esbuild/service.go:1156 +0xad fp=0xc000e47f60 sp=0xc000e479a0 pc=0xce8ead
main.(*serviceType).handleIncomingPacket.func3()
	github.com/evanw/esbuild/cmd/esbuild/service.go:242 +0x57 fp=0xc000e47fe0 sp=0xc000e47f60 pc=0xce3037
runtime.goexit({})
	runtime/asm_amd64.s:1700 +0x1 fp=0xc000e47fe8 sp=0xc000e47fe0 pc=0x8176c1
created by main.(*serviceType).handleIncomingPacket in goroutine 1
	github.com/evanw/esbuild/cmd/esbuild/service.go:240 +0x1785

goroutine 6233 gp=0xc000355500 m=nil [semacquire]:
runtime.gopark(0x0?, 0x0?, 0x0?, 0x0?, 0x0?)
	runtime/proc.go:424 +0xce fp=0xc0007f5740 sp=0xc0007f5720 pc=0x80f5ee
runtime.goparkunlock(...)
	runtime/proc.go:430
runtime.semacquire1(0x119755c, 0x0, 0x0, 0x0, 0x12)
	runtime/sema.go:178 +0x232 fp=0xc0007f57a8 sp=0xc0007f5740 pc=0x7ee652
runtime.semacquire(...)
	runtime/sema.go:129
runtime.gcMarkDone()
	runtime/mgc.go:861 +0x32 fp=0xc0007f5848 sp=0xc0007f57a8 pc=0x7b8332
runtime.gcAssistAlloc(0xc000355500)
	runtime/mgcmark.go:552 +0x247 fp=0xc0007f58a8 sp=0xc0007f5848 pc=0x7bc4a7
runtime.deductAssistCredit(0x0?)
	runtime/malloc.go:1349 +0x54 fp=0xc0007f58d0 sp=0xc0007f58a8 pc=0x7ade14
runtime.mallocgc(0x9df, 0x0, 0x0)
	runtime/malloc.go:1037 +0xde fp=0xc0007f5970 sp=0xc0007f58d0 pc=0x80a4be
runtime.slicebytetostring(0xd40cc0?, 0xc00071edfc, 0x9df)
	runtime/string.go:122 +0x77 fp=0xc0007f59a0 sp=0xc0007f5970 pc=0x811837
main.(*serviceType).handleTransformRequest(0x100000001?, 0x201, 0xc000488ed0)
	github.com/evanw/esbuild/cmd/esbuild/service.go:1156 +0xad fp=0xc0007f5f60 sp=0xc0007f59a0 pc=0xce8ead
main.(*serviceType).handleIncomingPacket.func3()
	github.com/evanw/esbuild/cmd/esbuild/service.go:242 +0x57 fp=0xc0007f5fe0 sp=0xc0007f5f60 pc=0xce3037
runtime.goexit({})
	runtime/asm_amd64.s:1700 +0x1 fp=0xc0007f5fe8 sp=0xc0007f5fe0 pc=0x8176c1
created by main.(*serviceType).handleIncomingPacket in goroutine 1
	github.com/evanw/esbuild/cmd/esbuild/service.go:240 +0x1785

goroutine 6234 gp=0xc000355880 m=nil [semacquire]:
runtime.gopark(0x0?, 0x0?, 0x0?, 0x0?, 0x0?)
	runtime/proc.go:424 +0xce fp=0xc0007f7740 sp=0xc0007f7720 pc=0x80f5ee
runtime.goparkunlock(...)
	runtime/proc.go:430
runtime.semacquire1(0x119755c, 0x0, 0x0, 0x0, 0x12)
	runtime/sema.go:178 +0x232 fp=0xc0007f77a8 sp=0xc0007f7740 pc=0x7ee652
runtime.semacquire(...)
	runtime/sema.go:129
runtime.gcMarkDone()
	runtime/mgc.go:861 +0x32 fp=0xc0007f7848 sp=0xc0007f77a8 pc=0x7b8332
runtime.gcAssistAlloc(0xc000355880)
	runtime/mgcmark.go:552 +0x247 fp=0xc0007f78a8 sp=0xc0007f7848 pc=0x7bc4a7
runtime.deductAssistCredit(0x0?)
	runtime/malloc.go:1349 +0x54 fp=0xc0007f78d0 sp=0xc0007f78a8 pc=0x7ade14
runtime.mallocgc(0x937, 0x0, 0x0)
	runtime/malloc.go:1037 +0xde fp=0xc0007f7970 sp=0xc0007f78d0 pc=0x80a4be
runtime.slicebytetostring(0xd40cc0?, 0xc00071f9f8, 0x937)
	runtime/string.go:122 +0x77 fp=0xc0007f79a0 sp=0xc0007f7970 pc=0x811837
main.(*serviceType).handleTransformRequest(0x100000002?, 0x202, 0xc000488f90)
	github.com/evanw/esbuild/cmd/esbuild/service.go:1156 +0xad fp=0xc0007f7f60 sp=0xc0007f79a0 pc=0xce8ead
main.(*serviceType).handleIncomingPacket.func3()
	github.com/evanw/esbuild/cmd/esbuild/service.go:242 +0x57 fp=0xc0007f7fe0 sp=0xc0007f7f60 pc=0xce3037
runtime.goexit({})
	runtime/asm_amd64.s:1700 +0x1 fp=0xc0007f7fe8 sp=0xc0007f7fe0 pc=0x8176c1
created by main.(*serviceType).handleIncomingPacket in goroutine 1
	github.com/evanw/esbuild/cmd/esbuild/service.go:240 +0x1785

goroutine 6235 gp=0xc000355a40 m=nil [semacquire]:
runtime.gopark(0x0?, 0x0?, 0x0?, 0x0?, 0x0?)
	runtime/proc.go:424 +0xce fp=0xc0007f1740 sp=0xc0007f1720 pc=0x80f5ee
runtime.goparkunlock(...)
	runtime/proc.go:430
runtime.semacquire1(0x119755c, 0x0, 0x0, 0x0, 0x12)
	runtime/sema.go:178 +0x232 fp=0xc0007f17a8 sp=0xc0007f1740 pc=0x7ee652
runtime.semacquire(...)
	runtime/sema.go:129
runtime.gcMarkDone()
	runtime/mgc.go:861 +0x32 fp=0xc0007f1848 sp=0xc0007f17a8 pc=0x7b8332
runtime.gcAssistAlloc(0xc000355a40)
	runtime/mgcmark.go:552 +0x247 fp=0xc0007f18a8 sp=0xc0007f1848 pc=0x7bc4a7
runtime.deductAssistCredit(0x0?)
	runtime/malloc.go:1349 +0x54 fp=0xc0007f18d0 sp=0xc0007f18a8 pc=0x7ade14
runtime.mallocgc(0x124b, 0x0, 0x0)
	runtime/malloc.go:1037 +0xde fp=0xc0007f1970 sp=0xc0007f18d0 pc=0x80a4be
runtime.slicebytetostring(0xd40cc0?, 0xc0006636f7, 0x124b)
	runtime/string.go:122 +0x77 fp=0xc0007f19a0 sp=0xc0007f1970 pc=0x811837
main.(*serviceType).handleTransformRequest(0x207261760909090a?, 0x203, 0xc000489050)
	github.com/evanw/esbuild/cmd/esbuild/service.go:1156 +0xad fp=0xc0007f1f60 sp=0xc0007f19a0 pc=0xce8ead
main.(*serviceType).handleIncomingPacket.func3()
	github.com/evanw/esbuild/cmd/esbuild/service.go:242 +0x57 fp=0xc0007f1fe0 sp=0xc0007f1f60 pc=0xce3037
runtime.goexit({})
	runtime/asm_amd64.s:1700 +0x1 fp=0xc0007f1fe8 sp=0xc0007f1fe0 pc=0x8176c1
created by main.(*serviceType).handleIncomingPacket in goroutine 1
	github.com/evanw/esbuild/cmd/esbuild/service.go:240 +0x1785

goroutine 6238 gp=0xc0007ee1c0 m=nil [semacquire]:
runtime.gopark(0x90a2c7465677261?, 0xa29646f6d090909?, 0x9?, 0x9?, 0x7265766e6f43202f?)
	runtime/proc.go:424 +0xce fp=0xc00081b740 sp=0xc00081b720 pc=0x80f5ee
runtime.goparkunlock(...)
	runtime/proc.go:430
runtime.semacquire1(0x119755c, 0x0, 0x0, 0x0, 0x12)
	runtime/sema.go:178 +0x232 fp=0xc00081b7a8 sp=0xc00081b740 pc=0x7ee652
runtime.semacquire(...)
	runtime/sema.go:129
runtime.gcMarkDone()
	runtime/mgc.go:861 +0x32 fp=0xc00081b848 sp=0xc00081b7a8 pc=0x7b8332
runtime.gcAssistAlloc(0xc0007ee1c0)
	runtime/mgcmark.go:552 +0x247 fp=0xc00081b8a8 sp=0xc00081b848 pc=0x7bc4a7
runtime.deductAssistCredit(0x646e75203d3d3d20?)
	runtime/malloc.go:1349 +0x54 fp=0xc00081b8d0 sp=0xc00081b8a8 pc=0x7ade14
runtime.mallocgc(0x12184, 0x0, 0x0)
	runtime/malloc.go:1037 +0xde fp=0xc00081b970 sp=0xc00081b8d0 pc=0x80a4be
runtime.slicebytetostring(0xd40cc0?, 0xc0008fe1ef, 0x12184)
	runtime/string.go:122 +0x77 fp=0xc00081b9a0 sp=0xc00081b970 pc=0x811837
main.(*serviceType).handleTransformRequest(0x207261760909090a?, 0x206, 0xc000489260)
	github.com/evanw/esbuild/cmd/esbuild/service.go:1156 +0xad fp=0xc00081bf60 sp=0xc00081b9a0 pc=0xce8ead
main.(*serviceType).handleIncomingPacket.func3()
	github.com/evanw/esbuild/cmd/esbuild/service.go:242 +0x57 fp=0xc00081bfe0 sp=0xc00081bf60 pc=0xce3037
runtime.goexit({})
	runtime/asm_amd64.s:1700 +0x1 fp=0xc00081bfe8 sp=0xc00081bfe0 pc=0x8176c1
created by main.(*serviceType).handleIncomingPacket in goroutine 1
	github.com/evanw/esbuild/cmd/esbuild/service.go:240 +0x1785

goroutine 6241 gp=0xc0007eefc0 m=nil [semacquire]:
runtime.gopark(0x16000000000000?, 0x0?, 0x82?, 0x90?, 0x1?)
	runtime/proc.go:424 +0xce fp=0xc00084b740 sp=0xc00084b720 pc=0x80f5ee
runtime.goparkunlock(...)
	runtime/proc.go:430
runtime.semacquire1(0x119755c, 0x0, 0x0, 0x0, 0x12)
	runtime/sema.go:178 +0x232 fp=0xc00084b7a8 sp=0xc00084b740 pc=0x7ee652
runtime.semacquire(...)
	runtime/sema.go:129
runtime.gcMarkDone()
	runtime/mgc.go:861 +0x32 fp=0xc00084b848 sp=0xc00084b7a8 pc=0x7b8332
runtime.gcAssistAlloc(0xc0007eefc0)
	runtime/mgcmark.go:552 +0x247 fp=0xc00084b8a8 sp=0xc00084b848 pc=0x7bc4a7
runtime.deductAssistCredit(0x50?)
	runtime/malloc.go:1349 +0x54 fp=0xc00084b8d0 sp=0xc00084b8a8 pc=0x7ade14
runtime.mallocgc(0x13053, 0x0, 0x0)
	runtime/malloc.go:1037 +0xde fp=0xc00084b970 sp=0xc00084b8d0 pc=0x80a4be
runtime.slicebytetostring(0xd40cc0?, 0xc0009e41f8, 0x13053)
	runtime/string.go:122 +0x77 fp=0xc00084b9a0 sp=0xc00084b970 pc=0x811837
main.(*serviceType).handleTransformRequest(0x0?, 0x209, 0xc000489470)
	github.com/evanw/esbuild/cmd/esbuild/service.go:1156 +0xad fp=0xc00084bf60 sp=0xc00084b9a0 pc=0xce8ead
main.(*serviceType).handleIncomingPacket.func3()
	github.com/evanw/esbuild/cmd/esbuild/service.go:242 +0x57 fp=0xc00084bfe0 sp=0xc00084bf60 pc=0xce3037
runtime.goexit({})
	runtime/asm_amd64.s:1700 +0x1 fp=0xc00084bfe8 sp=0xc00084bfe0 pc=0x8176c1
created by main.(*serviceType).handleIncomingPacket in goroutine 1
	github.com/evanw/esbuild/cmd/esbuild/service.go:240 +0x1785

goroutine 6539 gp=0xc0007ef500 m=nil [semacquire]:
runtime.gopark(0x0?, 0x2?, 0x1?, 0x0?, 0xc002519380?)
	runtime/proc.go:424 +0xce fp=0xc000917250 sp=0xc000917230 pc=0x80f5ee
runtime.goparkunlock(...)
	runtime/proc.go:430
runtime.semacquire1(0x119755c, 0x0, 0x0, 0x0, 0x12)
	runtime/sema.go:178 +0x232 fp=0xc0009172b8 sp=0xc000917250 pc=0x7ee652
runtime.semacquire(...)
	runtime/sema.go:129
runtime.gcMarkDone()
	runtime/mgc.go:861 +0x32 fp=0xc000917358 sp=0xc0009172b8 pc=0x7b8332
runtime.gcAssistAlloc(0xc0007ef500)
	runtime/mgcmark.go:552 +0x247 fp=0xc0009173b8 sp=0xc000917358 pc=0x7bc4a7
runtime.deductAssistCredit(0xc00225d51d?)
	runtime/malloc.go:1349 +0x54 fp=0xc0009173e0 sp=0xc0009173b8 pc=0x7ade14
runtime.mallocgc(0x18, 0xd64dc0, 0x1)
	runtime/malloc.go:1037 +0xde fp=0xc000917480 sp=0xc0009173e0 pc=0x80a4be
runtime.growslice(0x0, 0xdc2997?, 0x6?, 0x1?, 0xd64dc0)
	runtime/slice.go:272 +0x55d fp=0xc0009174f0 sp=0xc000917480 pc=0x8113bd
github.com/evanw/esbuild/internal/linker.(*linkerContext).convertStmtsForChunk(0xc0021538c0, 0x1, 0xc000917c78, {0xc00217fef0?, 0xc00041702c?, 0x1?})
	github.com/evanw/esbuild/internal/linker/linker.go:4575 +0x1a38 fp=0xc0009176b0 sp=0xc0009174f0 pc=0xc76318
github.com/evanw/esbuild/internal/linker.(*linkerContext).generateCodeForFileInChunkJS(0xc0021538c0, {0xeab580, 0xc001bfca20}, 0xc00266d9c0, {0xec5fd0?, 0xc0?, 0x7e391b?}, {0x0?, 0x8c4160?}, {0x0, ...}, ...)
	github.com/evanw/esbuild/internal/linker/linker.go:4785 +0x2b33 fp=0xc000917f58 sp=0xc0009176b0 pc=0xc79d13
github.com/evanw/esbuild/internal/linker.(*linkerContext).generateChunkJS.gowrap4()
	github.com/evanw/esbuild/internal/linker/linker.go:5600 +0x93 fp=0xc000917fe0 sp=0xc000917f58 pc=0xc874b3
runtime.goexit({})
	runtime/asm_amd64.s:1700 +0x1 fp=0xc000917fe8 sp=0xc000917fe0 pc=0x8176c1
created by github.com/evanw/esbuild/internal/linker.(*linkerContext).generateChunkJS in goroutine 6523
	github.com/evanw/esbuild/internal/linker/linker.go:5600 +0xb71

goroutine 6243 gp=0xc0007efc00 m=nil [semacquire]:
runtime.gopark(0x1?, 0xc00003a6e0?, 0x2?, 0x0?, 0x2?)
	runtime/proc.go:424 +0xce fp=0xc000847740 sp=0xc000847720 pc=0x80f5ee
runtime.goparkunlock(...)
	runtime/proc.go:430
runtime.semacquire1(0x119755c, 0x0, 0x0, 0x0, 0x12)
	runtime/sema.go:178 +0x232 fp=0xc0008477a8 sp=0xc000847740 pc=0x7ee652
runtime.semacquire(...)
	runtime/sema.go:129
runtime.gcMarkDone()
	runtime/mgc.go:861 +0x32 fp=0xc000847848 sp=0xc0008477a8 pc=0x7b8332
runtime.gcAssistAlloc(0xc0007efc00)
	runtime/mgcmark.go:552 +0x247 fp=0xc0008478a8 sp=0xc000847848 pc=0x7bc4a7
runtime.deductAssistCredit(0x0?)
	runtime/malloc.go:1349 +0x54 fp=0xc0008478d0 sp=0xc0008478a8 pc=0x7ade14
runtime.mallocgc(0x8bf6, 0x0, 0x0)
	runtime/malloc.go:1037 +0xde fp=0xc000847970 sp=0xc0008478d0 pc=0x80a4be
runtime.slicebytetostring(0xd40cc0?, 0xc0009301f0, 0x8bf6)
	runtime/string.go:122 +0x77 fp=0xc0008479a0 sp=0xc000847970 pc=0x811837
main.(*serviceType).handleTransformRequest(0x0?, 0x20b, 0xc0004895c0)
	github.com/evanw/esbuild/cmd/esbuild/service.go:1156 +0xad fp=0xc000847f60 sp=0xc0008479a0 pc=0xce8ead
main.(*serviceType).handleIncomingPacket.func3()
	github.com/evanw/esbuild/cmd/esbuild/service.go:242 +0x57 fp=0xc000847fe0 sp=0xc000847f60 pc=0xce3037
runtime.goexit({})
	runtime/asm_amd64.s:1700 +0x1 fp=0xc000847fe8 sp=0xc000847fe0 pc=0x8176c1
created by main.(*serviceType).handleIncomingPacket in goroutine 1
	github.com/evanw/esbuild/cmd/esbuild/service.go:240 +0x1785

goroutine 6248 gp=0xc000e92fc0 m=nil [semacquire]:
runtime.gopark(0x0?, 0x0?, 0x0?, 0x0?, 0x0?)
	runtime/proc.go:424 +0xce fp=0xc0008bd740 sp=0xc0008bd720 pc=0x80f5ee
runtime.goparkunlock(...)
	runtime/proc.go:430
runtime.semacquire1(0x119755c, 0x0, 0x0, 0x0, 0x12)
	runtime/sema.go:178 +0x232 fp=0xc0008bd7a8 sp=0xc0008bd740 pc=0x7ee652
runtime.semacquire(...)
	runtime/sema.go:129
runtime.gcMarkDone()
	runtime/mgc.go:861 +0x32 fp=0xc0008bd848 sp=0xc0008bd7a8 pc=0x7b8332
runtime.gcAssistAlloc(0xc000e92fc0)
	runtime/mgcmark.go:552 +0x247 fp=0xc0008bd8a8 sp=0xc0008bd848 pc=0x7bc4a7
runtime.deductAssistCredit(0x0?)
	runtime/malloc.go:1349 +0x54 fp=0xc0008bd8d0 sp=0xc0008bd8a8 pc=0x7ade14
runtime.mallocgc(0x3762, 0x0, 0x0)
	runtime/malloc.go:1037 +0xde fp=0xc0008bd970 sp=0xc0008bd8d0 pc=0x80a4be
runtime.slicebytetostring(0xd40cc0?, 0xc0007241f9, 0x3762)
	runtime/string.go:122 +0x77 fp=0xc0008bd9a0 sp=0xc0008bd970 pc=0x811837
main.(*serviceType).handleTransformRequest(0x0?, 0x210, 0xc000489d40)
	github.com/evanw/esbuild/cmd/esbuild/service.go:1156 +0xad fp=0xc0008bdf60 sp=0xc0008bd9a0 pc=0xce8ead
main.(*serviceType).handleIncomingPacket.func3()
	github.com/evanw/esbuild/cmd/esbuild/service.go:242 +0x57 fp=0xc0008bdfe0 sp=0xc0008bdf60 pc=0xce3037
runtime.goexit({})
	runtime/asm_amd64.s:1700 +0x1 fp=0xc0008bdfe8 sp=0xc0008bdfe0 pc=0x8176c1
created by main.(*serviceType).handleIncomingPacket in goroutine 1
	github.com/evanw/esbuild/cmd/esbuild/service.go:240 +0x1785

goroutine 6249 gp=0xc000e93180 m=nil [semacquire]:
runtime.gopark(0x0?, 0x0?, 0x0?, 0x0?, 0x0?)
	runtime/proc.go:424 +0xce fp=0xc0008cd740 sp=0xc0008cd720 pc=0x80f5ee
runtime.goparkunlock(...)
	runtime/proc.go:430
runtime.semacquire1(0x119755c, 0x0, 0x0, 0x0, 0x12)
	runtime/sema.go:178 +0x232 fp=0xc0008cd7a8 sp=0xc0008cd740 pc=0x7ee652
runtime.semacquire(...)
	runtime/sema.go:129
runtime.gcMarkDone()
	runtime/mgc.go:861 +0x32 fp=0xc0008cd848 sp=0xc0008cd7a8 pc=0x7b8332
runtime.gcAssistAlloc(0xc000e93180)
	runtime/mgcmark.go:552 +0x247 fp=0xc0008cd8a8 sp=0xc0008cd848 pc=0x7bc4a7
runtime.deductAssistCredit(0x0?)
	runtime/malloc.go:1349 +0x54 fp=0xc0008cd8d0 sp=0xc0008cd8a8 pc=0x7ade14
runtime.mallocgc(0xbdb3, 0x0, 0x0)
	runtime/malloc.go:1037 +0xde fp=0xc0008cd970 sp=0xc0008cd8d0 pc=0x80a4be
runtime.slicebytetostring(0xd40cc0?, 0xc0009f81ef, 0xbdb3)
	runtime/string.go:122 +0x77 fp=0xc0008cd9a0 sp=0xc0008cd970 pc=0x811837
main.(*serviceType).handleTransformRequest(0x0?, 0x211, 0xc000489ec0)
	github.com/evanw/esbuild/cmd/esbuild/service.go:1156 +0xad fp=0xc0008cdf60 sp=0xc0008cd9a0 pc=0xce8ead
main.(*serviceType).handleIncomingPacket.func3()
	github.com/evanw/esbuild/cmd/esbuild/service.go:242 +0x57 fp=0xc0008cdfe0 sp=0xc0008cdf60 pc=0xce3037
runtime.goexit({})
	runtime/asm_amd64.s:1700 +0x1 fp=0xc0008cdfe8 sp=0xc0008cdfe0 pc=0x8176c1
created by main.(*serviceType).handleIncomingPacket in goroutine 1
	github.com/evanw/esbuild/cmd/esbuild/service.go:240 +0x1785

goroutine 6251 gp=0xc000e93500 m=nil [semacquire]:
runtime.gopark(0x0?, 0x0?, 0x0?, 0x0?, 0x0?)
	runtime/proc.go:424 +0xce fp=0xc0008c9740 sp=0xc0008c9720 pc=0x80f5ee
runtime.goparkunlock(...)
	runtime/proc.go:430
runtime.semacquire1(0x119755c, 0x0, 0x0, 0x0, 0x12)
	runtime/sema.go:178 +0x232 fp=0xc0008c97a8 sp=0xc0008c9740 pc=0x7ee652
runtime.semacquire(...)
	runtime/sema.go:129
runtime.gcMarkDone()
	runtime/mgc.go:861 +0x32 fp=0xc0008c9848 sp=0xc0008c97a8 pc=0x7b8332
runtime.gcAssistAlloc(0xc000e93500)
	runtime/mgcmark.go:552 +0x247 fp=0xc0008c98a8 sp=0xc0008c9848 pc=0x7bc4a7
runtime.deductAssistCredit(0x0?)
	runtime/malloc.go:1349 +0x54 fp=0xc0008c98d0 sp=0xc0008c98a8 pc=0x7ade14
runtime.mallocgc(0x76c6, 0x0, 0x0)
	runtime/malloc.go:1037 +0xde fp=0xc0008c9970 sp=0xc0008c98d0 pc=0x80a4be
runtime.slicebytetostring(0xd40cc0?, 0xc000a041f5, 0x76c6)
	runtime/string.go:122 +0x77 fp=0xc0008c99a0 sp=0xc0008c9970 pc=0x811837
main.(*serviceType).handleTransformRequest(0x0?, 0x213, 0xc000398180)
	github.com/evanw/esbuild/cmd/esbuild/service.go:1156 +0xad fp=0xc0008c9f60 sp=0xc0008c99a0 pc=0xce8ead
main.(*serviceType).handleIncomingPacket.func3()
	github.com/evanw/esbuild/cmd/esbuild/service.go:242 +0x57 fp=0xc0008c9fe0 sp=0xc0008c9f60 pc=0xce3037
runtime.goexit({})
	runtime/asm_amd64.s:1700 +0x1 fp=0xc0008c9fe8 sp=0xc0008c9fe0 pc=0x8176c1
created by main.(*serviceType).handleIncomingPacket in goroutine 1
	github.com/evanw/esbuild/cmd/esbuild/service.go:240 +0x1785

goroutine 6252 gp=0xc000e936c0 m=nil [semacquire]:
runtime.gopark(0x0?, 0x0?, 0x0?, 0x0?, 0x0?)
	runtime/proc.go:424 +0xce fp=0xc0008cb740 sp=0xc0008cb720 pc=0x80f5ee
runtime.goparkunlock(...)
	runtime/proc.go:430
runtime.semacquire1(0x119755c, 0x0, 0x0, 0x0, 0x12)
	runtime/sema.go:178 +0x232 fp=0xc0008cb7a8 sp=0xc0008cb740 pc=0x7ee652
runtime.semacquire(...)
	runtime/sema.go:129
runtime.gcMarkDone()
	runtime/mgc.go:861 +0x32 fp=0xc0008cb848 sp=0xc0008cb7a8 pc=0x7b8332
runtime.gcAssistAlloc(0xc000e936c0)
	runtime/mgcmark.go:552 +0x247 fp=0xc0008cb8a8 sp=0xc0008cb848 pc=0x7bc4a7
runtime.deductAssistCredit(0x0?)
	runtime/malloc.go:1349 +0x54 fp=0xc0008cb8d0 sp=0xc0008cb8a8 pc=0x7ade14
runtime.mallocgc(0x4ffc, 0x0, 0x0)
	runtime/malloc.go:1037 +0xde fp=0xc0008cb970 sp=0xc0008cb8d0 pc=0x80a4be
runtime.slicebytetostring(0xd40cc0?, 0xc000596be9, 0x4ffc)
	runtime/string.go:122 +0x77 fp=0xc0008cb9a0 sp=0xc0008cb970 pc=0x811837
main.(*serviceType).handleTransformRequest(0x0?, 0x214, 0xc0003981e0)
	github.com/evanw/esbuild/cmd/esbuild/service.go:1156 +0xad fp=0xc0008cbf60 sp=0xc0008cb9a0 pc=0xce8ead
main.(*serviceType).handleIncomingPacket.func3()
	github.com/evanw/esbuild/cmd/esbuild/service.go:242 +0x57 fp=0xc0008cbfe0 sp=0xc0008cbf60 pc=0xce3037
runtime.goexit({})
	runtime/asm_amd64.s:1700 +0x1 fp=0xc0008cbfe8 sp=0xc0008cbfe0 pc=0x8176c1
created by main.(*serviceType).handleIncomingPacket in goroutine 1
	github.com/evanw/esbuild/cmd/esbuild/service.go:240 +0x1785

goroutine 6253 gp=0xc000e93880 m=nil [semacquire]:
runtime.gopark(0x0?, 0x0?, 0x0?, 0x0?, 0x0?)
	runtime/proc.go:424 +0xce fp=0xc000a19740 sp=0xc000a19720 pc=0x80f5ee
runtime.goparkunlock(...)
	runtime/proc.go:430
runtime.semacquire1(0x119755c, 0x0, 0x0, 0x0, 0x12)
	runtime/sema.go:178 +0x232 fp=0xc000a197a8 sp=0xc000a19740 pc=0x7ee652
runtime.semacquire(...)
	runtime/sema.go:129
runtime.gcMarkDone()
	runtime/mgc.go:861 +0x32 fp=0xc000a19848 sp=0xc000a197a8 pc=0x7b8332
runtime.gcAssistAlloc(0xc000e93880)
	runtime/mgcmark.go:552 +0x247 fp=0xc000a198a8 sp=0xc000a19848 pc=0x7bc4a7
runtime.deductAssistCredit(0x0?)
	runtime/malloc.go:1349 +0x54 fp=0xc000a198d0 sp=0xc000a198a8 pc=0x7ade14
runtime.mallocgc(0xedd, 0x0, 0x0)
	runtime/malloc.go:1037 +0xde fp=0xc000a19970 sp=0xc000a198d0 pc=0x80a4be
runtime.slicebytetostring(0xd40cc0?, 0xc0007d81f3, 0xedd)
	runtime/string.go:122 +0x77 fp=0xc000a199a0 sp=0xc000a19970 pc=0x811837
main.(*serviceType).handleTransformRequest(0x0?, 0x215, 0xc000398240)
	github.com/evanw/esbuild/cmd/esbuild/service.go:1156 +0xad fp=0xc000a19f60 sp=0xc000a199a0 pc=0xce8ead
main.(*serviceType).handleIncomingPacket.func3()
	github.com/evanw/esbuild/cmd/esbuild/service.go:242 +0x57 fp=0xc000a19fe0 sp=0xc000a19f60 pc=0xce3037
runtime.goexit({})
	runtime/asm_amd64.s:1700 +0x1 fp=0xc000a19fe8 sp=0xc000a19fe0 pc=0x8176c1
created by main.(*serviceType).handleIncomingPacket in goroutine 1
	github.com/evanw/esbuild/cmd/esbuild/service.go:240 +0x1785

goroutine 6254 gp=0xc000e93a40 m=nil [semacquire]:
runtime.gopark(0x0?, 0x0?, 0x0?, 0x0?, 0x0?)
	runtime/proc.go:424 +0xce fp=0xc000a1b740 sp=0xc000a1b720 pc=0x80f5ee
runtime.goparkunlock(...)
	runtime/proc.go:430
runtime.semacquire1(0x119755c, 0x0, 0x0, 0x0, 0x12)
	runtime/sema.go:178 +0x232 fp=0xc000a1b7a8 sp=0xc000a1b740 pc=0x7ee652
runtime.semacquire(...)
	runtime/sema.go:129
runtime.gcMarkDone()
	runtime/mgc.go:861 +0x32 fp=0xc000a1b848 sp=0xc000a1b7a8 pc=0x7b8332
runtime.gcAssistAlloc(0xc000e93a40)
	runtime/mgcmark.go:552 +0x247 fp=0xc000a1b8a8 sp=0xc000a1b848 pc=0x7bc4a7
runtime.deductAssistCredit(0x0?)
	runtime/malloc.go:1349 +0x54 fp=0xc000a1b8d0 sp=0xc000a1b8a8 pc=0x7ade14
runtime.mallocgc(0x63e, 0x0, 0x0)
	runtime/malloc.go:1037 +0xde fp=0xc000a1b970 sp=0xc000a1b8d0 pc=0x80a4be
runtime.slicebytetostring(0xd40cc0?, 0xc0001173f4, 0x63e)
	runtime/string.go:122 +0x77 fp=0xc000a1b9a0 sp=0xc000a1b970 pc=0x811837
main.(*serviceType).handleTransformRequest(0x0?, 0x216, 0xc0003982a0)
	github.com/evanw/esbuild/cmd/esbuild/service.go:1156 +0xad fp=0xc000a1bf60 sp=0xc000a1b9a0 pc=0xce8ead
main.(*serviceType).handleIncomingPacket.func3()
	github.com/evanw/esbuild/cmd/esbuild/service.go:242 +0x57 fp=0xc000a1bfe0 sp=0xc000a1bf60 pc=0xce3037
runtime.goexit({})
	runtime/asm_amd64.s:1700 +0x1 fp=0xc000a1bfe8 sp=0xc000a1bfe0 pc=0x8176c1
created by main.(*serviceType).handleIncomingPacket in goroutine 1
	github.com/evanw/esbuild/cmd/esbuild/service.go:240 +0x1785

goroutine 6255 gp=0xc000e93c00 m=nil [semacquire]:
runtime.gopark(0x0?, 0x0?, 0x0?, 0x0?, 0x0?)
	runtime/proc.go:424 +0xce fp=0xc000a15740 sp=0xc000a15720 pc=0x80f5ee
runtime.goparkunlock(...)
	runtime/proc.go:430
runtime.semacquire1(0x119755c, 0x0, 0x0, 0x0, 0x12)
	runtime/sema.go:178 +0x232 fp=0xc000a157a8 sp=0xc000a15740 pc=0x7ee652
runtime.semacquire(...)
	runtime/sema.go:129
runtime.gcMarkDone()
	runtime/mgc.go:861 +0x32 fp=0xc000a15848 sp=0xc000a157a8 pc=0x7b8332
runtime.gcAssistAlloc(0xc000e93c00)
	runtime/mgcmark.go:552 +0x247 fp=0xc000a158a8 sp=0xc000a15848 pc=0x7bc4a7
runtime.deductAssistCredit(0x0?)
	runtime/malloc.go:1349 +0x54 fp=0xc000a158d0 sp=0xc000a158a8 pc=0x7ade14
runtime.mallocgc(0x4520, 0x0, 0x0)
	runtime/malloc.go:1037 +0xde fp=0xc000a15970 sp=0xc000a158d0 pc=0x80a4be
runtime.slicebytetostring(0xd40cc0?, 0xc0002489ea, 0x4520)
	runtime/string.go:122 +0x77 fp=0xc000a159a0 sp=0xc000a15970 pc=0x811837
main.(*serviceType).handleTransformRequest(0x0?, 0x217, 0xc000398360)
	github.com/evanw/esbuild/cmd/esbuild/service.go:1156 +0xad fp=0xc000a15f60 sp=0xc000a159a0 pc=0xce8ead
main.(*serviceType).handleIncomingPacket.func3()
	github.com/evanw/esbuild/cmd/esbuild/service.go:242 +0x57 fp=0xc000a15fe0 sp=0xc000a15f60 pc=0xce3037
runtime.goexit({})
	runtime/asm_amd64.s:1700 +0x1 fp=0xc000a15fe8 sp=0xc000a15fe0 pc=0x8176c1
created by main.(*serviceType).handleIncomingPacket in goroutine 1
	github.com/evanw/esbuild/cmd/esbuild/service.go:240 +0x1785

goroutine 6256 gp=0xc000e93dc0 m=nil [semacquire]:
runtime.gopark(0x0?, 0x0?, 0x0?, 0x0?, 0x0?)
	runtime/proc.go:424 +0xce fp=0xc000a17740 sp=0xc000a17720 pc=0x80f5ee
runtime.goparkunlock(...)
	runtime/proc.go:430
runtime.semacquire1(0x119755c, 0x0, 0x0, 0x0, 0x12)
	runtime/sema.go:178 +0x232 fp=0xc000a177a8 sp=0xc000a17740 pc=0x7ee652
runtime.semacquire(...)
	runtime/sema.go:129
runtime.gcMarkDone()
	runtime/mgc.go:861 +0x32 fp=0xc000a17848 sp=0xc000a177a8 pc=0x7b8332
runtime.gcAssistAlloc(0xc000e93dc0)
	runtime/mgcmark.go:552 +0x247 fp=0xc000a178a8 sp=0xc000a17848 pc=0x7bc4a7
runtime.deductAssistCredit(0x0?)
	runtime/malloc.go:1349 +0x54 fp=0xc000a178d0 sp=0xc000a178a8 pc=0x7ade14
runtime.mallocgc(0xae2, 0x0, 0x0)
	runtime/malloc.go:1037 +0xde fp=0xc000a17970 sp=0xc000a178d0 pc=0x80a4be
runtime.slicebytetostring(0xd40cc0?, 0xc0007e81f0, 0xae2)
	runtime/string.go:122 +0x77 fp=0xc000a179a0 sp=0xc000a17970 pc=0x811837
main.(*serviceType).handleTransformRequest(0x0?, 0x218, 0xc0003983c0)
	github.com/evanw/esbuild/cmd/esbuild/service.go:1156 +0xad fp=0xc000a17f60 sp=0xc000a179a0 pc=0xce8ead
main.(*serviceType).handleIncomingPacket.func3()
	github.com/evanw/esbuild/cmd/esbuild/service.go:242 +0x57 fp=0xc000a17fe0 sp=0xc000a17f60 pc=0xce3037
runtime.goexit({})
	runtime/asm_amd64.s:1700 +0x1 fp=0xc000a17fe8 sp=0xc000a17fe0 pc=0x8176c1
created by main.(*serviceType).handleIncomingPacket in goroutine 1
	github.com/evanw/esbuild/cmd/esbuild/service.go:240 +0x1785

goroutine 6257 gp=0xc0006d7880 m=nil [semacquire]:
runtime.gopark(0x0?, 0x0?, 0x0?, 0x0?, 0x0?)
	runtime/proc.go:424 +0xce fp=0xc000a21740 sp=0xc000a21720 pc=0x80f5ee
runtime.goparkunlock(...)
	runtime/proc.go:430
runtime.semacquire1(0x119755c, 0x0, 0x0, 0x0, 0x12)
	runtime/sema.go:178 +0x232 fp=0xc000a217a8 sp=0xc000a21740 pc=0x7ee652
runtime.semacquire(...)
	runtime/sema.go:129
runtime.gcMarkDone()
	runtime/mgc.go:861 +0x32 fp=0xc000a21848 sp=0xc000a217a8 pc=0x7b8332
runtime.gcAssistAlloc(0xc0006d7880)
	runtime/mgcmark.go:552 +0x247 fp=0xc000a218a8 sp=0xc000a21848 pc=0x7bc4a7
runtime.deductAssistCredit(0x0?)
	runtime/malloc.go:1349 +0x54 fp=0xc000a218d0 sp=0xc000a218a8 pc=0x7ade14
runtime.mallocgc(0x153, 0x0, 0x0)
	runtime/malloc.go:1037 +0xde fp=0xc000a21970 sp=0xc000a218d0 pc=0x80a4be
runtime.slicebytetostring(0xd40cc0?, 0xc0000bac70, 0x153)
	runtime/string.go:122 +0x77 fp=0xc000a219a0 sp=0xc000a21970 pc=0x811837
main.(*serviceType).handleTransformRequest(0x0?, 0x219, 0xc000398420)
	github.com/evanw/esbuild/cmd/esbuild/service.go:1156 +0xad fp=0xc000a21f60 sp=0xc000a219a0 pc=0xce8ead
main.(*serviceType).handleIncomingPacket.func3()
	github.com/evanw/esbuild/cmd/esbuild/service.go:242 +0x57 fp=0xc000a21fe0 sp=0xc000a21f60 pc=0xce3037
runtime.goexit({})
	runtime/asm_amd64.s:1700 +0x1 fp=0xc000a21fe8 sp=0xc000a21fe0 pc=0x8176c1
created by main.(*serviceType).handleIncomingPacket in goroutine 1
	github.com/evanw/esbuild/cmd/esbuild/service.go:240 +0x1785

goroutine 6258 gp=0xc000d081c0 m=nil [semacquire]:
runtime.gopark(0x0?, 0x0?, 0x0?, 0x0?, 0x0?)
	runtime/proc.go:424 +0xce fp=0xc000a23740 sp=0xc000a23720 pc=0x80f5ee
runtime.goparkunlock(...)
	runtime/proc.go:430
runtime.semacquire1(0x119755c, 0x0, 0x0, 0x0, 0x12)
	runtime/sema.go:178 +0x232 fp=0xc000a237a8 sp=0xc000a23740 pc=0x7ee652
runtime.semacquire(...)
	runtime/sema.go:129
runtime.gcMarkDone()
	runtime/mgc.go:861 +0x32 fp=0xc000a23848 sp=0xc000a237a8 pc=0x7b8332
runtime.gcAssistAlloc(0xc000d081c0)
	runtime/mgcmark.go:552 +0x247 fp=0xc000a238a8 sp=0xc000a23848 pc=0x7bc4a7
runtime.deductAssistCredit(0x0?)
	runtime/malloc.go:1349 +0x54 fp=0xc000a238d0 sp=0xc000a238a8 pc=0x7ade14
runtime.mallocgc(0x1f28, 0x0, 0x0)
	runtime/malloc.go:1037 +0xde fp=0xc000a23970 sp=0xc000a238d0 pc=0x80a4be
runtime.slicebytetostring(0xd40cc0?, 0xc0000130f1, 0x1f28)
	runtime/string.go:122 +0x77 fp=0xc000a239a0 sp=0xc000a23970 pc=0x811837
main.(*serviceType).handleTransformRequest(0x0?, 0x21a, 0xc0003984b0)
	github.com/evanw/esbuild/cmd/esbuild/service.go:1156 +0xad fp=0xc000a23f60 sp=0xc000a239a0 pc=0xce8ead
main.(*serviceType).handleIncomingPacket.func3()
	github.com/evanw/esbuild/cmd/esbuild/service.go:242 +0x57 fp=0xc000a23fe0 sp=0xc000a23f60 pc=0xce3037
runtime.goexit({})
	runtime/asm_amd64.s:1700 +0x1 fp=0xc000a23fe8 sp=0xc000a23fe0 pc=0x8176c1
created by main.(*serviceType).handleIncomingPacket in goroutine 1
	github.com/evanw/esbuild/cmd/esbuild/service.go:240 +0x1785

goroutine 6259 gp=0xc00046b180 m=nil [semacquire]:
runtime.gopark(0x0?, 0x0?, 0x0?, 0x0?, 0x0?)
	runtime/proc.go:424 +0xce fp=0xc000a1d740 sp=0xc000a1d720 pc=0x80f5ee
runtime.goparkunlock(...)
	runtime/proc.go:430
runtime.semacquire1(0x119755c, 0x0, 0x0, 0x0, 0x12)
	runtime/sema.go:178 +0x232 fp=0xc000a1d7a8 sp=0xc000a1d740 pc=0x7ee652
runtime.semacquire(...)
	runtime/sema.go:129
runtime.gcMarkDone()
	runtime/mgc.go:861 +0x32 fp=0xc000a1d848 sp=0xc000a1d7a8 pc=0x7b8332
runtime.gcAssistAlloc(0xc00046b180)
	runtime/mgcmark.go:552 +0x247 fp=0xc000a1d8a8 sp=0xc000a1d848 pc=0x7bc4a7
runtime.deductAssistCredit(0x0?)
	runtime/malloc.go:1349 +0x54 fp=0xc000a1d8d0 sp=0xc000a1d8a8 pc=0x7ade14
runtime.mallocgc(0x4507, 0x0, 0x0)
	runtime/malloc.go:1037 +0xde fp=0xc000a1d970 sp=0xc000a1d8d0 pc=0x80a4be
runtime.slicebytetostring(0xd40cc0?, 0xc00024d1f3, 0x4507)
	runtime/string.go:122 +0x77 fp=0xc000a1d9a0 sp=0xc000a1d970 pc=0x811837
main.(*serviceType).handleTransformRequest(0x0?, 0x21b, 0xc000398540)
	github.com/evanw/esbuild/cmd/esbuild/service.go:1156 +0xad fp=0xc000a1df60 sp=0xc000a1d9a0 pc=0xce8ead
main.(*serviceType).handleIncomingPacket.func3()
	github.com/evanw/esbuild/cmd/esbuild/service.go:242 +0x57 fp=0xc000a1dfe0 sp=0xc000a1df60 pc=0xce3037
runtime.goexit({})
	runtime/asm_amd64.s:1700 +0x1 fp=0xc000a1dfe8 sp=0xc000a1dfe0 pc=0x8176c1
created by main.(*serviceType).handleIncomingPacket in goroutine 1
	github.com/evanw/esbuild/cmd/esbuild/service.go:240 +0x1785

goroutine 6260 gp=0xc00046b500 m=nil [semacquire]:
runtime.gopark(0x0?, 0x0?, 0x0?, 0x0?, 0x0?)
	runtime/proc.go:424 +0xce fp=0xc000a1f740 sp=0xc000a1f720 pc=0x80f5ee
runtime.goparkunlock(...)
	runtime/proc.go:430
runtime.semacquire1(0x119755c, 0x0, 0x0, 0x0, 0x12)
	runtime/sema.go:178 +0x232 fp=0xc000a1f7a8 sp=0xc000a1f740 pc=0x7ee652
runtime.semacquire(...)
	runtime/sema.go:129
runtime.gcMarkDone()
	runtime/mgc.go:861 +0x32 fp=0xc000a1f848 sp=0xc000a1f7a8 pc=0x7b8332
runtime.gcAssistAlloc(0xc00046b500)
	runtime/mgcmark.go:552 +0x247 fp=0xc000a1f8a8 sp=0xc000a1f848 pc=0x7bc4a7
runtime.deductAssistCredit(0x0?)
	runtime/malloc.go:1349 +0x54 fp=0xc000a1f8d0 sp=0xc000a1f8a8 pc=0x7ade14
runtime.mallocgc(0x1930, 0x0, 0x0)
	runtime/malloc.go:1037 +0xde fp=0xc000a1f970 sp=0xc000a1f8d0 pc=0x80a4be
runtime.slicebytetostring(0xd40cc0?, 0xc0007281f2, 0x1930)
	runtime/string.go:122 +0x77 fp=0xc000a1f9a0 sp=0xc000a1f970 pc=0x811837
main.(*serviceType).handleTransformRequest(0x0?, 0x21c, 0xc0003985a0)
	github.com/evanw/esbuild/cmd/esbuild/service.go:1156 +0xad fp=0xc000a1ff60 sp=0xc000a1f9a0 pc=0xce8ead
main.(*serviceType).handleIncomingPacket.func3()
	github.com/evanw/esbuild/cmd/esbuild/service.go:242 +0x57 fp=0xc000a1ffe0 sp=0xc000a1ff60 pc=0xce3037
runtime.goexit({})
	runtime/asm_amd64.s:1700 +0x1 fp=0xc000a1ffe8 sp=0xc000a1ffe0 pc=0x8176c1
created by main.(*serviceType).handleIncomingPacket in goroutine 1
	github.com/evanw/esbuild/cmd/esbuild/service.go:240 +0x1785

goroutine 6261 gp=0xc000211500 m=nil [semacquire]:
runtime.gopark(0x0?, 0x0?, 0x0?, 0x0?, 0x0?)
	runtime/proc.go:424 +0xce fp=0xc000a29740 sp=0xc000a29720 pc=0x80f5ee
runtime.goparkunlock(...)
	runtime/proc.go:430
runtime.semacquire1(0x119755c, 0x0, 0x0, 0x0, 0x12)
	runtime/sema.go:178 +0x232 fp=0xc000a297a8 sp=0xc000a29740 pc=0x7ee652
runtime.semacquire(...)
	runtime/sema.go:129
runtime.gcMarkDone()
	runtime/mgc.go:861 +0x32 fp=0xc000a29848 sp=0xc000a297a8 pc=0x7b8332
runtime.gcAssistAlloc(0xc000211500)
	runtime/mgcmark.go:552 +0x247 fp=0xc000a298a8 sp=0xc000a29848 pc=0x7bc4a7
runtime.deductAssistCredit(0x0?)
	runtime/malloc.go:1349 +0x54 fp=0xc000a298d0 sp=0xc000a298a8 pc=0x7ade14
runtime.mallocgc(0x3b30, 0x0, 0x0)
	runtime/malloc.go:1037 +0xde fp=0xc000a29970 sp=0xc000a298d0 pc=0x80a4be
runtime.slicebytetostring(0xd40cc0?, 0xc0008061f1, 0x3b30)
	runtime/string.go:122 +0x77 fp=0xc000a299a0 sp=0xc000a29970 pc=0x811837
main.(*serviceType).handleTransformRequest(0x0?, 0x21d, 0xc000398600)
	github.com/evanw/esbuild/cmd/esbuild/service.go:1156 +0xad fp=0xc000a29f60 sp=0xc000a299a0 pc=0xce8ead
main.(*serviceType).handleIncomingPacket.func3()
	github.com/evanw/esbuild/cmd/esbuild/service.go:242 +0x57 fp=0xc000a29fe0 sp=0xc000a29f60 pc=0xce3037
runtime.goexit({})
	runtime/asm_amd64.s:1700 +0x1 fp=0xc000a29fe8 sp=0xc000a29fe0 pc=0x8176c1
created by main.(*serviceType).handleIncomingPacket in goroutine 1
	github.com/evanw/esbuild/cmd/esbuild/service.go:240 +0x1785

goroutine 6262 gp=0xc0008fc8c0 m=nil [semacquire]:
runtime.gopark(0x0?, 0x0?, 0x0?, 0x0?, 0x0?)
	runtime/proc.go:424 +0xce fp=0xc000a2b740 sp=0xc000a2b720 pc=0x80f5ee
runtime.goparkunlock(...)
	runtime/proc.go:430
runtime.semacquire1(0x119755c, 0x0, 0x0, 0x0, 0x12)
	runtime/sema.go:178 +0x232 fp=0xc000a2b7a8 sp=0xc000a2b740 pc=0x7ee652
runtime.semacquire(...)
	runtime/sema.go:129
runtime.gcMarkDone()
	runtime/mgc.go:861 +0x32 fp=0xc000a2b848 sp=0xc000a2b7a8 pc=0x7b8332
runtime.gcAssistAlloc(0xc0008fc8c0)
	runtime/mgcmark.go:552 +0x247 fp=0xc000a2b8a8 sp=0xc000a2b848 pc=0x7bc4a7
runtime.deductAssistCredit(0x0?)
	runtime/malloc.go:1349 +0x54 fp=0xc000a2b8d0 sp=0xc000a2b8a8 pc=0x7ade14
runtime.mallocgc(0x6e68, 0x0, 0x0)
	runtime/malloc.go:1037 +0xde fp=0xc000a2b970 sp=0xc000a2b8d0 pc=0x80a4be
runtime.slicebytetostring(0xd40cc0?, 0xc000a2c1e8, 0x6e68)
	runtime/string.go:122 +0x77 fp=0xc000a2b9a0 sp=0xc000a2b970 pc=0x811837
main.(*serviceType).handleTransformRequest(0x0?, 0x21e, 0xc000398720)
	github.com/evanw/esbuild/cmd/esbuild/service.go:1156 +0xad fp=0xc000a2bf60 sp=0xc000a2b9a0 pc=0xce8ead
main.(*serviceType).handleIncomingPacket.func3()
	github.com/evanw/esbuild/cmd/esbuild/service.go:242 +0x57 fp=0xc000a2bfe0 sp=0xc000a2bf60 pc=0xce3037
runtime.goexit({})
	runtime/asm_amd64.s:1700 +0x1 fp=0xc000a2bfe8 sp=0xc000a2bfe0 pc=0x8176c1
created by main.(*serviceType).handleIncomingPacket in goroutine 1
	github.com/evanw/esbuild/cmd/esbuild/service.go:240 +0x1785

goroutine 6263 gp=0xc00040c540 m=nil [semacquire]:
runtime.gopark(0x0?, 0x0?, 0x0?, 0x0?, 0x0?)
	runtime/proc.go:424 +0xce fp=0xc000a25740 sp=0xc000a25720 pc=0x80f5ee
runtime.goparkunlock(...)
	runtime/proc.go:430
runtime.semacquire1(0x119755c, 0x0, 0x0, 0x0, 0x12)
	runtime/sema.go:178 +0x232 fp=0xc000a257a8 sp=0xc000a25740 pc=0x7ee652
runtime.semacquire(...)
	runtime/sema.go:129
runtime.gcMarkDone()
	runtime/mgc.go:861 +0x32 fp=0xc000a25848 sp=0xc000a257a8 pc=0x7b8332
runtime.gcAssistAlloc(0xc00040c540)
	runtime/mgcmark.go:552 +0x247 fp=0xc000a258a8 sp=0xc000a25848 pc=0x7bc4a7
runtime.deductAssistCredit(0x0?)
	runtime/malloc.go:1349 +0x54 fp=0xc000a258d0 sp=0xc000a258a8 pc=0x7ade14
runtime.mallocgc(0x85b, 0x0, 0x0)
	runtime/malloc.go:1037 +0xde fp=0xc000a25970 sp=0xc000a258d0 pc=0x80a4be
runtime.slicebytetostring(0xd40cc0?, 0xc0008001f2, 0x85b)
	runtime/string.go:122 +0x77 fp=0xc000a259a0 sp=0xc000a25970 pc=0x811837
main.(*serviceType).handleTransformRequest(0x0?, 0x21f, 0xc0003988a0)
	github.com/evanw/esbuild/cmd/esbuild/service.go:1156 +0xad fp=0xc000a25f60 sp=0xc000a259a0 pc=0xce8ead
main.(*serviceType).handleIncomingPacket.func3()
	github.com/evanw/esbuild/cmd/esbuild/service.go:242 +0x57 fp=0xc000a25fe0 sp=0xc000a25f60 pc=0xce3037
runtime.goexit({})
	runtime/asm_amd64.s:1700 +0x1 fp=0xc000a25fe8 sp=0xc000a25fe0 pc=0x8176c1
created by main.(*serviceType).handleIncomingPacket in goroutine 1
	github.com/evanw/esbuild/cmd/esbuild/service.go:240 +0x1785

goroutine 6264 gp=0xc00040c700 m=nil [semacquire]:
runtime.gopark(0x0?, 0x0?, 0x0?, 0x0?, 0x0?)
	runtime/proc.go:424 +0xce fp=0xc000a27740 sp=0xc000a27720 pc=0x80f5ee
runtime.goparkunlock(...)
	runtime/proc.go:430
runtime.semacquire1(0x119755c, 0x0, 0x0, 0x0, 0x12)
	runtime/sema.go:178 +0x232 fp=0xc000a277a8 sp=0xc000a27740 pc=0x7ee652
runtime.semacquire(...)
	runtime/sema.go:129
runtime.gcMarkDone()
	runtime/mgc.go:861 +0x32 fp=0xc000a27848 sp=0xc000a277a8 pc=0x7b8332
runtime.gcAssistAlloc(0xc00040c700)
	runtime/mgcmark.go:552 +0x247 fp=0xc000a278a8 sp=0xc000a27848 pc=0x7bc4a7
runtime.deductAssistCredit(0x0?)
	runtime/malloc.go:1349 +0x54 fp=0xc000a278d0 sp=0xc000a278a8 pc=0x7ade14
runtime.mallocgc(0xbcb, 0x0, 0x0)
	runtime/malloc.go:1037 +0xde fp=0xc000a27970 sp=0xc000a278d0 pc=0x80a4be
runtime.slicebytetostring(0xd40cc0?, 0xc0008431ea, 0xbcb)
	runtime/string.go:122 +0x77 fp=0xc000a279a0 sp=0xc000a27970 pc=0x811837
main.(*serviceType).handleTransformRequest(0x0?, 0x220, 0xc0003989c0)
	github.com/evanw/esbuild/cmd/esbuild/service.go:1156 +0xad fp=0xc000a27f60 sp=0xc000a279a0 pc=0xce8ead
main.(*serviceType).handleIncomingPacket.func3()
	github.com/evanw/esbuild/cmd/esbuild/service.go:242 +0x57 fp=0xc000a27fe0 sp=0xc000a27f60 pc=0xce3037
runtime.goexit({})
	runtime/asm_amd64.s:1700 +0x1 fp=0xc000a27fe8 sp=0xc000a27fe0 pc=0x8176c1
created by main.(*serviceType).handleIncomingPacket in goroutine 1
	github.com/evanw/esbuild/cmd/esbuild/service.go:240 +0x1785

goroutine 6266 gp=0xc000caa700 m=nil [semacquire]:
runtime.gopark(0x0?, 0x0?, 0x0?, 0x0?, 0x0?)
	runtime/proc.go:424 +0xce fp=0xc000a4b740 sp=0xc000a4b720 pc=0x80f5ee
runtime.goparkunlock(...)
	runtime/proc.go:430
runtime.semacquire1(0x119755c, 0x0, 0x0, 0x0, 0x12)
	runtime/sema.go:178 +0x232 fp=0xc000a4b7a8 sp=0xc000a4b740 pc=0x7ee652
runtime.semacquire(...)
	runtime/sema.go:129
runtime.gcMarkDone()
	runtime/mgc.go:861 +0x32 fp=0xc000a4b848 sp=0xc000a4b7a8 pc=0x7b8332
runtime.gcAssistAlloc(0xc000caa700)
	runtime/mgcmark.go:552 +0x247 fp=0xc000a4b8a8 sp=0xc000a4b848 pc=0x7bc4a7
runtime.deductAssistCredit(0x0?)
	runtime/malloc.go:1349 +0x54 fp=0xc000a4b8d0 sp=0xc000a4b8a8 pc=0x7ade14
runtime.mallocgc(0xbf7, 0x0, 0x0)
	runtime/malloc.go:1037 +0xde fp=0xc000a4b970 sp=0xc000a4b8d0 pc=0x80a4be
runtime.slicebytetostring(0xd40cc0?, 0xc00023f1ee, 0xbf7)
	runtime/string.go:122 +0x77 fp=0xc000a4b9a0 sp=0xc000a4b970 pc=0x811837
main.(*serviceType).handleTransformRequest(0x0?, 0x222, 0xc000398bd0)
	github.com/evanw/esbuild/cmd/esbuild/service.go:1156 +0xad fp=0xc000a4bf60 sp=0xc000a4b9a0 pc=0xce8ead
main.(*serviceType).handleIncomingPacket.func3()
	github.com/evanw/esbuild/cmd/esbuild/service.go:242 +0x57 fp=0xc000a4bfe0 sp=0xc000a4bf60 pc=0xce3037
runtime.goexit({})
	runtime/asm_amd64.s:1700 +0x1 fp=0xc000a4bfe8 sp=0xc000a4bfe0 pc=0x8176c1
created by main.(*serviceType).handleIncomingPacket in goroutine 1
	github.com/evanw/esbuild/cmd/esbuild/service.go:240 +0x1785

goroutine 6267 gp=0xc000caa8c0 m=nil [semacquire]:
runtime.gopark(0x0?, 0x0?, 0x0?, 0x0?, 0x0?)
	runtime/proc.go:424 +0xce fp=0xc000a45740 sp=0xc000a45720 pc=0x80f5ee
runtime.goparkunlock(...)
	runtime/proc.go:430
runtime.semacquire1(0x119755c, 0x0, 0x0, 0x0, 0x12)
	runtime/sema.go:178 +0x232 fp=0xc000a457a8 sp=0xc000a45740 pc=0x7ee652
runtime.semacquire(...)
	runtime/sema.go:129
runtime.gcMarkDone()
	runtime/mgc.go:861 +0x32 fp=0xc000a45848 sp=0xc000a457a8 pc=0x7b8332
runtime.gcAssistAlloc(0xc000caa8c0)
	runtime/mgcmark.go:552 +0x247 fp=0xc000a458a8 sp=0xc000a45848 pc=0x7bc4a7
runtime.deductAssistCredit(0x0?)
	runtime/malloc.go:1349 +0x54 fp=0xc000a458d0 sp=0xc000a458a8 pc=0x7ade14
runtime.mallocgc(0x6bc, 0x0, 0x0)
	runtime/malloc.go:1037 +0xde fp=0xc000a45970 sp=0xc000a458d0 pc=0x80a4be
runtime.slicebytetostring(0xd40cc0?, 0xc000117cf2, 0x6bc)
	runtime/string.go:122 +0x77 fp=0xc000a459a0 sp=0xc000a45970 pc=0x811837
main.(*serviceType).handleTransformRequest(0x0?, 0x223, 0xc000398c30)
	github.com/evanw/esbuild/cmd/esbuild/service.go:1156 +0xad fp=0xc000a45f60 sp=0xc000a459a0 pc=0xce8ead
main.(*serviceType).handleIncomingPacket.func3()
	github.com/evanw/esbuild/cmd/esbuild/service.go:242 +0x57 fp=0xc000a45fe0 sp=0xc000a45f60 pc=0xce3037
runtime.goexit({})
	runtime/asm_amd64.s:1700 +0x1 fp=0xc000a45fe8 sp=0xc000a45fe0 pc=0x8176c1
created by main.(*serviceType).handleIncomingPacket in goroutine 1
	github.com/evanw/esbuild/cmd/esbuild/service.go:240 +0x1785

goroutine 6268 gp=0xc000caac40 m=nil [semacquire]:
runtime.gopark(0x0?, 0x0?, 0x0?, 0x0?, 0x0?)
	runtime/proc.go:424 +0xce fp=0xc000a47740 sp=0xc000a47720 pc=0x80f5ee
runtime.goparkunlock(...)
	runtime/proc.go:430
runtime.semacquire1(0x119755c, 0x0, 0x0, 0x0, 0x12)
	runtime/sema.go:178 +0x232 fp=0xc000a477a8 sp=0xc000a47740 pc=0x7ee652
runtime.semacquire(...)
	runtime/sema.go:129
runtime.gcMarkDone()
	runtime/mgc.go:861 +0x32 fp=0xc000a47848 sp=0xc000a477a8 pc=0x7b8332
runtime.gcAssistAlloc(0xc000caac40)
	runtime/mgcmark.go:552 +0x247 fp=0xc000a478a8 sp=0xc000a47848 pc=0x7bc4a7
runtime.deductAssistCredit(0x0?)
	runtime/malloc.go:1349 +0x54 fp=0xc000a478d0 sp=0xc000a478a8 pc=0x7ade14
runtime.mallocgc(0x43f, 0x0, 0x0)
	runtime/malloc.go:1037 +0xde fp=0xc000a47970 sp=0xc000a478d0 pc=0x80a4be
runtime.slicebytetostring(0xd40cc0?, 0xc00054e8f7, 0x43f)
	runtime/string.go:122 +0x77 fp=0xc000a479a0 sp=0xc000a47970 pc=0x811837
main.(*serviceType).handleTransformRequest(0x0?, 0x224, 0xc00080a000)
	github.com/evanw/esbuild/cmd/esbuild/service.go:1156 +0xad fp=0xc000a47f60 sp=0xc000a479a0 pc=0xce8ead
main.(*serviceType).handleIncomingPacket.func3()
	github.com/evanw/esbuild/cmd/esbuild/service.go:242 +0x57 fp=0xc000a47fe0 sp=0xc000a47f60 pc=0xce3037
runtime.goexit({})
	runtime/asm_amd64.s:1700 +0x1 fp=0xc000a47fe8 sp=0xc000a47fe0 pc=0x8176c1
created by main.(*serviceType).handleIncomingPacket in goroutine 1
	github.com/evanw/esbuild/cmd/esbuild/service.go:240 +0x1785

goroutine 6269 gp=0xc000cab340 m=nil [semacquire]:
runtime.gopark(0x0?, 0x0?, 0x0?, 0x0?, 0x0?)
	runtime/proc.go:424 +0xce fp=0xc000a51740 sp=0xc000a51720 pc=0x80f5ee
runtime.goparkunlock(...)
	runtime/proc.go:430
runtime.semacquire1(0x119755c, 0x0, 0x0, 0x0, 0x12)
	runtime/sema.go:178 +0x232 fp=0xc000a517a8 sp=0xc000a51740 pc=0x7ee652
runtime.semacquire(...)
	runtime/sema.go:129
runtime.gcMarkDone()
	runtime/mgc.go:861 +0x32 fp=0xc000a51848 sp=0xc000a517a8 pc=0x7b8332
runtime.gcAssistAlloc(0xc000cab340)
	runtime/mgcmark.go:552 +0x247 fp=0xc000a518a8 sp=0xc000a51848 pc=0x7bc4a7
runtime.deductAssistCredit(0x0?)
	runtime/malloc.go:1349 +0x54 fp=0xc000a518d0 sp=0xc000a518a8 pc=0x7ade14
runtime.mallocgc(0x1639, 0x0, 0x0)
	runtime/malloc.go:1037 +0xde fp=0xc000a51970 sp=0xc000a518d0 pc=0x80a4be
runtime.slicebytetostring(0xd40cc0?, 0xc0007e34ea, 0x1639)
	runtime/string.go:122 +0x77 fp=0xc000a519a0 sp=0xc000a51970 pc=0x811837
main.(*serviceType).handleTransformRequest(0x0?, 0x225, 0xc00080a060)
	github.com/evanw/esbuild/cmd/esbuild/service.go:1156 +0xad fp=0xc000a51f60 sp=0xc000a519a0 pc=0xce8ead
main.(*serviceType).handleIncomingPacket.func3()
	github.com/evanw/esbuild/cmd/esbuild/service.go:242 +0x57 fp=0xc000a51fe0 sp=0xc000a51f60 pc=0xce3037
runtime.goexit({})
	runtime/asm_amd64.s:1700 +0x1 fp=0xc000a51fe8 sp=0xc000a51fe0 pc=0x8176c1
created by main.(*serviceType).handleIncomingPacket in goroutine 1
	github.com/evanw/esbuild/cmd/esbuild/service.go:240 +0x1785

goroutine 6270 gp=0xc000cab880 m=nil [semacquire]:
runtime.gopark(0x0?, 0x0?, 0x0?, 0x0?, 0x0?)
	runtime/proc.go:424 +0xce fp=0xc000a53740 sp=0xc000a53720 pc=0x80f5ee
runtime.goparkunlock(...)
	runtime/proc.go:430
runtime.semacquire1(0x119755c, 0x0, 0x0, 0x0, 0x12)
	runtime/sema.go:178 +0x232 fp=0xc000a537a8 sp=0xc000a53740 pc=0x7ee652
runtime.semacquire(...)
	runtime/sema.go:129
runtime.gcMarkDone()
	runtime/mgc.go:861 +0x32 fp=0xc000a53848 sp=0xc000a537a8 pc=0x7b8332
runtime.gcAssistAlloc(0xc000cab880)
	runtime/mgcmark.go:552 +0x247 fp=0xc000a538a8 sp=0xc000a53848 pc=0x7bc4a7
runtime.deductAssistCredit(0x0?)
	runtime/malloc.go:1349 +0x54 fp=0xc000a538d0 sp=0xc000a538a8 pc=0x7ade14
runtime.mallocgc(0x8a29, 0x0, 0x0)
	runtime/malloc.go:1037 +0xde fp=0xc000a53970 sp=0xc000a538d0 pc=0x80a4be
runtime.slicebytetostring(0xd40cc0?, 0xc000a5e1ed, 0x8a29)
	runtime/string.go:122 +0x77 fp=0xc000a539a0 sp=0xc000a53970 pc=0x811837
main.(*serviceType).handleTransformRequest(0x0?, 0x226, 0xc00080a0c0)
	github.com/evanw/esbuild/cmd/esbuild/service.go:1156 +0xad fp=0xc000a53f60 sp=0xc000a539a0 pc=0xce8ead
main.(*serviceType).handleIncomingPacket.func3()
	github.com/evanw/esbuild/cmd/esbuild/service.go:242 +0x57 fp=0xc000a53fe0 sp=0xc000a53f60 pc=0xce3037
runtime.goexit({})
	runtime/asm_amd64.s:1700 +0x1 fp=0xc000a53fe8 sp=0xc000a53fe0 pc=0x8176c1
created by main.(*serviceType).handleIncomingPacket in goroutine 1
	github.com/evanw/esbuild/cmd/esbuild/service.go:240 +0x1785

goroutine 6271 gp=0xc000caba40 m=nil [semacquire]:
runtime.gopark(0x0?, 0x0?, 0x0?, 0x0?, 0x0?)
	runtime/proc.go:424 +0xce fp=0xc000a4d740 sp=0xc000a4d720 pc=0x80f5ee
runtime.goparkunlock(...)
	runtime/proc.go:430
runtime.semacquire1(0x119755c, 0x0, 0x0, 0x0, 0x12)
	runtime/sema.go:178 +0x232 fp=0xc000a4d7a8 sp=0xc000a4d740 pc=0x7ee652
runtime.semacquire(...)
	runtime/sema.go:129
runtime.gcMarkDone()
	runtime/mgc.go:861 +0x32 fp=0xc000a4d848 sp=0xc000a4d7a8 pc=0x7b8332
runtime.gcAssistAlloc(0xc000caba40)
	runtime/mgcmark.go:552 +0x247 fp=0xc000a4d8a8 sp=0xc000a4d848 pc=0x7bc4a7
runtime.deductAssistCredit(0x0?)
	runtime/malloc.go:1349 +0x54 fp=0xc000a4d8d0 sp=0xc000a4d8a8 pc=0x7ade14
runtime.mallocgc(0x6446, 0x0, 0x0)
	runtime/malloc.go:1037 +0xde fp=0xc000a4d970 sp=0xc000a4d8d0 pc=0x80a4be
runtime.slicebytetostring(0xd40cc0?, 0xc00074d6ec, 0x6446)
	runtime/string.go:122 +0x77 fp=0xc000a4d9a0 sp=0xc000a4d970 pc=0x811837
main.(*serviceType).handleTransformRequest(0x0?, 0x227, 0xc00080a120)
	github.com/evanw/esbuild/cmd/esbuild/service.go:1156 +0xad fp=0xc000a4df60 sp=0xc000a4d9a0 pc=0xce8ead
main.(*serviceType).handleIncomingPacket.func3()
	github.com/evanw/esbuild/cmd/esbuild/service.go:242 +0x57 fp=0xc000a4dfe0 sp=0xc000a4df60 pc=0xce3037
runtime.goexit({})
	runtime/asm_amd64.s:1700 +0x1 fp=0xc000a4dfe8 sp=0xc000a4dfe0 pc=0x8176c1
created by main.(*serviceType).handleIncomingPacket in goroutine 1
	github.com/evanw/esbuild/cmd/esbuild/service.go:240 +0x1785

goroutine 6273 gp=0xc000cabdc0 m=nil [semacquire]:
runtime.gopark(0x549d00090000?, 0x1b000000000005?, 0xa2?, 0x54?, 0x54a6001b0000?)
	runtime/proc.go:424 +0xce fp=0xc000a6d740 sp=0xc000a6d720 pc=0x80f5ee
runtime.goparkunlock(...)
	runtime/proc.go:430
runtime.semacquire1(0x119755c, 0x0, 0x0, 0x0, 0x12)
	runtime/sema.go:178 +0x232 fp=0xc000a6d7a8 sp=0xc000a6d740 pc=0x7ee652
runtime.semacquire(...)
	runtime/sema.go:129
runtime.gcMarkDone()
	runtime/mgc.go:861 +0x32 fp=0xc000a6d848 sp=0xc000a6d7a8 pc=0x7b8332
runtime.gcAssistAlloc(0xc000cabdc0)
	runtime/mgcmark.go:552 +0x247 fp=0xc000a6d8a8 sp=0xc000a6d848 pc=0x7bc4a7
runtime.deductAssistCredit(0x10000550b?)
	runtime/malloc.go:1349 +0x54 fp=0xc000a6d8d0 sp=0xc000a6d8a8 pc=0x7ade14
runtime.mallocgc(0x1552, 0x0, 0x0)
	runtime/malloc.go:1037 +0xde fp=0xc000a6d970 sp=0xc000a6d8d0 pc=0x80a4be
runtime.slicebytetostring(0xd40cc0?, 0xc0005c39f8, 0x1552)
	runtime/string.go:122 +0x77 fp=0xc000a6d9a0 sp=0xc000a6d970 pc=0x811837
main.(*serviceType).handleTransformRequest(0x1000056fc?, 0x229, 0xc00080a1e0)
	github.com/evanw/esbuild/cmd/esbuild/service.go:1156 +0xad fp=0xc000a6df60 sp=0xc000a6d9a0 pc=0xce8ead
main.(*serviceType).handleIncomingPacket.func3()
	github.com/evanw/esbuild/cmd/esbuild/service.go:242 +0x57 fp=0xc000a6dfe0 sp=0xc000a6df60 pc=0xce3037
runtime.goexit({})
	runtime/asm_amd64.s:1700 +0x1 fp=0xc000a6dfe8 sp=0xc000a6dfe0 pc=0x8176c1
created by main.(*serviceType).handleIncomingPacket in goroutine 1
	github.com/evanw/esbuild/cmd/esbuild/service.go:240 +0x1785

goroutine 6274 gp=0xc00081e000 m=nil [semacquire]:
runtime.gopark(0x1d000000000006?, 0x100005db9?, 0x0?, 0x0?, 0x1b000000000005?)
	runtime/proc.go:424 +0xce fp=0xc000a6f740 sp=0xc000a6f720 pc=0x80f5ee
runtime.goparkunlock(...)
	runtime/proc.go:430
runtime.semacquire1(0x119755c, 0x0, 0x0, 0x0, 0x12)
	runtime/sema.go:178 +0x232 fp=0xc000a6f7a8 sp=0xc000a6f740 pc=0x7ee652
runtime.semacquire(...)
	runtime/sema.go:129
runtime.gcMarkDone()
	runtime/mgc.go:861 +0x32 fp=0xc000a6f848 sp=0xc000a6f7a8 pc=0x7b8332
runtime.gcAssistAlloc(0xc00081e000)
	runtime/mgcmark.go:552 +0x247 fp=0xc000a6f8a8 sp=0xc000a6f848 pc=0x7bc4a7
runtime.deductAssistCredit(0x5e1a001e0000?)
	runtime/malloc.go:1349 +0x54 fp=0xc000a6f8d0 sp=0xc000a6f8a8 pc=0x7ade14
runtime.mallocgc(0x6804, 0x0, 0x0)
	runtime/malloc.go:1037 +0xde fp=0xc000a6f970 sp=0xc000a6f8d0 pc=0x80a4be
runtime.slicebytetostring(0xd40cc0?, 0xc000a70201, 0x6804)
	runtime/string.go:122 +0x77 fp=0xc000a6f9a0 sp=0xc000a6f970 pc=0x811837
main.(*serviceType).handleTransformRequest(0x5fc3001a0001?, 0x22a, 0xc00080a240)
	github.com/evanw/esbuild/cmd/esbuild/service.go:1156 +0xad fp=0xc000a6ff60 sp=0xc000a6f9a0 pc=0xce8ead
main.(*serviceType).handleIncomingPacket.func3()
	github.com/evanw/esbuild/cmd/esbuild/service.go:242 +0x57 fp=0xc000a6ffe0 sp=0xc000a6ff60 pc=0xce3037
runtime.goexit({})
	runtime/asm_amd64.s:1700 +0x1 fp=0xc000a6ffe8 sp=0xc000a6ffe0 pc=0x8176c1
created by main.(*serviceType).handleIncomingPacket in goroutine 1
	github.com/evanw/esbuild/cmd/esbuild/service.go:240 +0x1785

goroutine 6276 gp=0xc00081e380 m=nil [semacquire]:
runtime.gopark(0x100004bdb?, 0x4bdc00060000?, 0x1?, 0x0?, 0x700004bdd?)
	runtime/proc.go:424 +0xce fp=0xc000a6b740 sp=0xc000a6b720 pc=0x80f5ee
runtime.goparkunlock(...)
	runtime/proc.go:430
runtime.semacquire1(0x119755c, 0x0, 0x0, 0x0, 0x12)
	runtime/sema.go:178 +0x232 fp=0xc000a6b7a8 sp=0xc000a6b740 pc=0x7ee652
runtime.semacquire(...)
	runtime/sema.go:129
runtime.gcMarkDone()
	runtime/mgc.go:861 +0x32 fp=0xc000a6b848 sp=0xc000a6b7a8 pc=0x7b8332
runtime.gcAssistAlloc(0xc00081e380)
	runtime/mgcmark.go:552 +0x247 fp=0xc000a6b8a8 sp=0xc000a6b848 pc=0x7bc4a7
runtime.deductAssistCredit(0x1e000000000001?)
	runtime/malloc.go:1349 +0x54 fp=0xc000a6b8d0 sp=0xc000a6b8a8 pc=0x7ade14
runtime.mallocgc(0x46d5, 0x0, 0x0)
	runtime/malloc.go:1037 +0xde fp=0xc000a6b970 sp=0xc000a6b8d0 pc=0x80a4be
runtime.slicebytetostring(0xd40cc0?, 0xc000a841f5, 0x46d5)
	runtime/string.go:122 +0x77 fp=0xc000a6b9a0 sp=0xc000a6b970 pc=0x811837
main.(*serviceType).handleTransformRequest(0x1d00000000000d?, 0x22c, 0xc00080a300)
	github.com/evanw/esbuild/cmd/esbuild/service.go:1156 +0xad fp=0xc000a6bf60 sp=0xc000a6b9a0 pc=0xce8ead
main.(*serviceType).handleIncomingPacket.func3()
	github.com/evanw/esbuild/cmd/esbuild/service.go:242 +0x57 fp=0xc000a6bfe0 sp=0xc000a6bf60 pc=0xce3037
runtime.goexit({})
	runtime/asm_amd64.s:1700 +0x1 fp=0xc000a6bfe8 sp=0xc000a6bfe0 pc=0x8176c1
created by main.(*serviceType).handleIncomingPacket in goroutine 1
	github.com/evanw/esbuild/cmd/esbuild/service.go:240 +0x1785

goroutine 6277 gp=0xc00081e540 m=nil [semacquire]:
runtime.gopark(0x0?, 0x0?, 0x0?, 0x0?, 0x0?)
	runtime/proc.go:424 +0xce fp=0xc000ab9740 sp=0xc000ab9720 pc=0x80f5ee
runtime.goparkunlock(...)
	runtime/proc.go:430
runtime.semacquire1(0x119755c, 0x0, 0x0, 0x0, 0x12)
	runtime/sema.go:178 +0x232 fp=0xc000ab97a8 sp=0xc000ab9740 pc=0x7ee652
runtime.semacquire(...)
	runtime/sema.go:129
runtime.gcMarkDone()
	runtime/mgc.go:861 +0x32 fp=0xc000ab9848 sp=0xc000ab97a8 pc=0x7b8332
runtime.gcAssistAlloc(0xc00081e540)
	runtime/mgcmark.go:552 +0x247 fp=0xc000ab98a8 sp=0xc000ab9848 pc=0x7bc4a7
runtime.deductAssistCredit(0x0?)
	runtime/malloc.go:1349 +0x54 fp=0xc000ab98d0 sp=0xc000ab98a8 pc=0x7ade14
runtime.mallocgc(0x17d1, 0x0, 0x0)
	runtime/malloc.go:1037 +0xde fp=0xc000ab9970 sp=0xc000ab98d0 pc=0x80a4be
runtime.slicebytetostring(0xd40cc0?, 0xc000a921f8, 0x17d1)
	runtime/string.go:122 +0x77 fp=0xc000ab99a0 sp=0xc000ab9970 pc=0x811837
main.(*serviceType).handleTransformRequest(0x0?, 0x22d, 0xc00080a360)
	github.com/evanw/esbuild/cmd/esbuild/service.go:1156 +0xad fp=0xc000ab9f60 sp=0xc000ab99a0 pc=0xce8ead
main.(*serviceType).handleIncomingPacket.func3()
	github.com/evanw/esbuild/cmd/esbuild/service.go:242 +0x57 fp=0xc000ab9fe0 sp=0xc000ab9f60 pc=0xce3037
runtime.goexit({})
	runtime/asm_amd64.s:1700 +0x1 fp=0xc000ab9fe8 sp=0xc000ab9fe0 pc=0x8176c1
created by main.(*serviceType).handleIncomingPacket in goroutine 1
	github.com/evanw/esbuild/cmd/esbuild/service.go:240 +0x1785

goroutine 7165 gp=0xc00081e700 m=nil [runnable]:
github.com/evanw/esbuild/internal/bundler.ScanBundle.func2()
	github.com/evanw/esbuild/internal/bundler/bundler.go:1413 fp=0xc001977fe0 sp=0xc001977fd8 pc=0xbf5ea0
runtime.goexit({})
	runtime/asm_amd64.s:1700 +0x1 fp=0xc001977fe8 sp=0xc001977fe0 pc=0x8176c1
created by github.com/evanw/esbuild/internal/bundler.ScanBundle in goroutine 7149
	github.com/evanw/esbuild/internal/bundler/bundler.go:1413 +0x97d

goroutine 6279 gp=0xc00081e8c0 m=nil [semacquire]:
runtime.gopark(0x0?, 0x0?, 0x0?, 0x0?, 0x0?)
	runtime/proc.go:424 +0xce fp=0xc000ab5740 sp=0xc000ab5720 pc=0x80f5ee
runtime.goparkunlock(...)
	runtime/proc.go:430
runtime.semacquire1(0x119755c, 0x0, 0x0, 0x0, 0x12)
	runtime/sema.go:178 +0x232 fp=0xc000ab57a8 sp=0xc000ab5740 pc=0x7ee652
runtime.semacquire(...)
	runtime/sema.go:129
runtime.gcMarkDone()
	runtime/mgc.go:861 +0x32 fp=0xc000ab5848 sp=0xc000ab57a8 pc=0x7b8332
runtime.gcAssistAlloc(0xc00081e8c0)
	runtime/mgcmark.go:552 +0x247 fp=0xc000ab58a8 sp=0xc000ab5848 pc=0x7bc4a7
runtime.deductAssistCredit(0x0?)
	runtime/malloc.go:1349 +0x54 fp=0xc000ab58d0 sp=0xc000ab58a8 pc=0x7ade14
runtime.mallocgc(0x1507, 0x0, 0x0)
	runtime/malloc.go:1037 +0xde fp=0xc000ab5970 sp=0xc000ab58d0 pc=0x80a4be
runtime.slicebytetostring(0xd40cc0?, 0xc0005c51f4, 0x1507)
	runtime/string.go:122 +0x77 fp=0xc000ab59a0 sp=0xc000ab5970 pc=0x811837
main.(*serviceType).handleTransformRequest(0x0?, 0x22f, 0xc00080a420)
	github.com/evanw/esbuild/cmd/esbuild/service.go:1156 +0xad fp=0xc000ab5f60 sp=0xc000ab59a0 pc=0xce8ead
main.(*serviceType).handleIncomingPacket.func3()
	github.com/evanw/esbuild/cmd/esbuild/service.go:242 +0x57 fp=0xc000ab5fe0 sp=0xc000ab5f60 pc=0xce3037
runtime.goexit({})
	runtime/asm_amd64.s:1700 +0x1 fp=0xc000ab5fe8 sp=0xc000ab5fe0 pc=0x8176c1
created by main.(*serviceType).handleIncomingPacket in goroutine 1
	github.com/evanw/esbuild/cmd/esbuild/service.go:240 +0x1785

goroutine 6280 gp=0xc00081ea80 m=nil [semacquire]:
runtime.gopark(0x0?, 0x0?, 0x0?, 0x0?, 0x0?)
	runtime/proc.go:424 +0xce fp=0xc000ab7740 sp=0xc000ab7720 pc=0x80f5ee
runtime.goparkunlock(...)
	runtime/proc.go:430
runtime.semacquire1(0x119755c, 0x0, 0x0, 0x0, 0x12)
	runtime/sema.go:178 +0x232 fp=0xc000ab77a8 sp=0xc000ab7740 pc=0x7ee652
runtime.semacquire(...)
	runtime/sema.go:129
runtime.gcMarkDone()
	runtime/mgc.go:861 +0x32 fp=0xc000ab7848 sp=0xc000ab77a8 pc=0x7b8332
runtime.gcAssistAlloc(0xc00081ea80)
	runtime/mgcmark.go:552 +0x247 fp=0xc000ab78a8 sp=0xc000ab7848 pc=0x7bc4a7
runtime.deductAssistCredit(0x0?)
	runtime/malloc.go:1349 +0x54 fp=0xc000ab78d0 sp=0xc000ab78a8 pc=0x7ade14
runtime.mallocgc(0xf43e, 0x0, 0x0)
	runtime/malloc.go:1037 +0xde fp=0xc000ab7970 sp=0xc000ab78d0 pc=0x80a4be
runtime.slicebytetostring(0xd40cc0?, 0xc000ad81fb, 0xf43e)
	runtime/string.go:122 +0x77 fp=0xc000ab79a0 sp=0xc000ab7970 pc=0x811837
main.(*serviceType).handleTransformRequest(0x0?, 0x230, 0xc00080a480)
	github.com/evanw/esbuild/cmd/esbuild/service.go:1156 +0xad fp=0xc000ab7f60 sp=0xc000ab79a0 pc=0xce8ead
main.(*serviceType).handleIncomingPacket.func3()
	github.com/evanw/esbuild/cmd/esbuild/service.go:242 +0x57 fp=0xc000ab7fe0 sp=0xc000ab7f60 pc=0xce3037
runtime.goexit({})
	runtime/asm_amd64.s:1700 +0x1 fp=0xc000ab7fe8 sp=0xc000ab7fe0 pc=0x8176c1
created by main.(*serviceType).handleIncomingPacket in goroutine 1
	github.com/evanw/esbuild/cmd/esbuild/service.go:240 +0x1785

goroutine 6281 gp=0xc00081ec40 m=nil [semacquire]:
runtime.gopark(0x0?, 0x0?, 0x0?, 0x0?, 0x0?)
	runtime/proc.go:424 +0xce fp=0xc000aed740 sp=0xc000aed720 pc=0x80f5ee
runtime.goparkunlock(...)
	runtime/proc.go:430
runtime.semacquire1(0x119755c, 0x0, 0x0, 0x0, 0x12)
	runtime/sema.go:178 +0x232 fp=0xc000aed7a8 sp=0xc000aed740 pc=0x7ee652
runtime.semacquire(...)
	runtime/sema.go:129
runtime.gcMarkDone()
	runtime/mgc.go:861 +0x32 fp=0xc000aed848 sp=0xc000aed7a8 pc=0x7b8332
runtime.gcAssistAlloc(0xc00081ec40)
	runtime/mgcmark.go:552 +0x247 fp=0xc000aed8a8 sp=0xc000aed848 pc=0x7bc4a7
runtime.deductAssistCredit(0x0?)
	runtime/malloc.go:1349 +0x54 fp=0xc000aed8d0 sp=0xc000aed8a8 pc=0x7ade14
runtime.mallocgc(0xf6c, 0x0, 0x0)
	runtime/malloc.go:1037 +0xde fp=0xc000aed970 sp=0xc000aed8d0 pc=0x80a4be
runtime.slicebytetostring(0xd40cc0?, 0xc0007d94f4, 0xf6c)
	runtime/string.go:122 +0x77 fp=0xc000aed9a0 sp=0xc000aed970 pc=0x811837
main.(*serviceType).handleTransformRequest(0x0?, 0x231, 0xc00080a4e0)
	github.com/evanw/esbuild/cmd/esbuild/service.go:1156 +0xad fp=0xc000aedf60 sp=0xc000aed9a0 pc=0xce8ead
main.(*serviceType).handleIncomingPacket.func3()
	github.com/evanw/esbuild/cmd/esbuild/service.go:242 +0x57 fp=0xc000aedfe0 sp=0xc000aedf60 pc=0xce3037
runtime.goexit({})
	runtime/asm_amd64.s:1700 +0x1 fp=0xc000aedfe8 sp=0xc000aedfe0 pc=0x8176c1
created by main.(*serviceType).handleIncomingPacket in goroutine 1
	github.com/evanw/esbuild/cmd/esbuild/service.go:240 +0x1785

goroutine 6282 gp=0xc00081ee00 m=nil [semacquire]:
runtime.gopark(0x0?, 0x0?, 0x0?, 0x0?, 0x0?)
	runtime/proc.go:424 +0xce fp=0xc000aef740 sp=0xc000aef720 pc=0x80f5ee
runtime.goparkunlock(...)
	runtime/proc.go:430
runtime.semacquire1(0x119755c, 0x0, 0x0, 0x0, 0x12)
	runtime/sema.go:178 +0x232 fp=0xc000aef7a8 sp=0xc000aef740 pc=0x7ee652
runtime.semacquire(...)
	runtime/sema.go:129
runtime.gcMarkDone()
	runtime/mgc.go:861 +0x32 fp=0xc000aef848 sp=0xc000aef7a8 pc=0x7b8332
runtime.gcAssistAlloc(0xc00081ee00)
	runtime/mgcmark.go:552 +0x247 fp=0xc000aef8a8 sp=0xc000aef848 pc=0x7bc4a7
runtime.deductAssistCredit(0x0?)
	runtime/malloc.go:1349 +0x54 fp=0xc000aef8d0 sp=0xc000aef8a8 pc=0x7ade14
runtime.mallocgc(0x1328, 0x0, 0x0)
	runtime/malloc.go:1037 +0xde fp=0xc000aef970 sp=0xc000aef8d0 pc=0x80a4be
runtime.slicebytetostring(0xd40cc0?, 0xc0005c69fd, 0x1328)
	runtime/string.go:122 +0x77 fp=0xc000aef9a0 sp=0xc000aef970 pc=0x811837
main.(*serviceType).handleTransformRequest(0x0?, 0x232, 0xc00080a540)
	github.com/evanw/esbuild/cmd/esbuild/service.go:1156 +0xad fp=0xc000aeff60 sp=0xc000aef9a0 pc=0xce8ead
main.(*serviceType).handleIncomingPacket.func3()
	github.com/evanw/esbuild/cmd/esbuild/service.go:242 +0x57 fp=0xc000aeffe0 sp=0xc000aeff60 pc=0xce3037
runtime.goexit({})
	runtime/asm_amd64.s:1700 +0x1 fp=0xc000aeffe8 sp=0xc000aeffe0 pc=0x8176c1
created by main.(*serviceType).handleIncomingPacket in goroutine 1
	github.com/evanw/esbuild/cmd/esbuild/service.go:240 +0x1785

goroutine 6283 gp=0xc00081efc0 m=nil [semacquire]:
runtime.gopark(0x0?, 0x0?, 0x0?, 0x0?, 0x0?)
	runtime/proc.go:424 +0xce fp=0xc000ae9740 sp=0xc000ae9720 pc=0x80f5ee
runtime.goparkunlock(...)
	runtime/proc.go:430
runtime.semacquire1(0x119755c, 0x0, 0x0, 0x0, 0x12)
	runtime/sema.go:178 +0x232 fp=0xc000ae97a8 sp=0xc000ae9740 pc=0x7ee652
runtime.semacquire(...)
	runtime/sema.go:129
runtime.gcMarkDone()
	runtime/mgc.go:861 +0x32 fp=0xc000ae9848 sp=0xc000ae97a8 pc=0x7b8332
runtime.gcAssistAlloc(0xc00081efc0)
	runtime/mgcmark.go:552 +0x247 fp=0xc000ae98a8 sp=0xc000ae9848 pc=0x7bc4a7
runtime.deductAssistCredit(0x0?)
	runtime/malloc.go:1349 +0x54 fp=0xc000ae98d0 sp=0xc000ae98a8 pc=0x7ade14
runtime.mallocgc(0x12f3, 0x0, 0x0)
	runtime/malloc.go:1037 +0xde fp=0xc000ae9970 sp=0xc000ae98d0 pc=0x80a4be
runtime.slicebytetostring(0xd40cc0?, 0xc000664bf0, 0x12f3)
	runtime/string.go:122 +0x77 fp=0xc000ae99a0 sp=0xc000ae9970 pc=0x811837
main.(*serviceType).handleTransformRequest(0x0?, 0x233, 0xc00080a5a0)
	github.com/evanw/esbuild/cmd/esbuild/service.go:1156 +0xad fp=0xc000ae9f60 sp=0xc000ae99a0 pc=0xce8ead
main.(*serviceType).handleIncomingPacket.func3()
	github.com/evanw/esbuild/cmd/esbuild/service.go:242 +0x57 fp=0xc000ae9fe0 sp=0xc000ae9f60 pc=0xce3037
runtime.goexit({})
	runtime/asm_amd64.s:1700 +0x1 fp=0xc000ae9fe8 sp=0xc000ae9fe0 pc=0x8176c1
created by main.(*serviceType).handleIncomingPacket in goroutine 1
	github.com/evanw/esbuild/cmd/esbuild/service.go:240 +0x1785

goroutine 6284 gp=0xc00081f180 m=nil [semacquire]:
runtime.gopark(0x0?, 0x0?, 0x0?, 0x0?, 0x0?)
	runtime/proc.go:424 +0xce fp=0xc000aeb740 sp=0xc000aeb720 pc=0x80f5ee
runtime.goparkunlock(...)
	runtime/proc.go:430
runtime.semacquire1(0x119755c, 0x0, 0x0, 0x0, 0x12)
	runtime/sema.go:178 +0x232 fp=0xc000aeb7a8 sp=0xc000aeb740 pc=0x7ee652
runtime.semacquire(...)
	runtime/sema.go:129
runtime.gcMarkDone()
	runtime/mgc.go:861 +0x32 fp=0xc000aeb848 sp=0xc000aeb7a8 pc=0x7b8332
runtime.gcAssistAlloc(0xc00081f180)
	runtime/mgcmark.go:552 +0x247 fp=0xc000aeb8a8 sp=0xc000aeb848 pc=0x7bc4a7
runtime.deductAssistCredit(0x0?)
	runtime/malloc.go:1349 +0x54 fp=0xc000aeb8d0 sp=0xc000aeb8a8 pc=0x7ade14
runtime.mallocgc(0x1f55, 0x0, 0x0)
	runtime/malloc.go:1037 +0xde fp=0xc000aeb970 sp=0xc000aeb8d0 pc=0x80a4be
runtime.slicebytetostring(0xd40cc0?, 0xc000017af8, 0x1f55)
	runtime/string.go:122 +0x77 fp=0xc000aeb9a0 sp=0xc000aeb970 pc=0x811837
main.(*serviceType).handleTransformRequest(0x0?, 0x234, 0xc00080a600)
	github.com/evanw/esbuild/cmd/esbuild/service.go:1156 +0xad fp=0xc000aebf60 sp=0xc000aeb9a0 pc=0xce8ead
main.(*serviceType).handleIncomingPacket.func3()
	github.com/evanw/esbuild/cmd/esbuild/service.go:242 +0x57 fp=0xc000aebfe0 sp=0xc000aebf60 pc=0xce3037
runtime.goexit({})
	runtime/asm_amd64.s:1700 +0x1 fp=0xc000aebfe8 sp=0xc000aebfe0 pc=0x8176c1
created by main.(*serviceType).handleIncomingPacket in goroutine 1
	github.com/evanw/esbuild/cmd/esbuild/service.go:240 +0x1785

goroutine 6285 gp=0xc00081f340 m=nil [semacquire]:
runtime.gopark(0x0?, 0x0?, 0x0?, 0x0?, 0x0?)
	runtime/proc.go:424 +0xce fp=0xc000af5740 sp=0xc000af5720 pc=0x80f5ee
runtime.goparkunlock(...)
	runtime/proc.go:430
runtime.semacquire1(0x119755c, 0x0, 0x0, 0x0, 0x12)
	runtime/sema.go:178 +0x232 fp=0xc000af57a8 sp=0xc000af5740 pc=0x7ee652
runtime.semacquire(...)
	runtime/sema.go:129
runtime.gcMarkDone()
	runtime/mgc.go:861 +0x32 fp=0xc000af5848 sp=0xc000af57a8 pc=0x7b8332
runtime.gcAssistAlloc(0xc00081f340)
	runtime/mgcmark.go:552 +0x247 fp=0xc000af58a8 sp=0xc000af5848 pc=0x7bc4a7
runtime.deductAssistCredit(0x0?)
	runtime/malloc.go:1349 +0x54 fp=0xc000af58d0 sp=0xc000af58a8 pc=0x7ade14
runtime.mallocgc(0x1769, 0x0, 0x0)
	runtime/malloc.go:1037 +0xde fp=0xc000af5970 sp=0xc000af58d0 pc=0x80a4be
runtime.slicebytetostring(0xd40cc0?, 0xc0007e4e76, 0x1769)
	runtime/string.go:122 +0x77 fp=0xc000af59a0 sp=0xc000af5970 pc=0x811837
main.(*serviceType).handleTransformRequest(0x0?, 0x235, 0xc00080a660)
	github.com/evanw/esbuild/cmd/esbuild/service.go:1156 +0xad fp=0xc000af5f60 sp=0xc000af59a0 pc=0xce8ead
main.(*serviceType).handleIncomingPacket.func3()
	github.com/evanw/esbuild/cmd/esbuild/service.go:242 +0x57 fp=0xc000af5fe0 sp=0xc000af5f60 pc=0xce3037
runtime.goexit({})
	runtime/asm_amd64.s:1700 +0x1 fp=0xc000af5fe8 sp=0xc000af5fe0 pc=0x8176c1
created by main.(*serviceType).handleIncomingPacket in goroutine 1
	github.com/evanw/esbuild/cmd/esbuild/service.go:240 +0x1785

goroutine 6286 gp=0xc00081f500 m=nil [semacquire]:
runtime.gopark(0x0?, 0x0?, 0x0?, 0x0?, 0x0?)
	runtime/proc.go:424 +0xce fp=0xc000af7740 sp=0xc000af7720 pc=0x80f5ee
runtime.goparkunlock(...)
	runtime/proc.go:430
runtime.semacquire1(0x119755c, 0x0, 0x0, 0x0, 0x12)
	runtime/sema.go:178 +0x232 fp=0xc000af77a8 sp=0xc000af7740 pc=0x7ee652
runtime.semacquire(...)
	runtime/sema.go:129
runtime.gcMarkDone()
	runtime/mgc.go:861 +0x32 fp=0xc000af7848 sp=0xc000af77a8 pc=0x7b8332
runtime.gcAssistAlloc(0xc00081f500)
	runtime/mgcmark.go:552 +0x247 fp=0xc000af78a8 sp=0xc000af7848 pc=0x7bc4a7
runtime.deductAssistCredit(0x0?)
	runtime/malloc.go:1349 +0x54 fp=0xc000af78d0 sp=0xc000af78a8 pc=0x7ade14
runtime.mallocgc(0x6096, 0x0, 0x0)
	runtime/malloc.go:1037 +0xde fp=0xc000af7970 sp=0xc000af78d0 pc=0x80a4be
runtime.slicebytetostring(0xd40cc0?, 0xc000a76c7e, 0x6096)
	runtime/string.go:122 +0x77 fp=0xc000af79a0 sp=0xc000af7970 pc=0x811837
main.(*serviceType).handleTransformRequest(0x0?, 0x236, 0xc00080a6c0)
	github.com/evanw/esbuild/cmd/esbuild/service.go:1156 +0xad fp=0xc000af7f60 sp=0xc000af79a0 pc=0xce8ead
main.(*serviceType).handleIncomingPacket.func3()
	github.com/evanw/esbuild/cmd/esbuild/service.go:242 +0x57 fp=0xc000af7fe0 sp=0xc000af7f60 pc=0xce3037
runtime.goexit({})
	runtime/asm_amd64.s:1700 +0x1 fp=0xc000af7fe8 sp=0xc000af7fe0 pc=0x8176c1
created by main.(*serviceType).handleIncomingPacket in goroutine 1
	github.com/evanw/esbuild/cmd/esbuild/service.go:240 +0x1785

goroutine 6287 gp=0xc00081f6c0 m=nil [semacquire]:
runtime.gopark(0x0?, 0x0?, 0x0?, 0x0?, 0x0?)
	runtime/proc.go:424 +0xce fp=0xc000af1740 sp=0xc000af1720 pc=0x80f5ee
runtime.goparkunlock(...)
	runtime/proc.go:430
runtime.semacquire1(0x119755c, 0x0, 0x0, 0x0, 0x12)
	runtime/sema.go:178 +0x232 fp=0xc000af17a8 sp=0xc000af1740 pc=0x7ee652
runtime.semacquire(...)
	runtime/sema.go:129
runtime.gcMarkDone()
	runtime/mgc.go:861 +0x32 fp=0xc000af1848 sp=0xc000af17a8 pc=0x7b8332
runtime.gcAssistAlloc(0xc00081f6c0)
	runtime/mgcmark.go:552 +0x247 fp=0xc000af18a8 sp=0xc000af1848 pc=0x7bc4a7
runtime.deductAssistCredit(0x0?)
	runtime/malloc.go:1349 +0x54 fp=0xc000af18d0 sp=0xc000af18a8 pc=0x7ade14
runtime.mallocgc(0x87d5, 0x0, 0x0)
	runtime/malloc.go:1037 +0xde fp=0xc000af1970 sp=0xc000af18d0 pc=0x80a4be
runtime.slicebytetostring(0xd40cc0?, 0xc000af81ee, 0x87d5)
	runtime/string.go:122 +0x77 fp=0xc000af19a0 sp=0xc000af1970 pc=0x811837
main.(*serviceType).handleTransformRequest(0x0?, 0x237, 0xc00080a720)
	github.com/evanw/esbuild/cmd/esbuild/service.go:1156 +0xad fp=0xc000af1f60 sp=0xc000af19a0 pc=0xce8ead
main.(*serviceType).handleIncomingPacket.func3()
	github.com/evanw/esbuild/cmd/esbuild/service.go:242 +0x57 fp=0xc000af1fe0 sp=0xc000af1f60 pc=0xce3037
runtime.goexit({})
	runtime/asm_amd64.s:1700 +0x1 fp=0xc000af1fe8 sp=0xc000af1fe0 pc=0x8176c1
created by main.(*serviceType).handleIncomingPacket in goroutine 1
	github.com/evanw/esbuild/cmd/esbuild/service.go:240 +0x1785

goroutine 6288 gp=0xc00081f880 m=nil [semacquire]:
runtime.gopark(0x0?, 0x0?, 0x0?, 0x0?, 0x0?)
	runtime/proc.go:424 +0xce fp=0xc000af3740 sp=0xc000af3720 pc=0x80f5ee
runtime.goparkunlock(...)
	runtime/proc.go:430
runtime.semacquire1(0x119755c, 0x0, 0x0, 0x0, 0x12)
	runtime/sema.go:178 +0x232 fp=0xc000af37a8 sp=0xc000af3740 pc=0x7ee652
runtime.semacquire(...)
	runtime/sema.go:129
runtime.gcMarkDone()
	runtime/mgc.go:861 +0x32 fp=0xc000af3848 sp=0xc000af37a8 pc=0x7b8332
runtime.gcAssistAlloc(0xc00081f880)
	runtime/mgcmark.go:552 +0x247 fp=0xc000af38a8 sp=0xc000af3848 pc=0x7bc4a7
runtime.deductAssistCredit(0x0?)
	runtime/malloc.go:1349 +0x54 fp=0xc000af38d0 sp=0xc000af38a8 pc=0x7ade14
runtime.mallocgc(0xae50, 0x0, 0x0)
	runtime/malloc.go:1037 +0xde fp=0xc000af3970 sp=0xc000af38d0 pc=0x80a4be
runtime.slicebytetostring(0xd40cc0?, 0xc000b021eb, 0xae50)
	runtime/string.go:122 +0x77 fp=0xc000af39a0 sp=0xc000af3970 pc=0x811837
main.(*serviceType).handleTransformRequest(0x0?, 0x238, 0xc00080a780)
	github.com/evanw/esbuild/cmd/esbuild/service.go:1156 +0xad fp=0xc000af3f60 sp=0xc000af39a0 pc=0xce8ead
main.(*serviceType).handleIncomingPacket.func3()
	github.com/evanw/esbuild/cmd/esbuild/service.go:242 +0x57 fp=0xc000af3fe0 sp=0xc000af3f60 pc=0xce3037
runtime.goexit({})
	runtime/asm_amd64.s:1700 +0x1 fp=0xc000af3fe8 sp=0xc000af3fe0 pc=0x8176c1
created by main.(*serviceType).handleIncomingPacket in goroutine 1
	github.com/evanw/esbuild/cmd/esbuild/service.go:240 +0x1785

goroutine 6289 gp=0xc00081fa40 m=nil [semacquire]:
runtime.gopark(0x0?, 0x0?, 0x0?, 0x0?, 0x0?)
	runtime/proc.go:424 +0xce fp=0xc000b1f740 sp=0xc000b1f720 pc=0x80f5ee
runtime.goparkunlock(...)
	runtime/proc.go:430
runtime.semacquire1(0x119755c, 0x0, 0x0, 0x0, 0x12)
	runtime/sema.go:178 +0x232 fp=0xc000b1f7a8 sp=0xc000b1f740 pc=0x7ee652
runtime.semacquire(...)
	runtime/sema.go:129
runtime.gcMarkDone()
	runtime/mgc.go:861 +0x32 fp=0xc000b1f848 sp=0xc000b1f7a8 pc=0x7b8332
runtime.gcAssistAlloc(0xc00081fa40)
	runtime/mgcmark.go:552 +0x247 fp=0xc000b1f8a8 sp=0xc000b1f848 pc=0x7bc4a7
runtime.deductAssistCredit(0x0?)
	runtime/malloc.go:1349 +0x54 fp=0xc000b1f8d0 sp=0xc000b1f8a8 pc=0x7ade14
runtime.mallocgc(0x3aff, 0x0, 0x0)
	runtime/malloc.go:1037 +0xde fp=0xc000b1f970 sp=0xc000b1f8d0 pc=0x80a4be
runtime.slicebytetostring(0xd40cc0?, 0xc000aa61f5, 0x3aff)
	runtime/string.go:122 +0x77 fp=0xc000b1f9a0 sp=0xc000b1f970 pc=0x811837
main.(*serviceType).handleTransformRequest(0x0?, 0x239, 0xc00080a7e0)
	github.com/evanw/esbuild/cmd/esbuild/service.go:1156 +0xad fp=0xc000b1ff60 sp=0xc000b1f9a0 pc=0xce8ead
main.(*serviceType).handleIncomingPacket.func3()
	github.com/evanw/esbuild/cmd/esbuild/service.go:242 +0x57 fp=0xc000b1ffe0 sp=0xc000b1ff60 pc=0xce3037
runtime.goexit({})
	runtime/asm_amd64.s:1700 +0x1 fp=0xc000b1ffe8 sp=0xc000b1ffe0 pc=0x8176c1
created by main.(*serviceType).handleIncomingPacket in goroutine 1
	github.com/evanw/esbuild/cmd/esbuild/service.go:240 +0x1785

goroutine 6291 gp=0xc00081fdc0 m=nil [semacquire]:
runtime.gopark(0x0?, 0x0?, 0x0?, 0x0?, 0x0?)
	runtime/proc.go:424 +0xce fp=0xc000b1b740 sp=0xc000b1b720 pc=0x80f5ee
runtime.goparkunlock(...)
	runtime/proc.go:430
runtime.semacquire1(0x119755c, 0x0, 0x0, 0x0, 0x12)
	runtime/sema.go:178 +0x232 fp=0xc000b1b7a8 sp=0xc000b1b740 pc=0x7ee652
runtime.semacquire(...)
	runtime/sema.go:129
runtime.gcMarkDone()
	runtime/mgc.go:861 +0x32 fp=0xc000b1b848 sp=0xc000b1b7a8 pc=0x7b8332
runtime.gcAssistAlloc(0xc00081fdc0)
	runtime/mgcmark.go:552 +0x247 fp=0xc000b1b8a8 sp=0xc000b1b848 pc=0x7bc4a7
runtime.deductAssistCredit(0x0?)
	runtime/malloc.go:1349 +0x54 fp=0xc000b1b8d0 sp=0xc000b1b8a8 pc=0x7ade14
runtime.mallocgc(0x1563a, 0x0, 0x0)
	runtime/malloc.go:1037 +0xde fp=0xc000b1b970 sp=0xc000b1b8d0 pc=0x80a4be
runtime.slicebytetostring(0xd40cc0?, 0xc000b221f7, 0x1563a)
	runtime/string.go:122 +0x77 fp=0xc000b1b9a0 sp=0xc000b1b970 pc=0x811837
main.(*serviceType).handleTransformRequest(0x0?, 0x23b, 0xc00080a8a0)
	github.com/evanw/esbuild/cmd/esbuild/service.go:1156 +0xad fp=0xc000b1bf60 sp=0xc000b1b9a0 pc=0xce8ead
main.(*serviceType).handleIncomingPacket.func3()
	github.com/evanw/esbuild/cmd/esbuild/service.go:242 +0x57 fp=0xc000b1bfe0 sp=0xc000b1bf60 pc=0xce3037
runtime.goexit({})
	runtime/asm_amd64.s:1700 +0x1 fp=0xc000b1bfe8 sp=0xc000b1bfe0 pc=0x8176c1
created by main.(*serviceType).handleIncomingPacket in goroutine 1
	github.com/evanw/esbuild/cmd/esbuild/service.go:240 +0x1785

goroutine 6292 gp=0xc000a54000 m=nil [semacquire]:
runtime.gopark(0x0?, 0x0?, 0x0?, 0x0?, 0x0?)
	runtime/proc.go:424 +0xce fp=0xc000b1d740 sp=0xc000b1d720 pc=0x80f5ee
runtime.goparkunlock(...)
	runtime/proc.go:430
runtime.semacquire1(0x119755c, 0x0, 0x0, 0x0, 0x12)
	runtime/sema.go:178 +0x232 fp=0xc000b1d7a8 sp=0xc000b1d740 pc=0x7ee652
runtime.semacquire(...)
	runtime/sema.go:129
runtime.gcMarkDone()
	runtime/mgc.go:861 +0x32 fp=0xc000b1d848 sp=0xc000b1d7a8 pc=0x7b8332
runtime.gcAssistAlloc(0xc000a54000)
	runtime/mgcmark.go:552 +0x247 fp=0xc000b1d8a8 sp=0xc000b1d848 pc=0x7bc4a7
runtime.deductAssistCredit(0x0?)
	runtime/malloc.go:1349 +0x54 fp=0xc000b1d8d0 sp=0xc000b1d8a8 pc=0x7ade14
runtime.mallocgc(0x529, 0x0, 0x0)
	runtime/malloc.go:1037 +0xde fp=0xc000b1d970 sp=0xc000b1d8d0 pc=0x80a4be
runtime.slicebytetostring(0xd40cc0?, 0xc000a3a1ee, 0x529)
	runtime/string.go:122 +0x77 fp=0xc000b1d9a0 sp=0xc000b1d970 pc=0x811837
main.(*serviceType).handleTransformRequest(0x0?, 0x23c, 0xc00080a900)
	github.com/evanw/esbuild/cmd/esbuild/service.go:1156 +0xad fp=0xc000b1df60 sp=0xc000b1d9a0 pc=0xce8ead
main.(*serviceType).handleIncomingPacket.func3()
	github.com/evanw/esbuild/cmd/esbuild/service.go:242 +0x57 fp=0xc000b1dfe0 sp=0xc000b1df60 pc=0xce3037
runtime.goexit({})
	runtime/asm_amd64.s:1700 +0x1 fp=0xc000b1dfe8 sp=0xc000b1dfe0 pc=0x8176c1
created by main.(*serviceType).handleIncomingPacket in goroutine 1
	github.com/evanw/esbuild/cmd/esbuild/service.go:240 +0x1785

goroutine 6294 gp=0xc000a54380 m=nil [semacquire]:
runtime.gopark(0x0?, 0x0?, 0x0?, 0x0?, 0x0?)
	runtime/proc.go:424 +0xce fp=0xc000b99740 sp=0xc000b99720 pc=0x80f5ee
runtime.goparkunlock(...)
	runtime/proc.go:430
runtime.semacquire1(0x119755c, 0x0, 0x0, 0x0, 0x12)
	runtime/sema.go:178 +0x232 fp=0xc000b997a8 sp=0xc000b99740 pc=0x7ee652
runtime.semacquire(...)
	runtime/sema.go:129
runtime.gcMarkDone()
	runtime/mgc.go:861 +0x32 fp=0xc000b99848 sp=0xc000b997a8 pc=0x7b8332
runtime.gcAssistAlloc(0xc000a54380)
	runtime/mgcmark.go:552 +0x247 fp=0xc000b998a8 sp=0xc000b99848 pc=0x7bc4a7
runtime.deductAssistCredit(0x0?)
	runtime/malloc.go:1349 +0x54 fp=0xc000b998d0 sp=0xc000b998a8 pc=0x7ade14
runtime.mallocgc(0x5ee, 0x0, 0x0)
	runtime/malloc.go:1037 +0xde fp=0xc000b99970 sp=0xc000b998d0 pc=0x80a4be
runtime.slicebytetostring(0xd40cc0?, 0xc000a3a9f6, 0x5ee)
	runtime/string.go:122 +0x77 fp=0xc000b999a0 sp=0xc000b99970 pc=0x811837
main.(*serviceType).handleTransformRequest(0x0?, 0x23e, 0xc00080a9c0)
	github.com/evanw/esbuild/cmd/esbuild/service.go:1156 +0xad fp=0xc000b99f60 sp=0xc000b999a0 pc=0xce8ead
main.(*serviceType).handleIncomingPacket.func3()
	github.com/evanw/esbuild/cmd/esbuild/service.go:242 +0x57 fp=0xc000b99fe0 sp=0xc000b99f60 pc=0xce3037
runtime.goexit({})
	runtime/asm_amd64.s:1700 +0x1 fp=0xc000b99fe8 sp=0xc000b99fe0 pc=0x8176c1
created by main.(*serviceType).handleIncomingPacket in goroutine 1
	github.com/evanw/esbuild/cmd/esbuild/service.go:240 +0x1785

goroutine 6295 gp=0xc000a54540 m=nil [semacquire]:
runtime.gopark(0x0?, 0x0?, 0x0?, 0x0?, 0x0?)
	runtime/proc.go:424 +0xce fp=0xc000b93740 sp=0xc000b93720 pc=0x80f5ee
runtime.goparkunlock(...)
	runtime/proc.go:430
runtime.semacquire1(0x119755c, 0x0, 0x0, 0x0, 0x12)
	runtime/sema.go:178 +0x232 fp=0xc000b937a8 sp=0xc000b93740 pc=0x7ee652
runtime.semacquire(...)
	runtime/sema.go:129
runtime.gcMarkDone()
	runtime/mgc.go:861 +0x32 fp=0xc000b93848 sp=0xc000b937a8 pc=0x7b8332
runtime.gcAssistAlloc(0xc000a54540)
	runtime/mgcmark.go:552 +0x247 fp=0xc000b938a8 sp=0xc000b93848 pc=0x7bc4a7
runtime.deductAssistCredit(0x0?)
	runtime/malloc.go:1349 +0x54 fp=0xc000b938d0 sp=0xc000b938a8 pc=0x7ade14
runtime.mallocgc(0x6c83, 0x0, 0x0)
	runtime/malloc.go:1037 +0xde fp=0xc000b93970 sp=0xc000b938d0 pc=0x80a4be
runtime.slicebytetostring(0xd40cc0?, 0xc000b9a1ef, 0x6c83)
	runtime/string.go:122 +0x77 fp=0xc000b939a0 sp=0xc000b93970 pc=0x811837
main.(*serviceType).handleTransformRequest(0x0?, 0x23f, 0xc00080aa20)
	github.com/evanw/esbuild/cmd/esbuild/service.go:1156 +0xad fp=0xc000b93f60 sp=0xc000b939a0 pc=0xce8ead
main.(*serviceType).handleIncomingPacket.func3()
	github.com/evanw/esbuild/cmd/esbuild/service.go:242 +0x57 fp=0xc000b93fe0 sp=0xc000b93f60 pc=0xce3037
runtime.goexit({})
	runtime/asm_amd64.s:1700 +0x1 fp=0xc000b93fe8 sp=0xc000b93fe0 pc=0x8176c1
created by main.(*serviceType).handleIncomingPacket in goroutine 1
	github.com/evanw/esbuild/cmd/esbuild/service.go:240 +0x1785

goroutine 6296 gp=0xc000a54700 m=nil [semacquire]:
runtime.gopark(0x0?, 0x0?, 0x0?, 0x0?, 0x0?)
	runtime/proc.go:424 +0xce fp=0xc000b95740 sp=0xc000b95720 pc=0x80f5ee
runtime.goparkunlock(...)
	runtime/proc.go:430
runtime.semacquire1(0x119755c, 0x0, 0x0, 0x0, 0x12)
	runtime/sema.go:178 +0x232 fp=0xc000b957a8 sp=0xc000b95740 pc=0x7ee652
runtime.semacquire(...)
	runtime/sema.go:129
runtime.gcMarkDone()
	runtime/mgc.go:861 +0x32 fp=0xc000b95848 sp=0xc000b957a8 pc=0x7b8332
runtime.gcAssistAlloc(0xc000a54700)
	runtime/mgcmark.go:552 +0x247 fp=0xc000b958a8 sp=0xc000b95848 pc=0x7bc4a7
runtime.deductAssistCredit(0x0?)
	runtime/malloc.go:1349 +0x54 fp=0xc000b958d0 sp=0xc000b958a8 pc=0x7ade14
runtime.mallocgc(0xa3d7, 0x0, 0x0)
	runtime/malloc.go:1037 +0xde fp=0xc000b95970 sp=0xc000b958d0 pc=0x80a4be
runtime.slicebytetostring(0xd40cc0?, 0xc000bb41f6, 0xa3d7)
	runtime/string.go:122 +0x77 fp=0xc000b959a0 sp=0xc000b95970 pc=0x811837
main.(*serviceType).handleTransformRequest(0x0?, 0x240, 0xc00080aa80)
	github.com/evanw/esbuild/cmd/esbuild/service.go:1156 +0xad fp=0xc000b95f60 sp=0xc000b959a0 pc=0xce8ead
main.(*serviceType).handleIncomingPacket.func3()
	github.com/evanw/esbuild/cmd/esbuild/service.go:242 +0x57 fp=0xc000b95fe0 sp=0xc000b95f60 pc=0xce3037
runtime.goexit({})
	runtime/asm_amd64.s:1700 +0x1 fp=0xc000b95fe8 sp=0xc000b95fe0 pc=0x8176c1
created by main.(*serviceType).handleIncomingPacket in goroutine 1
	github.com/evanw/esbuild/cmd/esbuild/service.go:240 +0x1785

goroutine 6297 gp=0xc000a548c0 m=nil [semacquire]:
runtime.gopark(0x0?, 0x0?, 0x0?, 0x0?, 0x0?)
	runtime/proc.go:424 +0xce fp=0xc000bcb740 sp=0xc000bcb720 pc=0x80f5ee
runtime.goparkunlock(...)
	runtime/proc.go:430
runtime.semacquire1(0x119755c, 0x0, 0x0, 0x0, 0x12)
	runtime/sema.go:178 +0x232 fp=0xc000bcb7a8 sp=0xc000bcb740 pc=0x7ee652
runtime.semacquire(...)
	runtime/sema.go:129
runtime.gcMarkDone()
	runtime/mgc.go:861 +0x32 fp=0xc000bcb848 sp=0xc000bcb7a8 pc=0x7b8332
runtime.gcAssistAlloc(0xc000a548c0)
	runtime/mgcmark.go:552 +0x247 fp=0xc000bcb8a8 sp=0xc000bcb848 pc=0x7bc4a7
runtime.deductAssistCredit(0x0?)
	runtime/malloc.go:1349 +0x54 fp=0xc000bcb8d0 sp=0xc000bcb8a8 pc=0x7ade14
runtime.mallocgc(0x81a, 0x0, 0x0)
	runtime/malloc.go:1037 +0xde fp=0xc000bcb970 sp=0xc000bcb8d0 pc=0x80a4be
runtime.slicebytetostring(0xd40cc0?, 0xc000800c7c, 0x81a)
	runtime/string.go:122 +0x77 fp=0xc000bcb9a0 sp=0xc000bcb970 pc=0x811837
main.(*serviceType).handleTransformRequest(0x0?, 0x241, 0xc00080aae0)
	github.com/evanw/esbuild/cmd/esbuild/service.go:1156 +0xad fp=0xc000bcbf60 sp=0xc000bcb9a0 pc=0xce8ead
main.(*serviceType).handleIncomingPacket.func3()
	github.com/evanw/esbuild/cmd/esbuild/service.go:242 +0x57 fp=0xc000bcbfe0 sp=0xc000bcbf60 pc=0xce3037
runtime.goexit({})
	runtime/asm_amd64.s:1700 +0x1 fp=0xc000bcbfe8 sp=0xc000bcbfe0 pc=0x8176c1
created by main.(*serviceType).handleIncomingPacket in goroutine 1
	github.com/evanw/esbuild/cmd/esbuild/service.go:240 +0x1785

goroutine 6298 gp=0xc000a54a80 m=nil [semacquire]:
runtime.gopark(0x0?, 0x0?, 0x0?, 0x0?, 0x0?)
	runtime/proc.go:424 +0xce fp=0xc000bcd740 sp=0xc000bcd720 pc=0x80f5ee
runtime.goparkunlock(...)
	runtime/proc.go:430
runtime.semacquire1(0x119755c, 0x0, 0x0, 0x0, 0x12)
	runtime/sema.go:178 +0x232 fp=0xc000bcd7a8 sp=0xc000bcd740 pc=0x7ee652
runtime.semacquire(...)
	runtime/sema.go:129
runtime.gcMarkDone()
	runtime/mgc.go:861 +0x32 fp=0xc000bcd848 sp=0xc000bcd7a8 pc=0x7b8332
runtime.gcAssistAlloc(0xc000a54a80)
	runtime/mgcmark.go:552 +0x247 fp=0xc000bcd8a8 sp=0xc000bcd848 pc=0x7bc4a7
runtime.deductAssistCredit(0x0?)
	runtime/malloc.go:1349 +0x54 fp=0xc000bcd8d0 sp=0xc000bcd8a8 pc=0x7ade14
runtime.mallocgc(0x652e, 0x0, 0x0)
	runtime/malloc.go:1037 +0xde fp=0xc000bcd970 sp=0xc000bcd8d0 pc=0x80a4be
runtime.slicebytetostring(0xd40cc0?, 0xc000a7d6eb, 0x652e)
	runtime/string.go:122 +0x77 fp=0xc000bcd9a0 sp=0xc000bcd970 pc=0x811837
main.(*serviceType).handleTransformRequest(0x0?, 0x242, 0xc00080ab40)
	github.com/evanw/esbuild/cmd/esbuild/service.go:1156 +0xad fp=0xc000bcdf60 sp=0xc000bcd9a0 pc=0xce8ead
main.(*serviceType).handleIncomingPacket.func3()
	github.com/evanw/esbuild/cmd/esbuild/service.go:242 +0x57 fp=0xc000bcdfe0 sp=0xc000bcdf60 pc=0xce3037
runtime.goexit({})
	runtime/asm_amd64.s:1700 +0x1 fp=0xc000bcdfe8 sp=0xc000bcdfe0 pc=0x8176c1
created by main.(*serviceType).handleIncomingPacket in goroutine 1
	github.com/evanw/esbuild/cmd/esbuild/service.go:240 +0x1785

goroutine 7177 gp=0xc000a54c40 m=nil [runnable]:
github.com/evanw/esbuild/internal/bundler.ScanBundle.func2()
	github.com/evanw/esbuild/internal/bundler/bundler.go:1413 fp=0xc0005e5fe0 sp=0xc0005e5fd8 pc=0xbf5ea0
runtime.goexit({})
	runtime/asm_amd64.s:1700 +0x1 fp=0xc0005e5fe8 sp=0xc0005e5fe0 pc=0x8176c1
created by github.com/evanw/esbuild/internal/bundler.ScanBundle in goroutine 6124
	github.com/evanw/esbuild/internal/bundler/bundler.go:1413 +0x97d

goroutine 6300 gp=0xc000a54e00 m=nil [semacquire]:
runtime.gopark(0x0?, 0x0?, 0x0?, 0x0?, 0x0?)
	runtime/proc.go:424 +0xce fp=0xc000944ab8 sp=0xc000944a98 pc=0x80f5ee
runtime.goparkunlock(...)
	runtime/proc.go:430
runtime.semacquire1(0x119755c, 0x0, 0x0, 0x0, 0x12)
	runtime/sema.go:178 +0x232 fp=0xc000944b20 sp=0xc000944ab8 pc=0x7ee652
runtime.semacquire(...)
	runtime/sema.go:129
runtime.gcMarkDone()
	runtime/mgc.go:861 +0x32 fp=0xc000944bc0 sp=0xc000944b20 pc=0x7b8332
runtime.gcAssistAlloc(0xc000a54e00)
	runtime/mgcmark.go:552 +0x247 fp=0xc000944c20 sp=0xc000944bc0 pc=0x7bc4a7
runtime.deductAssistCredit(0x0?)
	runtime/malloc.go:1349 +0x54 fp=0xc000944c48 sp=0xc000944c20 pc=0x7ade14
runtime.mallocgc(0x4cc, 0x0, 0x0)
	runtime/malloc.go:1037 +0xde fp=0xc000944ce8 sp=0xc000944c48 pc=0x80a4be
runtime.rawstring(...)
	runtime/string.go:277
runtime.rawstringtmp(0x0?, 0x4cc)
	runtime/string.go:141 +0x3e fp=0xc000944d10 sp=0xc000944ce8 pc=0x7f409e
runtime.concatstrings(0x0?, {0xc000944da0?, 0x2, 0x0?})
	runtime/string.go:51 +0xe5 fp=0xc000944d80 sp=0xc000944d10 pc=0x7f3ba5
runtime.concatstring2(0x0?, {0xdecf13?, 0x0?}, {0xde05b8?, 0x0?})
	runtime/string.go:60 +0x4a fp=0xc000944dd0 sp=0xc000944d80 pc=0x7f3d2a
github.com/evanw/esbuild/internal/runtime.Source(0x92b4195e885ff81)
	github.com/evanw/esbuild/internal/runtime/runtime.go:96 +0x7c fp=0xc000944e08 sp=0xc000944dd0 pc=0xa87c7c
github.com/evanw/esbuild/internal/bundler.(*runtimeCache).parseRuntime(_, _)
	github.com/evanw/esbuild/internal/bundler/bundler.go:3326 +0xb9 fp=0xc000945858 sp=0xc000944e08 pc=0xc0a299
github.com/evanw/esbuild/internal/bundler.ScanBundle.func2()
	github.com/evanw/esbuild/internal/bundler/bundler.go:1414 +0x87 fp=0xc000945fe0 sp=0xc000945858 pc=0xbf5f27
runtime.goexit({})
	runtime/asm_amd64.s:1700 +0x1 fp=0xc000945fe8 sp=0xc000945fe0 pc=0x8176c1
created by github.com/evanw/esbuild/internal/bundler.ScanBundle in goroutine 6167
	github.com/evanw/esbuild/internal/bundler/bundler.go:1413 +0x97d

goroutine 6302 gp=0xc000a55180 m=nil [semacquire]:
runtime.gopark(0x5?, 0x7465732020202020?, 0xf7?, 0x56?, 0xc000258b18?)
	runtime/proc.go:424 +0xce fp=0xc000258ab8 sp=0xc000258a98 pc=0x80f5ee
runtime.goparkunlock(...)
	runtime/proc.go:430
runtime.semacquire1(0x119755c, 0x0, 0x0, 0x0, 0x12)
	runtime/sema.go:178 +0x232 fp=0xc000258b20 sp=0xc000258ab8 pc=0x7ee652
runtime.semacquire(...)
	runtime/sema.go:129
runtime.gcMarkDone()
	runtime/mgc.go:861 +0x32 fp=0xc000258bc0 sp=0xc000258b20 pc=0x7b8332
runtime.gcAssistAlloc(0xc000a55180)
	runtime/mgcmark.go:552 +0x247 fp=0xc000258c20 sp=0xc000258bc0 pc=0x7bc4a7
runtime.deductAssistCredit(0xc000258e20?)
	runtime/malloc.go:1349 +0x54 fp=0xc000258c48 sp=0xc000258c20 pc=0x7ade14
runtime.mallocgc(0x4cc, 0x0, 0x0)
	runtime/malloc.go:1037 +0xde fp=0xc000258ce8 sp=0xc000258c48 pc=0x80a4be
runtime.rawstring(...)
	runtime/string.go:277
runtime.rawstringtmp(0xc00073f050?, 0x4cc)
	runtime/string.go:141 +0x3e fp=0xc000258d10 sp=0xc000258ce8 pc=0x7f409e
runtime.concatstrings(0x0?, {0xc000258da0?, 0x2, 0x0?})
	runtime/string.go:51 +0xe5 fp=0xc000258d80 sp=0xc000258d10 pc=0x7f3ba5
runtime.concatstring2(0x200000000000000?, {0xdecf13?, 0xc0aac0?}, {0xde05b8?, 0xc000258de0?})
	runtime/string.go:60 +0x4a fp=0xc000258dd0 sp=0xc000258d80 pc=0x7f3d2a
github.com/evanw/esbuild/internal/runtime.Source(0x92b4195e885ff81)
	github.com/evanw/esbuild/internal/runtime/runtime.go:96 +0x7c fp=0xc000258e08 sp=0xc000258dd0 pc=0xa87c7c
github.com/evanw/esbuild/internal/bundler.(*runtimeCache).parseRuntime(_, _)
	github.com/evanw/esbuild/internal/bundler/bundler.go:3326 +0xb9 fp=0xc000259858 sp=0xc000258e08 pc=0xc0a299
github.com/evanw/esbuild/internal/bundler.ScanBundle.func2()
	github.com/evanw/esbuild/internal/bundler/bundler.go:1414 +0x87 fp=0xc000259fe0 sp=0xc000259858 pc=0xbf5f27
runtime.goexit({})
	runtime/asm_amd64.s:1700 +0x1 fp=0xc000259fe8 sp=0xc000259fe0 pc=0x8176c1
created by github.com/evanw/esbuild/internal/bundler.ScanBundle in goroutine 6217
	github.com/evanw/esbuild/internal/bundler/bundler.go:1413 +0x97d

goroutine 6303 gp=0xc000a55340 m=nil [semacquire]:
runtime.gopark(0xeaace0?, 0xc0013561a0?, 0x76?, 0xb0?, 0xc000063008?)
	runtime/proc.go:424 +0xce fp=0xc000e88200 sp=0xc000e881e0 pc=0x80f5ee
runtime.goparkunlock(...)
	runtime/proc.go:430
runtime.semacquire1(0x119755c, 0x0, 0x0, 0x0, 0x12)
	runtime/sema.go:178 +0x232 fp=0xc000e88268 sp=0xc000e88200 pc=0x7ee652
runtime.semacquire(...)
	runtime/sema.go:129
runtime.gcMarkDone()
	runtime/mgc.go:861 +0x32 fp=0xc000e88308 sp=0xc000e88268 pc=0x7b8332
runtime.gcAssistAlloc(0xc000a55340)
	runtime/mgcmark.go:552 +0x247 fp=0xc000e88368 sp=0xc000e88308 pc=0x7bc4a7
runtime.deductAssistCredit(0x30?)
	runtime/malloc.go:1349 +0x54 fp=0xc000e88390 sp=0xc000e88368 pc=0x7ade14
runtime.mallocgc(0x24f0, 0xd663a0, 0x1)
	runtime/malloc.go:1037 +0xde fp=0xc000e88430 sp=0xc000e88390 pc=0x80a4be
runtime.growslice(0xc00102a008, 0xd43060?, 0xc0000357a0?, 0xc00166f093?, 0xd663a0)
	runtime/slice.go:272 +0x55d fp=0xc000e884a0 sp=0xc000e88430 pc=0x8113bd
github.com/evanw/esbuild/internal/js_parser.(*parser).pushScopeForParsePass(0xc000c9ca88, 0x0, {0x0?})
	github.com/evanw/esbuild/internal/js_parser/js_parser.go:1190 +0x22f fp=0xc000e885a8 sp=0xc000e884a0 pc=0xaf038f
github.com/evanw/esbuild/internal/js_parser.(*parser).parseStmt(0xc000c9ca88, {0x0, 0x1, 0x0, 0x0, 0x0, 0x0, 0x0, 0x0, 0x0, ...})
	github.com/evanw/esbuild/internal/js_parser/js_parser.go:7703 +0x1c45 fp=0xc000e88e48 sp=0xc000e885a8 pc=0xb1c765
github.com/evanw/esbuild/internal/js_parser.(*parser).parseStmtsUpTo(0xc000c9ca88, 0x12, {0x0, 0x1, 0x0, 0x0, 0x0, 0x0, 0x0, 0x0, ...})
	github.com/evanw/esbuild/internal/js_parser/js_parser.go:8442 +0xdc fp=0xc000e88f90 sp=0xc000e88e48 pc=0xb2463c
github.com/evanw/esbuild/internal/js_parser.(*parser).parseStmt(0xc000c9ca88, {0x0, 0x2, 0x0, 0x0, 0x0, 0x0, 0x0, 0x0, 0x0, ...})
	github.com/evanw/esbuild/internal/js_parser/js_parser.go:8179 +0x3f5b fp=0xc000e89830 sp=0xc000e88f90 pc=0xb1ea7b
github.com/evanw/esbuild/internal/js_parser.(*parser).parseStmt(0xc000c9ca88, {0x0, 0x2, 0x0, 0x0, 0x0, 0x0, 0x0, 0x0, 0x0, ...})
	github.com/evanw/esbuild/internal/js_parser/js_parser.go:7458 +0x19eb fp=0xc000e8a0d0 sp=0xc000e89830 pc=0xb1c50b
github.com/evanw/esbuild/internal/js_parser.(*parser).parseStmt(0xc000c9ca88, {0x0, 0x1, 0x0, 0x0, 0x0, 0x0, 0x0, 0x0, 0x0, ...})
	github.com/evanw/esbuild/internal/js_parser/js_parser.go:7464 +0x1a72 fp=0xc000e8a970 sp=0xc000e8a0d0 pc=0xb1c592
github.com/evanw/esbuild/internal/js_parser.(*parser).parseStmtsUpTo(0xc000c9ca88, 0x12, {0x0, 0x1, 0x0, 0x0, 0x0, 0x0, 0x0, 0x0, ...})
	github.com/evanw/esbuild/internal/js_parser/js_parser.go:8442 +0xdc fp=0xc000e8aab8 sp=0xc000e8a970 pc=0xb2463c
github.com/evanw/esbuild/internal/js_parser.(*parser).parseStmt(0xc000c9ca88, {0x0, 0x2, 0x0, 0x0, 0x0, 0x0, 0x0, 0x0, 0x0, ...})
	github.com/evanw/esbuild/internal/js_parser/js_parser.go:8179 +0x3f5b fp=0xc000e8b358 sp=0xc000e8aab8 pc=0xb1ea7b
github.com/evanw/esbuild/internal/js_parser.(*parser).parseStmt(0xc000c9ca88, {0x0, 0x1, 0x0, 0x0, 0x0, 0x0, 0x0, 0x0, 0x0, ...})
	github.com/evanw/esbuild/internal/js_parser/js_parser.go:7458 +0x19eb fp=0xc000e8bbf8 sp=0xc000e8b358 pc=0xb1c50b
github.com/evanw/esbuild/internal/js_parser.(*parser).parseStmtsUpTo(0xc000c9ca88, 0x12, {0x0, 0x1, 0x0, 0x0, 0x0, 0x0, 0x0, 0x0, ...})
	github.com/evanw/esbuild/internal/js_parser/js_parser.go:8442 +0xdc fp=0xc000e8bd40 sp=0xc000e8bbf8 pc=0xb2463c
github.com/evanw/esbuild/internal/js_parser.(*parser).parseFnBody(0xc000c9ca88, {0x0, 0x0, {{0x0}, 0x0}, {0x925d}, 0x0, 0x0, 0x0, 0x0, ...})
	github.com/evanw/esbuild/internal/js_parser/js_parser.go:8401 +0x171 fp=0xc000e8be20 sp=0xc000e8bd40 pc=0xb24151
github.com/evanw/esbuild/internal/js_parser.(*parser).parseFn(0xc000c9ca88, 0xc000c9ca88?, {{0x7b1db7?}, 0x0?}, 0x0, {0x0, 0x0, {{0x0}, 0x0}, {0x925d}, ...})
	github.com/evanw/esbuild/internal/js_parser/js_parser.go:6294 +0x7b3 fp=0xc000e8bf90 sp=0xc000e8be20 pc=0xb14f53
github.com/evanw/esbuild/internal/js_parser.(*parser).parseFnStmt(0xc000c9ca88, {0x1?}, {0x0, 0x1, 0x1, 0x0, 0x0, 0x0, 0x0, 0x0, ...}, ...)
	github.com/evanw/esbuild/internal/js_parser/js_parser.go:6751 +0x59c fp=0xc000e8c1e8 sp=0xc000e8bf90 pc=0xb1903c
github.com/evanw/esbuild/internal/js_parser.(*parser).parseStmt(0xc000c9ca88, {0x0, 0x1, 0x1, 0x0, 0x0, 0x0, 0x0, 0x0, 0x0, ...})
	github.com/evanw/esbuild/internal/js_parser/js_parser.go:7351 +0x1bfe fp=0xc000e8ca88 sp=0xc000e8c1e8 pc=0xb1c71e
github.com/evanw/esbuild/internal/js_parser.(*parser).parseStmtsUpTo(0xc000c9ca88, 0x0, {0x0, 0x1, 0x1, 0x0, 0x0, 0x0, 0x0, 0x0, ...})
	github.com/evanw/esbuild/internal/js_parser/js_parser.go:8442 +0xdc fp=0xc000e8cbd0 sp=0xc000e8ca88 pc=0xb2463c
github.com/evanw/esbuild/internal/js_parser.Parse({_, _, _, _, _, _}, {{{0xc0004a000d, 0x17}, {0xc0004a000d, 0x17}}, ...}, ...)
	github.com/evanw/esbuild/internal/js_parser/js_parser.go:17542 +0x366 fp=0xc000e8d6b0 sp=0xc000e8cbd0 pc=0xb65826
github.com/evanw/esbuild/internal/cache.(*JSCache).Parse(_, {_, _, _, _, _, _}, {{{0xc0004a000d, 0x17}, {0xc0004a000d, ...}}, ...}, ...)
	github.com/evanw/esbuild/internal/cache/cache_ast.go:170 +0x245 fp=0xc000e8dda8 sp=0xc000e8d6b0 pc=0xbac0a5
github.com/evanw/esbuild/internal/bundler.parseFile({{0xeb20b0, 0xc000e72800}, {0xc000d95d50, 0xc0004bd110, 0xc0004bd128, 0xc000e53220, 0x6, 0xc000e63740}, 0xc000c81208, 0xc000668f00, ...})
	github.com/evanw/esbuild/internal/bundler/bundler.go:265 +0xb45 fp=0xc000e8f608 sp=0xc000e8dda8 pc=0xbea065
github.com/evanw/esbuild/internal/bundler.(*scanner).maybeParseFile.gowrap1()
	github.com/evanw/esbuild/internal/bundler/bundler.go:1620 +0x2fa fp=0xc000e8ffe0 sp=0xc000e8f608 pc=0xbf769a
runtime.goexit({})
	runtime/asm_amd64.s:1700 +0x1 fp=0xc000e8ffe8 sp=0xc000e8ffe0 pc=0x8176c1
created by github.com/evanw/esbuild/internal/bundler.(*scanner).maybeParseFile in goroutine 6217
	github.com/evanw/esbuild/internal/bundler/bundler.go:1620 +0xdae

goroutine 6555 gp=0xc001072c40 m=nil [semacquire]:
runtime.gopark(0x0?, 0x0?, 0x80?, 0x4a?, 0x0?)
	runtime/proc.go:424 +0xce fp=0xc000653140 sp=0xc000653120 pc=0x80f5ee
runtime.goparkunlock(...)
	runtime/proc.go:430
runtime.semacquire1(0xc00266d9a8, 0x0, 0x1, 0x0, 0x12)
	runtime/sema.go:178 +0x232 fp=0xc0006531a8 sp=0xc000653140 pc=0x7ee652
sync.runtime_Semacquire(0x98?)
	runtime/sema.go:71 +0x25 fp=0xc0006531e0 sp=0xc0006531a8 pc=0x810685
sync.(*WaitGroup).Wait(0xc002449840?)
	sync/waitgroup.go:118 +0x48 fp=0xc000653208 sp=0xc0006531e0 pc=0x8311e8
github.com/evanw/esbuild/internal/linker.(*linkerContext).generateChunkJS(0xc001cee160, 0x0?, 0xc0026af990)
	github.com/evanw/esbuild/internal/linker/linker.go:5661 +0x1205 fp=0xc000653fb8 sp=0xc000653208 pc=0xc81d65
github.com/evanw/esbuild/internal/linker.(*linkerContext).generateChunksInParallel.gowrap2()
	github.com/evanw/esbuild/internal/linker/linker.go:618 +0x28 fp=0xc000653fe0 sp=0xc000653fb8 pc=0xc578e8
runtime.goexit({})
	runtime/asm_amd64.s:1700 +0x1 fp=0xc000653fe8 sp=0xc000653fe0 pc=0x8176c1
created by github.com/evanw/esbuild/internal/linker.(*linkerContext).generateChunksInParallel in goroutine 6168
	github.com/evanw/esbuild/internal/linker/linker.go:618 +0x305

goroutine 6537 gp=0xc001073180 m=nil [semacquire]:
runtime.gopark(0xc002236610?, 0x2c41?, 0xa?, 0x1?, 0x7a?)
	runtime/proc.go:424 +0xce fp=0xc002236730 sp=0xc002236710 pc=0x80f5ee
runtime.goparkunlock(...)
	runtime/proc.go:430
runtime.semacquire1(0x119755c, 0x0, 0x0, 0x0, 0x12)
	runtime/sema.go:178 +0x232 fp=0xc002236798 sp=0xc002236730 pc=0x7ee652
runtime.semacquire(...)
	runtime/sema.go:129
runtime.gcMarkDone()
	runtime/mgc.go:861 +0x32 fp=0xc002236838 sp=0xc002236798 pc=0x7b8332
runtime.gcAssistAlloc(0xc001073180)
	runtime/mgcmark.go:552 +0x247 fp=0xc002236898 sp=0xc002236838 pc=0x7bc4a7
runtime.deductAssistCredit(0x7d1965?)
	runtime/malloc.go:1349 +0x54 fp=0xc0022368c0 sp=0xc002236898 pc=0x7ade14
runtime.mallocgc(0x3000, 0x0, 0x0)
	runtime/malloc.go:1037 +0xde fp=0xc002236960 sp=0xc0022368c0 pc=0x80a4be
runtime.growslice(0xc00254b900, 0xc001073180?, 0xc002236ab8?, 0xc002230018?, 0x0?)
	runtime/slice.go:264 +0x5c9 fp=0xc0022369d0 sp=0xc002236960 pc=0x811429
github.com/evanw/esbuild/internal/sourcemap.encodeVLQ(...)
	github.com/evanw/esbuild/internal/sourcemap/sourcemap.go:96
github.com/evanw/esbuild/internal/sourcemap.appendMappingToBuffer({0xc00254b900?, 0xeaa780?, 0xc001b0bf20?}, 0x0?, {0x0, 0x2c7f, 0x0, 0x10a, 0x7a, 0x3, ...}, ...)
	github.com/evanw/esbuild/internal/sourcemap/sourcemap.go:481 +0x1e5 fp=0xc002236a58 sp=0xc0022369d0 pc=0xaebb45
github.com/evanw/esbuild/internal/sourcemap.(*ChunkBuilder).appendMappingWithoutRemapping(0xc00223b4b0, {0x0, 0x2c80, 0x0, 0x10a, 0x7b, 0x0, 0x0})
	github.com/evanw/esbuild/internal/sourcemap/sourcemap.go:836 +0x125 fp=0xc002236b30 sp=0xc002236a58 pc=0xaed005
github.com/evanw/esbuild/internal/sourcemap.(*ChunkBuilder).appendMapping(0xc00223b4b0, {0x0?, 0xc002236ad8?}, {0x0, 0x2c80, 0x0, 0x10a, 0x7b, 0x0, 0x0})
	github.com/evanw/esbuild/internal/sourcemap/sourcemap.go:826 +0x276 fp=0xc002236bb0 sp=0xc002236b30 pc=0xaece96
github.com/evanw/esbuild/internal/sourcemap.(*ChunkBuilder).AddSourceMapping(0xc00223b4b0, {0x3?}, {0x0, 0x0}, {0xc002a26000?, 0xc001b801b0?, 0x0?})
	github.com/evanw/esbuild/internal/sourcemap/sourcemap.go:710 +0x25e fp=0xc002236c28 sp=0xc002236bb0 pc=0xaec71e
github.com/evanw/esbuild/internal/js_printer.(*printer).addSourceMapping(0xc00223b360?, {0xeaa660?})
	github.com/evanw/esbuild/internal/js_printer/js_printer.go:335 +0x3f fp=0xc002236c70 sp=0xc002236c28 pc=0xc1897f
github.com/evanw/esbuild/internal/js_printer.(*printer).printExpr(0xc00223b360, {{0xeaacc0?, 0xc001b05240?}, {0x0?}}, 0x1, 0x0)
	github.com/evanw/esbuild/internal/js_printer/js_printer.go:2444 +0xcc30 fp=0xc002237138 sp=0xc002236c70 pc=0xc36290
github.com/evanw/esbuild/internal/js_printer.(*printer).printExpr(0xc00223b360, {{0xeaa780?, 0xc001b80240?}, {0x6e?}}, 0x1, 0x0)
	github.com/evanw/esbuild/internal/js_printer/js_printer.go:2834 +0xe0cf fp=0xc002237600 sp=0xc002237138 pc=0xc3772f
github.com/evanw/esbuild/internal/js_printer.(*printer).printExprWithoutLeadingNewline(0xc00223b360?, {{0xeaa780?, 0xc001b80240?}, {0x0?}}, 0x0?, 0x2a2?)
	github.com/evanw/esbuild/internal/js_printer/js_printer.go:1986 +0x2ab fp=0xc002237668 sp=0xc002237600 pc=0xc292ab
github.com/evanw/esbuild/internal/js_printer.(*printer).printProperty(0xc00223b360, {0x0, {{0xeaa680, 0xc001b0d9e0}, {0x4bce}}, {{0xeaa780, 0xc001b80240}, {0x4bd8}}, {{0x0, 0x0}, ...}, ...})
	github.com/evanw/esbuild/internal/js_printer/js_printer.go:1328 +0x232a fp=0xc0022377a8 sp=0xc002237668 pc=0xc2254a
github.com/evanw/esbuild/internal/js_printer.(*printer).printExpr(0xc00223b360, {{0xeaa660?, 0xc001b80270?}, {0x2ceb?}}, 0x1, 0x0)
	github.com/evanw/esbuild/internal/js_printer/js_printer.go:2889 +0xd5f8 fp=0xc002237c70 sp=0xc0022377a8 pc=0xc36c58
github.com/evanw/esbuild/internal/js_printer.(*printer).printExpr(0xc00223b360, {{0xeaacc0?, 0xc001b05280?}, {0x0?}}, 0x1, 0x0)
	github.com/evanw/esbuild/internal/js_printer/js_printer.go:2435 +0xc755 fp=0xc002238138 sp=0xc002237c70 pc=0xc35db5
github.com/evanw/esbuild/internal/js_printer.(*printer).printExpr(0xc00223b360, {{0xeaa780?, 0xc001b802d0?}, {0x6e?}}, 0x1, 0x0)
	github.com/evanw/esbuild/internal/js_printer/js_printer.go:2834 +0xe0cf fp=0xc002238600 sp=0xc002238138 pc=0xc3772f
github.com/evanw/esbuild/internal/js_printer.(*printer).printExprWithoutLeadingNewline(0xc00223b360?, {{0xeaa780?, 0xc001b802d0?}, {0x0?}}, 0x0?, 0x254?)
	github.com/evanw/esbuild/internal/js_printer/js_printer.go:1986 +0x2ab fp=0xc002238668 sp=0xc002238600 pc=0xc292ab
github.com/evanw/esbuild/internal/js_printer.(*printer).printProperty(0xc00223b360, {0x0, {{0xeaa680, 0xc001c79800}, {0x3411}}, {{0xeaa780, 0xc001b802d0}, {0x341b}}, {{0x0, 0x0}, ...}, ...})
	github.com/evanw/esbuild/internal/js_printer/js_printer.go:1328 +0x232a fp=0xc0022387a8 sp=0xc002238668 pc=0xc2254a
github.com/evanw/esbuild/internal/js_printer.(*printer).printExpr(0xc00223b360, {{0xeaa660?, 0xc001b80300?}, {0x247c800?}}, 0x1, 0x0)
	github.com/evanw/esbuild/internal/js_printer/js_printer.go:2889 +0xd5f8 fp=0xc002238c70 sp=0xc0022387a8 pc=0xc36c58
github.com/evanw/esbuild/internal/js_printer.(*printer).printExpr(0xc00223b360, {{0xeaacc0?, 0xc001b052c0?}, {0x1?}}, 0x1, 0x0)
	github.com/evanw/esbuild/internal/js_printer/js_printer.go:2435 +0xc755 fp=0xc002239138 sp=0xc002238c70 pc=0xc35db5
github.com/evanw/esbuild/internal/js_printer.(*printer).printExpr(0xc00223b360, {{0xeaa780?, 0xc001b8a240?}, {0x6e?}}, 0x1, 0x0)
	github.com/evanw/esbuild/internal/js_printer/js_printer.go:2834 +0xe0cf fp=0xc002239600 sp=0xc002239138 pc=0xc3772f
github.com/evanw/esbuild/internal/js_printer.(*printer).printExprWithoutLeadingNewline(0xc00223b360?, {{0xeaa780?, 0xc001b8a240?}, {0x0?}}, 0x0?, 0x247?)
	github.com/evanw/esbuild/internal/js_printer/js_printer.go:1986 +0x2ab fp=0xc002239668 sp=0xc002239600 pc=0xc292ab
github.com/evanw/esbuild/internal/js_printer.(*printer).printProperty(0xc00223b360, {0x0, {{0xeaa680, 0xc001a4bc80}, {0x135e}}, {{0xeaa780, 0xc001b8a240}, {0x1368}}, {{0x0, 0x0}, ...}, ...})
	github.com/evanw/esbuild/internal/js_printer/js_printer.go:1328 +0x232a fp=0xc0022397a8 sp=0xc002239668 pc=0xc2254a
github.com/evanw/esbuild/internal/js_printer.(*printer).printExpr(0xc00223b360, {{0xeaa660?, 0xc001b8a270?}, {0xc1897f?}}, 0x1, 0x0)
	github.com/evanw/esbuild/internal/js_printer/js_printer.go:2889 +0xd5f8 fp=0xc002239c70 sp=0xc0022397a8 pc=0xc36c58
github.com/evanw/esbuild/internal/js_printer.(*printer).printExpr(0xc00223b360, {{0xeaacc0?, 0xc001b05f00?}, {0x223a190?}}, 0x0, 0x0)
	github.com/evanw/esbuild/internal/js_printer/js_printer.go:2435 +0xc755 fp=0xc00223a138 sp=0xc002239c70 pc=0xc35db5
github.com/evanw/esbuild/internal/js_printer.(*printer).printExprWithoutLeadingNewline(0xc00223b360?, {{0xeaacc0?, 0xc001b05f00?}, {0x0?}}, 0x0?, 0x247?)
	github.com/evanw/esbuild/internal/js_printer/js_printer.go:1986 +0x2ab fp=0xc00223a1a0 sp=0xc00223a138 pc=0xc292ab
github.com/evanw/esbuild/internal/js_printer.(*printer).printStmt(0xc00223b360, {{0xeaae40?, 0xc001b2e660?}, {0x0?}}, 0x1)
	github.com/evanw/esbuild/internal/js_printer/js_printer.go:4860 +0xd6f9 fp=0xc00223a640 sp=0xc00223a1a0 pc=0xc4cb39
github.com/evanw/esbuild/internal/js_printer.(*printer).printBlock(0xc00223b360, {0x11dede0?}, {{0xc0010a37a0?, 0xc00223a760?, 0x0?}, {0x223a760?}})
	github.com/evanw/esbuild/internal/js_printer/js_printer.go:3780 +0x1e5 fp=0xc00223a6d0 sp=0xc00223a640 pc=0xc3a945
github.com/evanw/esbuild/internal/js_printer.(*printer).printExpr(0xc00223b360, {{0xeaab60?, 0xc001c76910?}, {0x26afc50?}}, 0x1, 0x0)
	github.com/evanw/esbuild/internal/js_printer/js_printer.go:2754 +0x4a9b fp=0xc00223ab98 sp=0xc00223a6d0 pc=0xc2e0fb
github.com/evanw/esbuild/internal/js_printer.(*printer).printExprWithoutLeadingNewline(0xc00223b360?, {{0xeaab60?, 0xc001c76910?}, {0x0?}}, 0x0?, 0x0?)
	github.com/evanw/esbuild/internal/js_printer/js_printer.go:1986 +0x2ab fp=0xc00223ac00 sp=0xc00223ab98 pc=0xc292ab
github.com/evanw/esbuild/internal/js_printer.(*printer).printDecls(0xc00223b360, {0xdc20c1?, 0x0?}, {0xc001b8a690, 0x1, 0x380?}, 0x0)
	github.com/evanw/esbuild/internal/js_printer/js_printer.go:3751 +0x552 fp=0xc00223ac90 sp=0xc00223ac00 pc=0xc3a412
github.com/evanw/esbuild/internal/js_printer.(*printer).printDeclStmt(0xc00223b360, 0x0, {0xdc20c1, 0x5}, {0xc001b8a690, 0x1, 0x1})
	github.com/evanw/esbuild/internal/js_printer/js_printer.go:3708 +0x214 fp=0xc00223ace8 sp=0xc00223ac90 pc=0xc39b34
github.com/evanw/esbuild/internal/js_printer.(*printer).printStmt(0xc00223b360, {{0xeaae60?, 0xc001b83a60?}, {0x0?}}, 0x1)
	github.com/evanw/esbuild/internal/js_printer/js_printer.go:4370 +0x1265 fp=0xc00223b188 sp=0xc00223ace8 pc=0xc406a5
github.com/evanw/esbuild/internal/js_printer.Print({{0x0, {{0x0}, 0x0}, 0x0}, {0xc002431ae0, 0x1, 0x1}, {0x0, 0x0, 0x0}, ...}, ...)
	github.com/evanw/esbuild/internal/js_printer/js_printer.go:5008 +0x7b9 fp=0xc00223b6b0 sp=0xc00223b188 pc=0xc50459
github.com/evanw/esbuild/internal/linker.(*linkerContext).generateCodeForFileInChunkJS(0xc001cee160, {0xeab580, 0xc001bfcc60}, 0xc00266d9a0, {0x1b1fd0?, 0xc0?, 0x7e391b?}, {0x0?, 0x1b1fd0?}, {0x0, ...}, ...)
	github.com/evanw/esbuild/internal/linker/linker.go:4973 +0x142b fp=0xc00223bf58 sp=0xc00223b6b0 pc=0xc7860b
github.com/evanw/esbuild/internal/linker.(*linkerContext).generateChunkJS.gowrap4()
	github.com/evanw/esbuild/internal/linker/linker.go:5600 +0x93 fp=0xc00223bfe0 sp=0xc00223bf58 pc=0xc874b3
runtime.goexit({})
	runtime/asm_amd64.s:1700 +0x1 fp=0xc00223bfe8 sp=0xc00223bfe0 pc=0x8176c1
created by github.com/evanw/esbuild/internal/linker.(*linkerContext).generateChunkJS in goroutine 6555
	github.com/evanw/esbuild/internal/linker/linker.go:5600 +0xb71

goroutine 6383 gp=0xc001073c00 m=nil [semacquire]:
runtime.gopark(0x1?, 0xc000c01b60?, 0x58?, 0x0?, 0xc000c01bc0?)
	runtime/proc.go:424 +0xce fp=0xc000c01b78 sp=0xc000c01b58 pc=0x80f5ee
runtime.goparkunlock(...)
	runtime/proc.go:430
runtime.semacquire1(0x119755c, 0x0, 0x0, 0x0, 0x12)
	runtime/sema.go:178 +0x232 fp=0xc000c01be0 sp=0xc000c01b78 pc=0x7ee652
runtime.semacquire(...)
	runtime/sema.go:129
runtime.gcMarkDone()
	runtime/mgc.go:861 +0x32 fp=0xc000c01c80 sp=0xc000c01be0 pc=0x7b8332
runtime.gcAssistAlloc(0xc001073c00)
	runtime/mgcmark.go:552 +0x247 fp=0xc000c01ce0 sp=0xc000c01c80 pc=0x7bc4a7
runtime.deductAssistCredit(0x53cb0598?)
	runtime/malloc.go:1349 +0x54 fp=0xc000c01d08 sp=0xc000c01ce0 pc=0x7ade14
runtime.mallocgc(0x1f0, 0xd768c0, 0x1)
	runtime/malloc.go:1037 +0xde fp=0xc000c01da8 sp=0xc000c01d08 pc=0x80a4be
runtime.newobject(0x11dede0?)
	runtime/malloc.go:1386 +0x25 fp=0xc000c01dd0 sp=0xc000c01da8 pc=0x7adf05
github.com/evanw/esbuild/internal/graph.CloneLinkerGraph.func1(0x0)
	github.com/evanw/esbuild/internal/graph/graph.go:161 +0x1c8 fp=0xc000c01fc8 sp=0xc000c01dd0 pc=0xbe7108
github.com/evanw/esbuild/internal/graph.CloneLinkerGraph.gowrap1()
	github.com/evanw/esbuild/internal/graph/graph.go:253 +0x23 fp=0xc000c01fe0 sp=0xc000c01fc8 pc=0xbe6f03
runtime.goexit({})
	runtime/asm_amd64.s:1700 +0x1 fp=0xc000c01fe8 sp=0xc000c01fe0 pc=0x8176c1
created by github.com/evanw/esbuild/internal/graph.CloneLinkerGraph in goroutine 6186
	github.com/evanw/esbuild/internal/graph/graph.go:153 +0x219
[31m✗[39m Build failed in 20.15s
[31merror during build:
[31m[vite:esbuild-transpile] The service was stopped[31m
    at D:\Project-job\Spark Projects\sparkstage\node_modules\esbuild\lib\main.js:718:38
    at responseCallbacks.<computed> (D:\Project-job\Spark Projects\sparkstage\node_modules\esbuild\lib\main.js:603:9)
    at Socket.afterClose (D:\Project-job\Spark Projects\sparkstage\node_modules\esbuild\lib\main.js:594:28)
    at Socket.emit (node:events:530:35)
    at endReadableNT (node:internal/streams/readable:1698:12)
    at process.processTicksAndRejections (node:internal/process/task_queues:90:21)[39m
